../Core/Src/arq.c:19:24:NowMs	8	static
../Core/Src/arq.c:22:20:TimePassed	16	static
../Core/Src/arq.c:28:10:Build_Data	72	dynamic
../Core/Src/arq.c:44:10:Build_ACK	24	static
../Core/Src/arq.c:49:10:Build_NAK	24	static
../Core/Src/arq.c:55:6:Handle_Frame	56	static
../Core/Src/arq.c:120:6:ARQ_Init	8	static
../Core/Src/arq.c:127:6:ARQ_SendReliable	32	static
../Core/Src/arq.c:145:6:ARQ_Tick	8	static
../Core/Src/arq.c:180:6:ARQ_OnAckReceived	16	static
../Core/Src/arq.c:189:6:ARQ_OnNakReceived	16	static
../Core/Src/arq.c:206:28:Logic_ProcessUserData	16	static
../Core/Src/arq.c:207:28:Logic_OnSendOk	16	static
../Core/Src/arq.c:208:28:Logic_OnSendFailed	16	static
../Core/Src/arq.c:209:28:ARQ_OnPong	16	static
