../Core/Src/arq.c:19:24:NowMs	8	static
../Core/Src/arq.c:22:20:TimePassed	16	static
../Core/Src/arq.c:28:10:Build_Data	72	dynamic
../Core/Src/arq.c:44:10:Build_ACK	24	static
../Core/Src/arq.c:49:10:Build_NAK	24	static
../Core/Src/arq.c:55:10:Handle_Frame	56	static
../Core/Src/arq.c:104:6:ARQ_Init	8	static
../Core/Src/arq.c:111:6:ARQ_SendReliable	32	static
../Core/Src/arq.c:129:6:ARQ_Tick	8	static
../Core/Src/arq.c:164:6:ARQ_OnAckReceived	16	static
../Core/Src/arq.c:173:6:ARQ_OnNakReceived	16	static
../Core/Src/arq.c:190:28:Logic_ProcessUserData	16	static
../Core/Src/arq.c:191:28:Logic_OnSendOk	16	static
../Core/Src/arq.c:192:28:Logic_OnSendFailed	16	static
../Core/Src/arq.c:193:28:ARQ_OnPong	16	static
