../Core/Src/comms.c:44:20:ParseCommand	16	static
../Core/Src/comms.c:55:6:StartBuzzer	16	static
../Core/Src/comms.c:62:6:UpdateBuzzer	24	static
../Core/Src/comms.c:95:6:CircularBuffer_Init	16	static
../Core/Src/comms.c:100:6:CircularBuffer_Push	24	static
../Core/Src/comms.c:109:6:CircularBuffer_ReadLine	40	static
../Core/Src/comms.c:141:6:Comms_Init	24	static
../Core/Src/comms.c:154:6:Comms_Process	112	static
../Core/Src/comms.c:338:6:Comms_OnUARTReceive	16	static
../Core/Src/comms.c:350:6:Comms_TriggerReset	8	static
