../Core/Src/logic.c:37:20:arq_swap_in	16	static
../Core/Src/logic.c:38:20:arq_swap_out	16	static
../Core/Src/logic.c:62:24:now_ms	8	static
../Core/Src/logic.c:67:13:StartBuzzer	16	static
../Core/Src/logic.c:74:13:UpdateBuzzer	24	static
../Core/Src/logic.c:93:13:inbox_push	32	static
../Core/Src/logic.c:110:20:inbox_peek	16	static
../Core/Src/logic.c:117:20:inbox_pop	8	static
../Core/Src/logic.c:126:13:PumpParser	136	static
../Core/Src/logic.c:161:13:ARQ_SendReliable_ctx	104	static
../Core/Src/logic.c:170:13:ARQ_Tick_ctx	88	static
../Core/Src/logic.c:178:20:ARQ_Tick_Both	8	static
../Core/Src/logic.c:184:13:ARQ_Init_ctx	88	static
../Core/Src/logic.c:194:13:try_send_str_ctx	32	static
../Core/Src/logic.c:212:20:send_left_str	16	static
../Core/Src/logic.c:215:20:send_right_str	16	static
../Core/Src/logic.c:220:6:Logic_OnUARTReceive	16	static
../Core/Src/logic.c:232:6:Logic_Init	24	static
../Core/Src/logic.c:264:13:handle_reset_all	8	static
../Core/Src/logic.c:293:13:maybe_send_ready	8	static
../Core/Src/logic.c:301:13:relay_ready_from_right	8	static
../Core/Src/logic.c:305:13:handle_word_from_left	24	static
../Core/Src/logic.c:325:13:handle_index_from_left	64	static
../Core/Src/logic.c:357:13:handle_start_any_side	8	static
../Core/Src/logic.c:373:13:handle_seq_relay	72	static
../Core/Src/logic.c:398:13:handle_win_any_side	16	static
../Core/Src/logic.c:405:13:first_try_kick_seq	24	static
../Core/Src/logic.c:419:6:Logic_Process	56	static
../Core/Src/logic.c:491:6:Logic_OnSendOk	16	static
../Core/Src/logic.c:492:6:Logic_OnSendFailed	16	static
../Core/Src/logic.c:495:6:Logic_TriggerReset	8	static
