../Core/Src/logic.c:51:24:now_ms	8	static
../Core/Src/logic.c:56:13:StartBuzzer	16	static
../Core/Src/logic.c:63:13:UpdateBuzzer	24	static
../Core/Src/logic.c:81:13:inbox_push	32	static
../Core/Src/logic.c:100:20:inbox_peek	16	static
../Core/Src/logic.c:107:20:inbox_pop	8	static
../Core/Src/logic.c:115:13:PumpParser	72	static
../Core/Src/logic.c:133:20:send_right_str	24	static
../Core/Src/logic.c:136:20:send_left_str	24	static
../Core/Src/logic.c:139:6:Logic_SendReliable	24	static
../Core/Src/logic.c:144:6:Logic_OnUARTReceive	16	static
../Core/Src/logic.c:156:6:Logic_Init	24	static
../Core/Src/logic.c:180:13:handle_reset_all	8	static
../Core/Src/logic.c:190:13:maybe_send_ready	8	static
../Core/Src/logic.c:198:13:relay_ready_from_right	8	static
../Core/Src/logic.c:203:13:handle_word_from_left	24	static
../Core/Src/logic.c:222:13:handle_index_from_left	64	static
../Core/Src/logic.c:254:13:handle_start_any_side	8	static
../Core/Src/logic.c:270:13:handle_seq_relay	80	static
../Core/Src/logic.c:295:13:handle_win_any_side	16	static
../Core/Src/logic.c:302:13:first_try_kick_seq	24	static
../Core/Src/logic.c:316:6:Logic_Process	272	static
../Core/Src/logic.c:383:6:Logic_OnSendOk	16	static
../Core/Src/logic.c:384:6:Logic_OnSendFailed	16	static
../Core/Src/logic.c:387:6:Logic_TriggerReset	8	static
