../Core/Src/main.c:80:5:main	8	static
../Core/Src/main.c:130:6:SystemClock_Config	64	static
../Core/Src/main.c:169:13:MX_I2C1_Init	8	static
../Core/Src/main.c:217:13:MX_TIM1_Init	120	static
../Core/Src/main.c:299:13:MX_TIM3_Init	40	static
../Core/Src/main.c:344:13:MX_USART1_UART_Init	8	static
../Core/Src/main.c:392:13:MX_USART2_UART_Init	8	static
../Core/Src/main.c:428:13:MX_GPIO_Init	48	static
../Core/Src/main.c:482:6:HAL_UART_RxCpltCallback	16	static
../Core/Src/main.c:492:6:Error_Handler	8	static,ignoring_inline_asm
