Archive member included to satisfy reference by file (symbol)

C:/ST/STM32CubeIDE_1.18.1/STM32CubeIDE/plugins/com.st.stm32cube.ide.mcu.externaltools.gnu-tools-for-stm32.13.3.rel1.win32_1.0.0.202411081344/tools/bin/../lib/gcc/arm-none-eabi/13.3.1/../../../../arm-none-eabi/lib/thumb/v6-m/nofp\libc_nano.a(libc_a-exit.o)
                              C:/ST/STM32CubeIDE_1.18.1/STM32CubeIDE/plugins/com.st.stm32cube.ide.mcu.externaltools.gnu-tools-for-stm32.13.3.rel1.win32_1.0.0.202411081344/tools/bin/../lib/gcc/arm-none-eabi/13.3.1/../../../../arm-none-eabi/lib/thumb/v6-m/nofp/crt0.o (exit)
C:/ST/STM32CubeIDE_1.18.1/STM32CubeIDE/plugins/com.st.stm32cube.ide.mcu.externaltools.gnu-tools-for-stm32.13.3.rel1.win32_1.0.0.202411081344/tools/bin/../lib/gcc/arm-none-eabi/13.3.1/../../../../arm-none-eabi/lib/thumb/v6-m/nofp\libc_nano.a(libc_a-findfp.o)
                              C:/ST/STM32CubeIDE_1.18.1/STM32CubeIDE/plugins/com.st.stm32cube.ide.mcu.externaltools.gnu-tools-for-stm32.13.3.rel1.win32_1.0.0.202411081344/tools/bin/../lib/gcc/arm-none-eabi/13.3.1/../../../../arm-none-eabi/lib/thumb/v6-m/nofp\libc_nano.a(libc_a-exit.o) (__stdio_exit_handler)
C:/ST/STM32CubeIDE_1.18.1/STM32CubeIDE/plugins/com.st.stm32cube.ide.mcu.externaltools.gnu-tools-for-stm32.13.3.rel1.win32_1.0.0.202411081344/tools/bin/../lib/gcc/arm-none-eabi/13.3.1/../../../../arm-none-eabi/lib/thumb/v6-m/nofp\libc_nano.a(libc_a-fwalk.o)
                              C:/ST/STM32CubeIDE_1.18.1/STM32CubeIDE/plugins/com.st.stm32cube.ide.mcu.externaltools.gnu-tools-for-stm32.13.3.rel1.win32_1.0.0.202411081344/tools/bin/../lib/gcc/arm-none-eabi/13.3.1/../../../../arm-none-eabi/lib/thumb/v6-m/nofp\libc_nano.a(libc_a-findfp.o) (_fwalk_sglue)
C:/ST/STM32CubeIDE_1.18.1/STM32CubeIDE/plugins/com.st.stm32cube.ide.mcu.externaltools.gnu-tools-for-stm32.13.3.rel1.win32_1.0.0.202411081344/tools/bin/../lib/gcc/arm-none-eabi/13.3.1/../../../../arm-none-eabi/lib/thumb/v6-m/nofp\libc_nano.a(libc_a-snprintf.o)
                              ./Core/Src/logic.o (snprintf)
C:/ST/STM32CubeIDE_1.18.1/STM32CubeIDE/plugins/com.st.stm32cube.ide.mcu.externaltools.gnu-tools-for-stm32.13.3.rel1.win32_1.0.0.202411081344/tools/bin/../lib/gcc/arm-none-eabi/13.3.1/../../../../arm-none-eabi/lib/thumb/v6-m/nofp\libc_nano.a(libc_a-stdio.o)
                              C:/ST/STM32CubeIDE_1.18.1/STM32CubeIDE/plugins/com.st.stm32cube.ide.mcu.externaltools.gnu-tools-for-stm32.13.3.rel1.win32_1.0.0.202411081344/tools/bin/../lib/gcc/arm-none-eabi/13.3.1/../../../../arm-none-eabi/lib/thumb/v6-m/nofp\libc_nano.a(libc_a-findfp.o) (__sread)
C:/ST/STM32CubeIDE_1.18.1/STM32CubeIDE/plugins/com.st.stm32cube.ide.mcu.externaltools.gnu-tools-for-stm32.13.3.rel1.win32_1.0.0.202411081344/tools/bin/../lib/gcc/arm-none-eabi/13.3.1/../../../../arm-none-eabi/lib/thumb/v6-m/nofp\libc_nano.a(libc_a-memset.o)
                              C:/ST/STM32CubeIDE_1.18.1/STM32CubeIDE/plugins/com.st.stm32cube.ide.mcu.externaltools.gnu-tools-for-stm32.13.3.rel1.win32_1.0.0.202411081344/tools/bin/../lib/gcc/arm-none-eabi/13.3.1/../../../../arm-none-eabi/lib/thumb/v6-m/nofp/crt0.o (memset)
C:/ST/STM32CubeIDE_1.18.1/STM32CubeIDE/plugins/com.st.stm32cube.ide.mcu.externaltools.gnu-tools-for-stm32.13.3.rel1.win32_1.0.0.202411081344/tools/bin/../lib/gcc/arm-none-eabi/13.3.1/../../../../arm-none-eabi/lib/thumb/v6-m/nofp\libc_nano.a(libc_a-strncmp.o)
                              ./Core/Src/logic.o (strncmp)
C:/ST/STM32CubeIDE_1.18.1/STM32CubeIDE/plugins/com.st.stm32cube.ide.mcu.externaltools.gnu-tools-for-stm32.13.3.rel1.win32_1.0.0.202411081344/tools/bin/../lib/gcc/arm-none-eabi/13.3.1/../../../../arm-none-eabi/lib/thumb/v6-m/nofp\libc_nano.a(libc_a-strncpy.o)
                              ./Core/Src/logic.o (strncpy)
C:/ST/STM32CubeIDE_1.18.1/STM32CubeIDE/plugins/com.st.stm32cube.ide.mcu.externaltools.gnu-tools-for-stm32.13.3.rel1.win32_1.0.0.202411081344/tools/bin/../lib/gcc/arm-none-eabi/13.3.1/../../../../arm-none-eabi/lib/thumb/v6-m/nofp\libc_nano.a(libc_a-closer.o)
                              C:/ST/STM32CubeIDE_1.18.1/STM32CubeIDE/plugins/com.st.stm32cube.ide.mcu.externaltools.gnu-tools-for-stm32.13.3.rel1.win32_1.0.0.202411081344/tools/bin/../lib/gcc/arm-none-eabi/13.3.1/../../../../arm-none-eabi/lib/thumb/v6-m/nofp\libc_nano.a(libc_a-stdio.o) (_close_r)
C:/ST/STM32CubeIDE_1.18.1/STM32CubeIDE/plugins/com.st.stm32cube.ide.mcu.externaltools.gnu-tools-for-stm32.13.3.rel1.win32_1.0.0.202411081344/tools/bin/../lib/gcc/arm-none-eabi/13.3.1/../../../../arm-none-eabi/lib/thumb/v6-m/nofp\libc_nano.a(libc_a-reent.o)
                              C:/ST/STM32CubeIDE_1.18.1/STM32CubeIDE/plugins/com.st.stm32cube.ide.mcu.externaltools.gnu-tools-for-stm32.13.3.rel1.win32_1.0.0.202411081344/tools/bin/../lib/gcc/arm-none-eabi/13.3.1/../../../../arm-none-eabi/lib/thumb/v6-m/nofp\libc_nano.a(libc_a-closer.o) (errno)
[...]
Memory Configuration

Name             Origin             Length             Attributes
RAM              0x20000000         0x00003000         xrw
FLASH            0x08000000         0x00008000         xr
*default*        0x00000000         0xffffffff

Linker script and memory map

LOAD C:/ST/STM32CubeIDE_1.18.1/STM32CubeIDE/plugins/com.st.stm32cube.ide.mcu.externaltools.gnu-tools-for-stm32.13.3.rel1.win32_1.0.0.202411081344/tools/bin/../lib/gcc/arm-none-eabi/13.3.1/thumb/v6-m/nofp/crti.o
LOAD C:/ST/STM32CubeIDE_1.18.1/STM32CubeIDE/plugins/com.st.stm32cube.ide.mcu.externaltools.gnu-tools-for-stm32.13.3.rel1.win32_1.0.0.202411081344/tools/bin/../lib/gcc/arm-none-eabi/13.3.1/thumb/v6-m/nofp/crtbegin.o
LOAD C:/ST/STM32CubeIDE_1.18.1/STM32CubeIDE/plugins/com.st.stm32cube.ide.mcu.externaltools.gnu-tools-for-stm32.13.3.rel1.win32_1.0.0.202411081344/tools/bin/../lib/gcc/arm-none-eabi/13.3.1/../../../../arm-none-eabi/lib/thumb/v6-m/nofp/crt0.o
LOAD ./Core/Src/arq.o
LOAD ./Core/Src/braille_driver.o
LOAD ./Core/Src/frame.o
LOAD ./Core/Src/logic.o
LOAD ./Core/Src/main.o
LOAD ./Core/Src/stm32c0xx_hal_msp.o
LOAD ./Core/Src/stm32c0xx_it.o
LOAD ./Core/Src/syscalls.o
LOAD ./Core/Src/sysmem.o
LOAD ./Core/Src/system_stm32c0xx.o
LOAD ./Core/Startup/startup_stm32c031g6ux.o
LOAD ./Drivers/STM32C0xx_HAL_Driver/Src/stm32c0xx_hal.o
LOAD ./Drivers/STM32C0xx_HAL_Driver/Src/stm32c0xx_hal_cortex.o
LOAD ./Drivers/STM32C0xx_HAL_Driver/Src/stm32c0xx_hal_dma.o
LOAD ./Drivers/STM32C0xx_HAL_Driver/Src/stm32c0xx_hal_dma_ex.o
LOAD ./Drivers/STM32C0xx_HAL_Driver/Src/stm32c0xx_hal_exti.o
LOAD ./Drivers/STM32C0xx_HAL_Driver/Src/stm32c0xx_hal_flash.o
LOAD ./Drivers/STM32C0xx_HAL_Driver/Src/stm32c0xx_hal_flash_ex.o
LOAD ./Drivers/STM32C0xx_HAL_Driver/Src/stm32c0xx_hal_gpio.o
LOAD ./Drivers/STM32C0xx_HAL_Driver/Src/stm32c0xx_hal_i2c.o
LOAD ./Drivers/STM32C0xx_HAL_Driver/Src/stm32c0xx_hal_i2c_ex.o
LOAD ./Drivers/STM32C0xx_HAL_Driver/Src/stm32c0xx_hal_pwr.o
LOAD ./Drivers/STM32C0xx_HAL_Driver/Src/stm32c0xx_hal_pwr_ex.o
LOAD ./Drivers/STM32C0xx_HAL_Driver/Src/stm32c0xx_hal_rcc.o
LOAD ./Drivers/STM32C0xx_HAL_Driver/Src/stm32c0xx_hal_rcc_ex.o
LOAD ./Drivers/STM32C0xx_HAL_Driver/Src/stm32c0xx_hal_tim.o
LOAD ./Drivers/STM32C0xx_HAL_Driver/Src/stm32c0xx_hal_tim_ex.o
LOAD ./Drivers/STM32C0xx_HAL_Driver/Src/stm32c0xx_hal_uart.o
LOAD ./Drivers/STM32C0xx_HAL_Driver/Src/stm32c0xx_hal_uart_ex.o
START GROUP
LOAD C:/ST/STM32CubeIDE_1.18.1/STM32CubeIDE/plugins/com.st.stm32cube.ide.mcu.externaltools.gnu-tools-for-stm32.13.3.rel1.win32_1.0.0.202411081344/tools/bin/../lib/gcc/arm-none-eabi/13.3.1/../../../../arm-none-eabi/lib/thumb/v6-m/nofp\libc_nano.a
LOAD C:/ST/STM32CubeIDE_1.18.1/STM32CubeIDE/plugins/com.st.stm32cube.ide.mcu.externaltools.gnu-tools-for-stm32.13.3.rel1.win32_1.0.0.202411081344/tools/bin/../lib/gcc/arm-none-eabi/13.3.1/../../../../arm-none-eabi/lib/thumb/v6-m/nofp\libm.a
END GROUP
START GROUP
LOAD C:/ST/STM32CubeIDE_1.18.1/STM32CubeIDE/plugins/com.st.stm32cube.ide.mcu.externaltools.gnu-tools-for-stm32.13.3.rel1.win32_1.0.0.202411081344/tools/bin/../lib/gcc/arm-none-eabi/13.3.1/thumb/v6-m/nofp\libgcc.a
LOAD C:/ST/STM32CubeIDE_1.18.1/STM32CubeIDE/plugins/com.st.stm32cube.ide.mcu.externaltools.gnu-tools-for-stm32.13.3.rel1.win32_1.0.0.202411081344/tools/bin/../lib/gcc/arm-none-eabi/13.3.1/../../../../arm-none-eabi/lib/thumb/v6-m/nofp\libc_nano.a
END GROUP
START GROUP
LOAD C:/ST/STM32CubeIDE_1.18.1/STM32CubeIDE/plugins/com.st.stm32cube.ide.mcu.externaltools.gnu-tools-for-stm32.13.3.rel1.win32_1.0.0.202411081344/tools/bin/../lib/gcc/arm-none-eabi/13.3.1/thumb/v6-m/nofp\libgcc.a
LOAD C:/ST/STM32CubeIDE_1.18.1/STM32CubeIDE/plugins/com.st.stm32cube.ide.mcu.externaltools.gnu-tools-for-stm32.13.3.rel1.win32_1.0.0.202411081344/tools/bin/../lib/gcc/arm-none-eabi/13.3.1/../../../../arm-none-eabi/lib/thumb/v6-m/nofp\libc_nano.a
LOAD C:/ST/STM32CubeIDE_1.18.1/STM32CubeIDE/plugins/com.st.stm32cube.ide.mcu.externaltools.gnu-tools-for-stm32.13.3.rel1.win32_1.0.0.202411081344/tools/bin/../lib/gcc/arm-none-eabi/13.3.1/../../../../arm-none-eabi/lib/thumb/v6-m/nofp\libnosys.a
END GROUP
START GROUP
LOAD C:/ST/STM32CubeIDE_1.18.1/STM32CubeIDE/plugins/com.st.stm32cube.ide.mcu.externaltools.gnu-tools-for-stm32.13.3.rel1.win32_1.0.0.202411081344/tools/bin/../lib/gcc/arm-none-eabi/13.3.1/thumb/v6-m/nofp\libgcc.a
LOAD C:/ST/STM32CubeIDE_1.18.1/STM32CubeIDE/plugins/com.st.stm32cube.ide.mcu.externaltools.gnu-tools-for-stm32.13.3.rel1.win32_1.0.0.202411081344/tools/bin/../lib/gcc/arm-none-eabi/13.3.1/../../../../arm-none-eabi/lib/thumb/v6-m/nofp\libc_nano.a
LOAD C:/ST/STM32CubeIDE_1.18.1/STM32CubeIDE/plugins/com.st.stm32cube.ide.mcu.externaltools.gnu-tools-for-stm32.13.3.rel1.win32_1.0.0.202411081344/tools/bin/../lib/gcc/arm-none-eabi/13.3.1/../../../../arm-none-eabi/lib/thumb/v6-m/nofp\libnosys.a
END GROUP
LOAD C:/ST/STM32CubeIDE_1.18.1/STM32CubeIDE/plugins/com.st.stm32cube.ide.mcu.externaltools.gnu-tools-for-stm32.13.3.rel1.win32_1.0.0.202411081344/tools/bin/../lib/gcc/arm-none-eabi/13.3.1/thumb/v6-m/nofp/crtend.o
LOAD C:/ST/STM32CubeIDE_1.18.1/STM32CubeIDE/plugins/com.st.stm32cube.ide.mcu.externaltools.gnu-tools-for-stm32.13.3.rel1.win32_1.0.0.202411081344/tools/bin/../lib/gcc/arm-none-eabi/13.3.1/thumb/v6-m/nofp/crtn.o
                0x20003000                        _estack = (ORIGIN (RAM) + LENGTH (RAM))
                0x00000200                        _Min_Heap_Size = 0x200
                0x00000400                        _Min_Stack_Size = 0x400

.isr_vector     0x08000000       0xc0
                0x08000000                        . = ALIGN (0x4)
 *(.isr_vector)
 .isr_vector    0x08000000       0xc0 ./Core/Startup/startup_stm32c031g6ux.o
                0x08000000                g_pfnVectors
                0x080000c0                        . = ALIGN (0x4)

.text           0x080000c0     0x78c8
                0x080000c0                        . = ALIGN (0x4)
 *(.text)
 .text          0x080000c0       0x48 C:/ST/STM32CubeIDE_1.18.1/STM32CubeIDE/plugins/com.st.stm32cube.ide.mcu.externaltools.gnu-tools-for-stm32.13.3.rel1.win32_1.0.0.202411081344/tools/bin/../lib/gcc/arm-none-eabi/13.3.1/thumb/v6-m/nofp/crtbegin.o
 .text          0x08000108        0xe C:/ST/STM32CubeIDE_1.18.1/STM32CubeIDE/plugins/com.st.stm32cube.ide.mcu.externaltools.gnu-tools-for-stm32.13.3.rel1.win32_1.0.0.202411081344/tools/bin/../lib/gcc/arm-none-eabi/13.3.1/../../../../arm-none-eabi/lib/thumb/v6-m/nofp\libc_nano.a(libc_a-strlen.o)
                0x08000108                strlen
 *fill*         0x08000116        0x2 
 .text          0x08000118       0x14 C:/ST/STM32CubeIDE_1.18.1/STM32CubeIDE/plugins/com.st.stm32cube.ide.mcu.externaltools.gnu-tools-for-stm32.13.3.rel1.win32_1.0.0.202411081344/tools/bin/../lib/gcc/arm-none-eabi/13.3.1/thumb/v6-m/nofp\libgcc.a(_thumb1_case_shi.o)
                0x08000118                __gnu_thumb1_case_shi
 .text          0x0800012c      0x114 C:/ST/STM32CubeIDE_1.18.1/STM32CubeIDE/plugins/com.st.stm32cube.ide.mcu.externaltools.gnu-tools-for-stm32.13.3.rel1.win32_1.0.0.202411081344/tools/bin/../lib/gcc/arm-none-eabi/13.3.1/thumb/v6-m/nofp\libgcc.a(_udivsi3.o)
                0x0800012c                __aeabi_uidiv
                0x0800012c                __udivsi3
                0x08000238                __aeabi_uidivmod
 .text          0x08000240      0x1d4 C:/ST/STM32CubeIDE_1.18.1/STM32CubeIDE/plugins/com.st.stm32cube.ide.mcu.externaltools.gnu-tools-for-stm32.13.3.rel1.win32_1.0.0.202411081344/tools/bin/../lib/gcc/arm-none-eabi/13.3.1/thumb/v6-m/nofp\libgcc.a(_divsi3.o)
                0x08000240                __divsi3
                0x08000240                __aeabi_idiv
                0x0800040c                __aeabi_idivmod
 .text          0x08000414        0x4 C:/ST/STM32CubeIDE_1.18.1/STM32CubeIDE/plugins/com.st.stm32cube.ide.mcu.externaltools.gnu-tools-for-stm32.13.3.rel1.win32_1.0.0.202411081344/tools/bin/../lib/gcc/arm-none-eabi/13.3.1/thumb/v6-m/nofp\libgcc.a(_dvmd_tls.o)
                0x08000414                __aeabi_idiv0
                0x08000414                __aeabi_ldiv0
 *(.text*)
 .text.NowMs    0x08000418       0x10 ./Core/Src/arq.o
 .text.TimePassed
                0x08000428       0x1e ./Core/Src/arq.o
 .text.Build_Data
                0x08000446      0x114 ./Core/Src/arq.o
                0x08000446                Build_Data
 .text.Build_ACK
                0x0800055a       0x44 ./Core/Src/arq.o
                0x0800055a                Build_ACK
 *fill*         0x0800059e        0x2 
 .text.Handle_Frame
                0x080005a0      0x15c ./Core/Src/arq.o
                0x080005a0                Handle_Frame
 .text.ARQ_Init
                0x080006fc       0x2c ./Core/Src/arq.o
                0x080006fc                ARQ_Init
 .text.ARQ_SendReliable
                0x08000728       0xa4 ./Core/Src/arq.o
                0x08000728                ARQ_SendReliable
 .text.ARQ_Tick
                0x080007cc       0xa4 ./Core/Src/arq.o
                0x080007cc                ARQ_Tick
 .text.ARQ_OnAckReceived
                0x08000870       0x48 ./Core/Src/arq.o
                0x08000870                ARQ_OnAckReceived
 .text.ARQ_OnNakReceived
                0x080008b8       0x8c ./Core/Src/arq.o
                0x080008b8                ARQ_OnNakReceived
 .text.ARQ_OnPong
                0x08000944       0x14 ./Core/Src/arq.o
                0x08000944                ARQ_OnPong
 .text.Braille_DebugUpdateAllPins
                0x08000958      0x164 ./Core/Src/braille_driver.o
                0x08000958                Braille_DebugUpdateAllPins
 .text.Braille_IdleDot
                0x08000abc       0x5c ./Core/Src/braille_driver.o
 .text.Braille_MoveDot
                0x08000b18       0x74 ./Core/Src/braille_driver.o
 .text.Braille_GetCharPattern
                0x08000b8c       0x38 ./Core/Src/braille_driver.o
 .text.Braille_Init
                0x08000bc4       0x38 ./Core/Src/braille_driver.o
                0x08000bc4                Braille_Init
 .text.Braille_Display
                0x08000bfc       0x48 ./Core/Src/braille_driver.o
                0x08000bfc                Braille_Display
 .text.Braille_Update
                0x08000c44      0x100 ./Core/Src/braille_driver.o
                0x08000c44                Braille_Update
 .text.cb_next  0x08000d44       0x30 ./Core/Src/frame.o
 .text.CircularBuffer_Init
                0x08000d74       0x2c ./Core/Src/frame.o
                0x08000d74                CircularBuffer_Init
 .text.FP_Init  0x08000da0       0x56 ./Core/Src/frame.o
                0x08000da0                FP_Init
 .text.CircularBuffer_Push
                0x08000df6       0x72 ./Core/Src/frame.o
                0x08000df6                CircularBuffer_Push
 .text.cb_try_get
                0x08000e68       0x56 ./Core/Src/frame.o
 *fill*         0x08000ebe        0x2 
 .text.crc16_ccitt
                0x08000ec0       0xb0 ./Core/Src/frame.o
 .text.crc16_ccitt_update
                0x08000f70       0x78 ./Core/Src/frame.o
 .text.FP_Tick  0x08000fe8      0x2f8 ./Core/Src/frame.o
                0x08000fe8                FP_Tick
 .text.UART_BuildFrame
                0x080012e0      0x172 ./Core/Src/frame.o
                0x080012e0                UART_BuildFrame
 .text.Comms_SendFrame
                0x08001452       0x48 ./Core/Src/frame.o
                0x08001452                Comms_SendFrame
 .text.now_ms   0x0800149a       0x10 ./Core/Src/logic.o
 *fill*         0x080014aa        0x2 
 .text.StartBuzzer
                0x080014ac       0x44 ./Core/Src/logic.o
 .text.UpdateBuzzer
                0x080014f0       0x94 ./Core/Src/logic.o
 .text.inbox_push
                0x08001584       0xd4 ./Core/Src/logic.o
 .text.inbox_peek
                0x08001658       0x3c ./Core/Src/logic.o
 .text.inbox_pop
                0x08001694       0x48 ./Core/Src/logic.o
 .text.PumpParser
                0x080016dc       0xb8 ./Core/Src/logic.o
 .text.send_right_str
                0x08001794       0x30 ./Core/Src/logic.o
 .text.send_left_str
                0x080017c4       0x30 ./Core/Src/logic.o
 .text.Logic_SendReliable
                0x080017f4       0x26 ./Core/Src/logic.o
                0x080017f4                Logic_SendReliable
 *fill*         0x0800181a        0x2 
 .text.Logic_OnUARTReceive
                0x0800181c       0x78 ./Core/Src/logic.o
                0x0800181c                Logic_OnUARTReceive
 .text.Logic_Init
                0x08001894      0x10c ./Core/Src/logic.o
                0x08001894                Logic_Init
 .text.handle_reset_all
                0x080019a0      0x110 ./Core/Src/logic.o
 .text.maybe_send_ready
                0x08001ab0       0x38 ./Core/Src/logic.o
 .text.relay_ready_from_right
                0x08001ae8       0x18 ./Core/Src/logic.o
 .text.handle_word_from_left
                0x08001b00       0xc0 ./Core/Src/logic.o
 .text.handle_index_from_left
                0x08001bc0      0x11c ./Core/Src/logic.o
 .text.handle_start_any_side
                0x08001cdc       0x60 ./Core/Src/logic.o
 .text.handle_seq_relay
                0x08001d3c       0xd8 ./Core/Src/logic.o
 .text.handle_win_any_side
                0x08001e14       0x5c ./Core/Src/logic.o
 .text.first_try_kick_seq
                0x08001e70       0x98 ./Core/Src/logic.o
 .text.Logic_Process
                0x08001f08      0x21c ./Core/Src/logic.o
                0x08001f08                Logic_Process
 .text.Logic_OnSendOk
                0x08002124       0x14 ./Core/Src/logic.o
                0x08002124                Logic_OnSendOk
 .text.Logic_OnSendFailed
                0x08002138       0x14 ./Core/Src/logic.o
                0x08002138                Logic_OnSendFailed
 .text.main     0x0800214c       0x6c ./Core/Src/main.o
                0x0800214c                main
 .text.SystemClock_Config
                0x080021b8       0x98 ./Core/Src/main.o
                0x080021b8                SystemClock_Config
 .text.MX_I2C1_Init
                0x08002250       0x80 ./Core/Src/main.o
 .text.MX_TIM1_Init
                0x080022d0      0x198 ./Core/Src/main.o
 .text.MX_TIM3_Init
                0x08002468       0xb0 ./Core/Src/main.o
 .text.MX_USART1_UART_Init
                0x08002518       0x9c ./Core/Src/main.o
 .text.MX_USART2_UART_Init
                0x080025b4       0x68 ./Core/Src/main.o
 .text.MX_GPIO_Init
                0x0800261c      0x10c ./Core/Src/main.o
 .text.HAL_UART_RxCpltCallback
                0x08002728       0x18 ./Core/Src/main.o
                0x08002728                HAL_UART_RxCpltCallback
 .text.Error_Handler
                0x08002740        0xc ./Core/Src/main.o
                0x08002740                Error_Handler
 .text.HAL_MspInit
                0x0800274c       0x48 ./Core/Src/stm32c0xx_hal_msp.o
                0x0800274c                HAL_MspInit
 .text.HAL_I2C_MspInit
                0x08002794       0xc4 ./Core/Src/stm32c0xx_hal_msp.o
                0x08002794                HAL_I2C_MspInit
 .text.HAL_TIM_Base_MspInit
                0x08002858       0x68 ./Core/Src/stm32c0xx_hal_msp.o
                0x08002858                HAL_TIM_Base_MspInit
 .text.HAL_TIM_MspPostInit
                0x080028c0       0x7c ./Core/Src/stm32c0xx_hal_msp.o
                0x080028c0                HAL_TIM_MspPostInit
 .text.HAL_UART_MspInit
                0x0800293c      0x1a0 ./Core/Src/stm32c0xx_hal_msp.o
                0x0800293c                HAL_UART_MspInit
 .text.NMI_Handler
                0x08002adc        0x8 ./Core/Src/stm32c0xx_it.o
                0x08002adc                NMI_Handler
 .text.HardFault_Handler
                0x08002ae4        0x8 ./Core/Src/stm32c0xx_it.o
                0x08002ae4                HardFault_Handler
 .text.SVC_Handler
                0x08002aec        0xa ./Core/Src/stm32c0xx_it.o
                0x08002aec                SVC_Handler
 .text.PendSV_Handler
                0x08002af6        0xa ./Core/Src/stm32c0xx_it.o
                0x08002af6                PendSV_Handler
 .text.SysTick_Handler
                0x08002b00        0xe ./Core/Src/stm32c0xx_it.o
                0x08002b00                SysTick_Handler
 *fill*         0x08002b0e        0x2 
 .text.USART1_IRQHandler
                0x08002b10       0x18 ./Core/Src/stm32c0xx_it.o
                0x08002b10                USART1_IRQHandler
 .text.USART2_IRQHandler
                0x08002b28       0x18 ./Core/Src/stm32c0xx_it.o
                0x08002b28                USART2_IRQHandler
 .text._sbrk    0x08002b40       0x6c ./Core/Src/sysmem.o
                0x08002b40                _sbrk
 .text.SystemInit
                0x08002bac       0x18 ./Core/Src/system_stm32c0xx.o
                0x08002bac                SystemInit
 .text.Reset_Handler
                0x08002bc4       0x50 ./Core/Startup/startup_stm32c031g6ux.o
                0x08002bc4                Reset_Handler
 .text.Default_Handler
                0x08002c14        0x2 ./Core/Startup/startup_stm32c031g6ux.o
                0x08002c14                TIM1_CC_IRQHandler
                0x08002c14                I2C1_IRQHandler
                0x08002c14                DMAMUX1_IRQHandler
                0x08002c14                SPI1_IRQHandler
                0x08002c14                EXTI2_3_IRQHandler
                0x08002c14                ADC1_IRQHandler
                0x08002c14                TIM17_IRQHandler
                0x08002c14                RTC_IRQHandler
                0x08002c14                TIM16_IRQHandler
                0x08002c14                TIM3_IRQHandler
                0x08002c14                EXTI4_15_IRQHandler
                0x08002c14                RCC_IRQHandler
                0x08002c14                DMA1_Channel1_IRQHandler
                0x08002c14                Default_Handler
                0x08002c14                TIM14_IRQHandler
                0x08002c14                EXTI0_1_IRQHandler
                0x08002c14                WWDG_IRQHandler
                0x08002c14                DMA1_Channel2_3_IRQHandler
                0x08002c14                FLASH_IRQHandler
                0x08002c14                TIM1_BRK_UP_TRG_COM_IRQHandler
 .text.HAL_Init
                0x08002c16       0x2e ./Drivers/STM32C0xx_HAL_Driver/Src/stm32c0xx_hal.o
                0x08002c16                HAL_Init
 .text.HAL_InitTick
                0x08002c44       0x94 ./Drivers/STM32C0xx_HAL_Driver/Src/stm32c0xx_hal.o
                0x08002c44                HAL_InitTick
 .text.HAL_IncTick
                0x08002cd8       0x24 ./Drivers/STM32C0xx_HAL_Driver/Src/stm32c0xx_hal.o
                0x08002cd8                HAL_IncTick
 .text.HAL_GetTick
                0x08002cfc       0x14 ./Drivers/STM32C0xx_HAL_Driver/Src/stm32c0xx_hal.o
                0x08002cfc                HAL_GetTick
 .text.__NVIC_EnableIRQ
                0x08002d10       0x34 ./Drivers/STM32C0xx_HAL_Driver/Src/stm32c0xx_hal_cortex.o
 .text.__NVIC_SetPriority
                0x08002d44       0xdc ./Drivers/STM32C0xx_HAL_Driver/Src/stm32c0xx_hal_cortex.o
 .text.SysTick_Config
                0x08002e20       0x48 ./Drivers/STM32C0xx_HAL_Driver/Src/stm32c0xx_hal_cortex.o
 .text.HAL_NVIC_SetPriority
                0x08002e68       0x2a ./Drivers/STM32C0xx_HAL_Driver/Src/stm32c0xx_hal_cortex.o
                0x08002e68                HAL_NVIC_SetPriority
 .text.HAL_NVIC_EnableIRQ
                0x08002e92       0x20 ./Drivers/STM32C0xx_HAL_Driver/Src/stm32c0xx_hal_cortex.o
                0x08002e92                HAL_NVIC_EnableIRQ
 .text.HAL_SYSTICK_Config
                0x08002eb2       0x1a ./Drivers/STM32C0xx_HAL_Driver/Src/stm32c0xx_hal_cortex.o
                0x08002eb2                HAL_SYSTICK_Config
 .text.HAL_DMA_Abort
                0x08002ecc       0xc4 ./Drivers/STM32C0xx_HAL_Driver/Src/stm32c0xx_hal_dma.o
                0x08002ecc                HAL_DMA_Abort
 .text.HAL_DMA_Abort_IT
                0x08002f90       0xf4 ./Drivers/STM32C0xx_HAL_Driver/Src/stm32c0xx_hal_dma.o
                0x08002f90                HAL_DMA_Abort_IT
 .text.HAL_GPIO_Init
                0x08003084      0x2e4 ./Drivers/STM32C0xx_HAL_Driver/Src/stm32c0xx_hal_gpio.o
                0x08003084                HAL_GPIO_Init
 .text.HAL_GPIO_ReadPin
                0x08003368       0x3a ./Drivers/STM32C0xx_HAL_Driver/Src/stm32c0xx_hal_gpio.o
                0x08003368                HAL_GPIO_ReadPin
 .text.HAL_GPIO_WritePin
                0x080033a2       0x3a ./Drivers/STM32C0xx_HAL_Driver/Src/stm32c0xx_hal_gpio.o
                0x080033a2                HAL_GPIO_WritePin
 .text.HAL_I2C_Init
                0x080033dc      0x14c ./Drivers/STM32C0xx_HAL_Driver/Src/stm32c0xx_hal_i2c.o
                0x080033dc                HAL_I2C_Init
 .text.HAL_I2CEx_ConfigAnalogFilter
                0x08003528       0x98 ./Drivers/STM32C0xx_HAL_Driver/Src/stm32c0xx_hal_i2c_ex.o
                0x08003528                HAL_I2CEx_ConfigAnalogFilter
 .text.HAL_I2CEx_ConfigDigitalFilter
                0x080035c0       0x98 ./Drivers/STM32C0xx_HAL_Driver/Src/stm32c0xx_hal_i2c_ex.o
                0x080035c0                HAL_I2CEx_ConfigDigitalFilter
 .text.HAL_RCC_OscConfig
                0x08003658      0x3c8 ./Drivers/STM32C0xx_HAL_Driver/Src/stm32c0xx_hal_rcc.o
                0x08003658                HAL_RCC_OscConfig
 .text.HAL_RCC_ClockConfig
                0x08003a20      0x200 ./Drivers/STM32C0xx_HAL_Driver/Src/stm32c0xx_hal_rcc.o
                0x08003a20                HAL_RCC_ClockConfig
 .text.HAL_RCC_GetSysClockFreq
                0x08003c20       0x84 ./Drivers/STM32C0xx_HAL_Driver/Src/stm32c0xx_hal_rcc.o
                0x08003c20                HAL_RCC_GetSysClockFreq
 .text.HAL_RCC_GetHCLKFreq
                0x08003ca4       0x3c ./Drivers/STM32C0xx_HAL_Driver/Src/stm32c0xx_hal_rcc.o
                0x08003ca4                HAL_RCC_GetHCLKFreq
 .text.HAL_RCC_GetPCLK1Freq
                0x08003ce0       0x30 ./Drivers/STM32C0xx_HAL_Driver/Src/stm32c0xx_hal_rcc.o
                0x08003ce0                HAL_RCC_GetPCLK1Freq
 .text.HAL_RCCEx_PeriphCLKConfig
                0x08003d10      0x1d8 ./Drivers/STM32C0xx_HAL_Driver/Src/stm32c0xx_hal_rcc_ex.o
                0x08003d10                HAL_RCCEx_PeriphCLKConfig
 .text.HAL_TIM_Base_Init
                0x08003ee8       0xb0 ./Drivers/STM32C0xx_HAL_Driver/Src/stm32c0xx_hal_tim.o
                0x08003ee8                HAL_TIM_Base_Init
 .text.HAL_TIM_Base_Start
                0x08003f98       0x8c ./Drivers/STM32C0xx_HAL_Driver/Src/stm32c0xx_hal_tim.o
                0x08003f98                HAL_TIM_Base_Start
 .text.HAL_TIM_PWM_Init
                0x08004024       0xb0 ./Drivers/STM32C0xx_HAL_Driver/Src/stm32c0xx_hal_tim.o
                0x08004024                HAL_TIM_PWM_Init
 .text.HAL_TIM_PWM_MspInit
                0x080040d4       0x10 ./Drivers/STM32C0xx_HAL_Driver/Src/stm32c0xx_hal_tim.o
                0x080040d4                HAL_TIM_PWM_MspInit
 .text.HAL_TIM_PWM_Start
                0x080040e4      0x1b0 ./Drivers/STM32C0xx_HAL_Driver/Src/stm32c0xx_hal_tim.o
                0x080040e4                HAL_TIM_PWM_Start
 .text.HAL_TIM_PWM_ConfigChannel
                0x08004294      0x200 ./Drivers/STM32C0xx_HAL_Driver/Src/stm32c0xx_hal_tim.o
                0x08004294                HAL_TIM_PWM_ConfigChannel
 .text.HAL_TIM_ConfigClockSource
                0x08004494      0x1ac ./Drivers/STM32C0xx_HAL_Driver/Src/stm32c0xx_hal_tim.o
                0x08004494                HAL_TIM_ConfigClockSource
 .text.TIM_Base_SetConfig
                0x08004640       0xe4 ./Drivers/STM32C0xx_HAL_Driver/Src/stm32c0xx_hal_tim.o
                0x08004640                TIM_Base_SetConfig
 .text.TIM_OC1_SetConfig
                0x08004724      0x100 ./Drivers/STM32C0xx_HAL_Driver/Src/stm32c0xx_hal_tim.o
 .text.TIM_OC2_SetConfig
                0x08004824       0xfc ./Drivers/STM32C0xx_HAL_Driver/Src/stm32c0xx_hal_tim.o
                0x08004824                TIM_OC2_SetConfig
 .text.TIM_OC3_SetConfig
                0x08004920      0x104 ./Drivers/STM32C0xx_HAL_Driver/Src/stm32c0xx_hal_tim.o
 .text.TIM_OC4_SetConfig
                0x08004a24       0xc8 ./Drivers/STM32C0xx_HAL_Driver/Src/stm32c0xx_hal_tim.o
 .text.TIM_OC5_SetConfig
                0x08004aec       0xb4 ./Drivers/STM32C0xx_HAL_Driver/Src/stm32c0xx_hal_tim.o
 .text.TIM_OC6_SetConfig
                0x08004ba0       0xbc ./Drivers/STM32C0xx_HAL_Driver/Src/stm32c0xx_hal_tim.o
 .text.TIM_TI1_ConfigInputStage
                0x08004c5c       0x5c ./Drivers/STM32C0xx_HAL_Driver/Src/stm32c0xx_hal_tim.o
 .text.TIM_TI2_ConfigInputStage
                0x08004cb8       0x64 ./Drivers/STM32C0xx_HAL_Driver/Src/stm32c0xx_hal_tim.o
 .text.TIM_ITRx_SetConfig
                0x08004d1c       0x38 ./Drivers/STM32C0xx_HAL_Driver/Src/stm32c0xx_hal_tim.o
 .text.TIM_ETR_SetConfig
                0x08004d54       0x40 ./Drivers/STM32C0xx_HAL_Driver/Src/stm32c0xx_hal_tim.o
                0x08004d54                TIM_ETR_SetConfig
 .text.TIM_CCxChannelCmd
                0x08004d94       0x46 ./Drivers/STM32C0xx_HAL_Driver/Src/stm32c0xx_hal_tim.o
                0x08004d94                TIM_CCxChannelCmd
 *fill*         0x08004dda        0x2 
 .text.HAL_TIMEx_MasterConfigSynchronization
                0x08004ddc       0xc4 ./Drivers/STM32C0xx_HAL_Driver/Src/stm32c0xx_hal_tim_ex.o
                0x08004ddc                HAL_TIMEx_MasterConfigSynchronization
 .text.HAL_TIMEx_ConfigBreakDeadTime
                0x08004ea0      0x138 ./Drivers/STM32C0xx_HAL_Driver/Src/stm32c0xx_hal_tim_ex.o
                0x08004ea0                HAL_TIMEx_ConfigBreakDeadTime
 .text.HAL_UART_Init
                0x08004fd8       0xac ./Drivers/STM32C0xx_HAL_Driver/Src/stm32c0xx_hal_uart.o
                0x08004fd8                HAL_UART_Init
 .text.HAL_UART_Transmit
                0x08005084      0x148 ./Drivers/STM32C0xx_HAL_Driver/Src/stm32c0xx_hal_uart.o
                0x08005084                HAL_UART_Transmit
 .text.HAL_UART_Receive_IT
                0x080051cc       0xae ./Drivers/STM32C0xx_HAL_Driver/Src/stm32c0xx_hal_uart.o
                0x080051cc                HAL_UART_Receive_IT
 *fill*         0x0800527a        0x2 
 .text.HAL_UART_IRQHandler
                0x0800527c      0x68c ./Drivers/STM32C0xx_HAL_Driver/Src/stm32c0xx_hal_uart.o
                0x0800527c                HAL_UART_IRQHandler
 .text.HAL_UART_TxCpltCallback
                0x08005908       0x10 ./Drivers/STM32C0xx_HAL_Driver/Src/stm32c0xx_hal_uart.o
                0x08005908                HAL_UART_TxCpltCallback
 .text.HAL_UART_ErrorCallback
                0x08005918       0x10 ./Drivers/STM32C0xx_HAL_Driver/Src/stm32c0xx_hal_uart.o
                0x08005918                HAL_UART_ErrorCallback
 .text.HAL_UARTEx_RxEventCallback
                0x08005928       0x16 ./Drivers/STM32C0xx_HAL_Driver/Src/stm32c0xx_hal_uart.o
                0x08005928                HAL_UARTEx_RxEventCallback
 *fill*         0x0800593e        0x2 
 .text.UART_SetConfig
                0x08005940      0x2fc ./Drivers/STM32C0xx_HAL_Driver/Src/stm32c0xx_hal_uart.o
                0x08005940                UART_SetConfig
 .text.UART_AdvFeatureConfig
                0x08005c3c      0x168 ./Drivers/STM32C0xx_HAL_Driver/Src/stm32c0xx_hal_uart.o
                0x08005c3c                UART_AdvFeatureConfig
 .text.UART_CheckIdleState
                0x08005da4      0x154 ./Drivers/STM32C0xx_HAL_Driver/Src/stm32c0xx_hal_uart.o
                0x08005da4                UART_CheckIdleState
 .text.UART_WaitOnFlagUntilTimeout
                0x08005ef8       0xde ./Drivers/STM32C0xx_HAL_Driver/Src/stm32c0xx_hal_uart.o
                0x08005ef8                UART_WaitOnFlagUntilTimeout
 *fill*         0x08005fd6        0x2 
 .text.UART_Start_Receive_IT
                0x08005fd8      0x248 ./Drivers/STM32C0xx_HAL_Driver/Src/stm32c0xx_hal_uart.o
                0x08005fd8                UART_Start_Receive_IT
 .text.UART_EndRxTransfer
                0x08006220       0xcc ./Drivers/STM32C0xx_HAL_Driver/Src/stm32c0xx_hal_uart.o
 .text.UART_DMAAbortOnError
                0x080062ec       0x26 ./Drivers/STM32C0xx_HAL_Driver/Src/stm32c0xx_hal_uart.o
 .text.UART_EndTransmit_IT
                0x08006312       0x58 ./Drivers/STM32C0xx_HAL_Driver/Src/stm32c0xx_hal_uart.o
 *fill*         0x0800636a        0x2 
 .text.UART_RxISR_8BIT
                0x0800636c      0x1b8 ./Drivers/STM32C0xx_HAL_Driver/Src/stm32c0xx_hal_uart.o
 .text.UART_RxISR_16BIT
                0x08006524      0x1b8 ./Drivers/STM32C0xx_HAL_Driver/Src/stm32c0xx_hal_uart.o
 .text.UART_RxISR_8BIT_FIFOEN
                0x080066dc      0x334 ./Drivers/STM32C0xx_HAL_Driver/Src/stm32c0xx_hal_uart.o
 .text.UART_RxISR_16BIT_FIFOEN
                0x08006a10      0x34c ./Drivers/STM32C0xx_HAL_Driver/Src/stm32c0xx_hal_uart.o
 .text.HAL_UARTEx_WakeupCallback
                0x08006d5c       0x10 ./Drivers/STM32C0xx_HAL_Driver/Src/stm32c0xx_hal_uart_ex.o
                0x08006d5c                HAL_UARTEx_WakeupCallback
 .text.HAL_UARTEx_RxFifoFullCallback
                0x08006d6c       0x10 ./Drivers/STM32C0xx_HAL_Driver/Src/stm32c0xx_hal_uart_ex.o
                0x08006d6c                HAL_UARTEx_RxFifoFullCallback
 .text.HAL_UARTEx_TxFifoEmptyCallback
                0x08006d7c       0x10 ./Drivers/STM32C0xx_HAL_Driver/Src/stm32c0xx_hal_uart_ex.o
                0x08006d7c                HAL_UARTEx_TxFifoEmptyCallback
 .text.HAL_UARTEx_DisableFifoMode
                0x08006d8c       0x74 ./Drivers/STM32C0xx_HAL_Driver/Src/stm32c0xx_hal_uart_ex.o
                0x08006d8c                HAL_UARTEx_DisableFifoMode
 .text.HAL_UARTEx_SetTxFifoThreshold
                0x08006e00       0x7e ./Drivers/STM32C0xx_HAL_Driver/Src/stm32c0xx_hal_uart_ex.o
                0x08006e00                HAL_UARTEx_SetTxFifoThreshold
 *fill*         0x08006e7e        0x2 
 .text.HAL_UARTEx_SetRxFifoThreshold
                0x08006e80       0x84 ./Drivers/STM32C0xx_HAL_Driver/Src/stm32c0xx_hal_uart_ex.o
                0x08006e80                HAL_UARTEx_SetRxFifoThreshold
 .text.UARTEx_SetNbDataToProcess
                0x08006f04       0xbc ./Drivers/STM32C0xx_HAL_Driver/Src/stm32c0xx_hal_uart_ex.o
 .text.snprintf
                0x08006fc0       0x6c C:/ST/STM32CubeIDE_1.18.1/STM32CubeIDE/plugins/com.st.stm32cube.ide.mcu.externaltools.gnu-tools-for-stm32.13.3.rel1.win32_1.0.0.202411081344/tools/bin/../lib/gcc/arm-none-eabi/13.3.1/../../../../arm-none-eabi/lib/thumb/v6-m/nofp\libc_nano.a(libc_a-snprintf.o)
                0x08006fc0                sniprintf
                0x08006fc0                snprintf
 .text.memset   0x0800702c       0x10 C:/ST/STM32CubeIDE_1.18.1/STM32CubeIDE/plugins/com.st.stm32cube.ide.mcu.externaltools.gnu-tools-for-stm32.13.3.rel1.win32_1.0.0.202411081344/tools/bin/../lib/gcc/arm-none-eabi/13.3.1/../../../../arm-none-eabi/lib/thumb/v6-m/nofp\libc_nano.a(libc_a-memset.o)
                0x0800702c                memset
 .text.strncmp  0x0800703c       0x22 C:/ST/STM32CubeIDE_1.18.1/STM32CubeIDE/plugins/com.st.stm32cube.ide.mcu.externaltools.gnu-tools-for-stm32.13.3.rel1.win32_1.0.0.202411081344/tools/bin/../lib/gcc/arm-none-eabi/13.3.1/../../../../arm-none-eabi/lib/thumb/v6-m/nofp\libc_nano.a(libc_a-strncmp.o)
                0x0800703c                strncmp
 .text.strncpy  0x0800705e       0x28 C:/ST/STM32CubeIDE_1.18.1/STM32CubeIDE/plugins/com.st.stm32cube.ide.mcu.externaltools.gnu-tools-for-stm32.13.3.rel1.win32_1.0.0.202411081344/tools/bin/../lib/gcc/arm-none-eabi/13.3.1/../../../../arm-none-eabi/lib/thumb/v6-m/nofp\libc_nano.a(libc_a-strncpy.o)
                0x0800705e                strncpy
 *fill*         0x08007086        0x2 
 .text.__errno  0x08007088        0xc C:/ST/STM32CubeIDE_1.18.1/STM32CubeIDE/plugins/com.st.stm32cube.ide.mcu.externaltools.gnu-tools-for-stm32.13.3.rel1.win32_1.0.0.202411081344/tools/bin/../lib/gcc/arm-none-eabi/13.3.1/../../../../arm-none-eabi/lib/thumb/v6-m/nofp\libc_nano.a(libc_a-errno.o)
                0x08007088                __errno
 .text.__libc_init_array
                0x08007094       0x48 C:/ST/STM32CubeIDE_1.18.1/STM32CubeIDE/plugins/com.st.stm32cube.ide.mcu.externaltools.gnu-tools-for-stm32.13.3.rel1.win32_1.0.0.202411081344/tools/bin/../lib/gcc/arm-none-eabi/13.3.1/../../../../arm-none-eabi/lib/thumb/v6-m/nofp\libc_nano.a(libc_a-init.o)
                0x08007094                __libc_init_array
 .text.__retarget_lock_acquire_recursive
                0x080070dc        0x2 C:/ST/STM32CubeIDE_1.18.1/STM32CubeIDE/plugins/com.st.stm32cube.ide.mcu.externaltools.gnu-tools-for-stm32.13.3.rel1.win32_1.0.0.202411081344/tools/bin/../lib/gcc/arm-none-eabi/13.3.1/../../../../arm-none-eabi/lib/thumb/v6-m/nofp\libc_nano.a(libc_a-lock.o)
                0x080070dc                __retarget_lock_acquire_recursive
 .text.__retarget_lock_release_recursive
                0x080070de        0x2 C:/ST/STM32CubeIDE_1.18.1/STM32CubeIDE/plugins/com.st.stm32cube.ide.mcu.externaltools.gnu-tools-for-stm32.13.3.rel1.win32_1.0.0.202411081344/tools/bin/../lib/gcc/arm-none-eabi/13.3.1/../../../../arm-none-eabi/lib/thumb/v6-m/nofp\libc_nano.a(libc_a-lock.o)
                0x080070de                __retarget_lock_release_recursive
 .text.memcpy   0x080070e0       0x12 C:/ST/STM32CubeIDE_1.18.1/STM32CubeIDE/plugins/com.st.stm32cube.ide.mcu.externaltools.gnu-tools-for-stm32.13.3.rel1.win32_1.0.0.202411081344/tools/bin/../lib/gcc/arm-none-eabi/13.3.1/../../../../arm-none-eabi/lib/thumb/v6-m/nofp\libc_nano.a(libc_a-memcpy-stub.o)
                0x080070e0                memcpy
 *fill*         0x080070f2        0x2 
 .text._free_r  0x080070f4       0x94 C:/ST/STM32CubeIDE_1.18.1/STM32CubeIDE/plugins/com.st.stm32cube.ide.mcu.externaltools.gnu-tools-for-stm32.13.3.rel1.win32_1.0.0.202411081344/tools/bin/../lib/gcc/arm-none-eabi/13.3.1/../../../../arm-none-eabi/lib/thumb/v6-m/nofp\libc_nano.a(libc_a-freer.o)
                0x080070f4                _free_r
 .text.sbrk_aligned
                0x08007188       0x44 C:/ST/STM32CubeIDE_1.18.1/STM32CubeIDE/plugins/com.st.stm32cube.ide.mcu.externaltools.gnu-tools-for-stm32.13.3.rel1.win32_1.0.0.202411081344/tools/bin/../lib/gcc/arm-none-eabi/13.3.1/../../../../arm-none-eabi/lib/thumb/v6-m/nofp\libc_nano.a(libc_a-mallocr.o)
 .text._malloc_r
                0x080071cc      0x100 C:/ST/STM32CubeIDE_1.18.1/STM32CubeIDE/plugins/com.st.stm32cube.ide.mcu.externaltools.gnu-tools-for-stm32.13.3.rel1.win32_1.0.0.202411081344/tools/bin/../lib/gcc/arm-none-eabi/13.3.1/../../../../arm-none-eabi/lib/thumb/v6-m/nofp\libc_nano.a(libc_a-mallocr.o)
                0x080071cc                _malloc_r
 .text.__malloc_lock
                0x080072cc       0x10 C:/ST/STM32CubeIDE_1.18.1/STM32CubeIDE/plugins/com.st.stm32cube.ide.mcu.externaltools.gnu-tools-for-stm32.13.3.rel1.win32_1.0.0.202411081344/tools/bin/../lib/gcc/arm-none-eabi/13.3.1/../../../../arm-none-eabi/lib/thumb/v6-m/nofp\libc_nano.a(libc_a-mlock.o)
                0x080072cc                __malloc_lock
 .text.__malloc_unlock
                0x080072dc       0x10 C:/ST/STM32CubeIDE_1.18.1/STM32CubeIDE/plugins/com.st.stm32cube.ide.mcu.externaltools.gnu-tools-for-stm32.13.3.rel1.win32_1.0.0.202411081344/tools/bin/../lib/gcc/arm-none-eabi/13.3.1/../../../../arm-none-eabi/lib/thumb/v6-m/nofp\libc_nano.a(libc_a-mlock.o)
                0x080072dc                __malloc_unlock
 .text.__ssputs_r
                0x080072ec       0xc0 C:/ST/STM32CubeIDE_1.18.1/STM32CubeIDE/plugins/com.st.stm32cube.ide.mcu.externaltools.gnu-tools-for-stm32.13.3.rel1.win32_1.0.0.202411081344/tools/bin/../lib/gcc/arm-none-eabi/13.3.1/../../../../arm-none-eabi/lib/thumb/v6-m/nofp\libc_nano.a(libc_a-nano-svfprintf.o)
                0x080072ec                __ssputs_r
 .text._svfprintf_r
                0x080073ac      0x1fc C:/ST/STM32CubeIDE_1.18.1/STM32CubeIDE/plugins/com.st.stm32cube.ide.mcu.externaltools.gnu-tools-for-stm32.13.3.rel1.win32_1.0.0.202411081344/tools/bin/../lib/gcc/arm-none-eabi/13.3.1/../../../../arm-none-eabi/lib/thumb/v6-m/nofp\libc_nano.a(libc_a-nano-svfprintf.o)
                0x080073ac                _svfiprintf_r
                0x080073ac                _svfprintf_r
 .text._printf_common
                0x080075a8       0xde C:/ST/STM32CubeIDE_1.18.1/STM32CubeIDE/plugins/com.st.stm32cube.ide.mcu.externaltools.gnu-tools-for-stm32.13.3.rel1.win32_1.0.0.202411081344/tools/bin/../lib/gcc/arm-none-eabi/13.3.1/../../../../arm-none-eabi/lib/thumb/v6-m/nofp\libc_nano.a(libc_a-nano-vfprintf_i.o)
                0x080075a8                _printf_common
 *fill*         0x08007686        0x2 
 .text._printf_i
                0x08007688      0x218 C:/ST/STM32CubeIDE_1.18.1/STM32CubeIDE/plugins/com.st.stm32cube.ide.mcu.externaltools.gnu-tools-for-stm32.13.3.rel1.win32_1.0.0.202411081344/tools/bin/../lib/gcc/arm-none-eabi/13.3.1/../../../../arm-none-eabi/lib/thumb/v6-m/nofp\libc_nano.a(libc_a-nano-vfprintf_i.o)
                0x08007688                _printf_i
 .text.memmove  0x080078a0       0x24 C:/ST/STM32CubeIDE_1.18.1/STM32CubeIDE/plugins/com.st.stm32cube.ide.mcu.externaltools.gnu-tools-for-stm32.13.3.rel1.win32_1.0.0.202411081344/tools/bin/../lib/gcc/arm-none-eabi/13.3.1/../../../../arm-none-eabi/lib/thumb/v6-m/nofp\libc_nano.a(libc_a-memmove.o)
                0x080078a0                memmove
 .text._sbrk_r  0x080078c4       0x24 C:/ST/STM32CubeIDE_1.18.1/STM32CubeIDE/plugins/com.st.stm32cube.ide.mcu.externaltools.gnu-tools-for-stm32.13.3.rel1.win32_1.0.0.202411081344/tools/bin/../lib/gcc/arm-none-eabi/13.3.1/../../../../arm-none-eabi/lib/thumb/v6-m/nofp\libc_nano.a(libc_a-sbrkr.o)
                0x080078c4                _sbrk_r
 .text.memchr   0x080078e8       0x16 C:/ST/STM32CubeIDE_1.18.1/STM32CubeIDE/plugins/com.st.stm32cube.ide.mcu.externaltools.gnu-tools-for-stm32.13.3.rel1.win32_1.0.0.202411081344/tools/bin/../lib/gcc/arm-none-eabi/13.3.1/../../../../arm-none-eabi/lib/thumb/v6-m/nofp\libc_nano.a(libc_a-memchr-stub.o)
                0x080078e8                memchr
 .text._realloc_r
                0x080078fe       0x60 C:/ST/STM32CubeIDE_1.18.1/STM32CubeIDE/plugins/com.st.stm32cube.ide.mcu.externaltools.gnu-tools-for-stm32.13.3.rel1.win32_1.0.0.202411081344/tools/bin/../lib/gcc/arm-none-eabi/13.3.1/../../../../arm-none-eabi/lib/thumb/v6-m/nofp\libc_nano.a(libc_a-reallocr.o)
                0x080078fe                _realloc_r
 .text._malloc_usable_size_r
                0x0800795e       0x10 C:/ST/STM32CubeIDE_1.18.1/STM32CubeIDE/plugins/com.st.stm32cube.ide.mcu.externaltools.gnu-tools-for-stm32.13.3.rel1.win32_1.0.0.202411081344/tools/bin/../lib/gcc/arm-none-eabi/13.3.1/../../../../arm-none-eabi/lib/thumb/v6-m/nofp\libc_nano.a(libc_a-msizer.o)
                0x0800795e                _malloc_usable_size_r
 *(.glue_7)
 .glue_7        0x0800796e        0x0 linker stubs
 *(.glue_7t)
 .glue_7t       0x0800796e        0x0 linker stubs
 *(.eh_frame)
 *fill*         0x0800796e        0x2 
 .eh_frame      0x08007970        0x0 C:/ST/STM32CubeIDE_1.18.1/STM32CubeIDE/plugins/com.st.stm32cube.ide.mcu.externaltools.gnu-tools-for-stm32.13.3.rel1.win32_1.0.0.202411081344/tools/bin/../lib/gcc/arm-none-eabi/13.3.1/thumb/v6-m/nofp/crtbegin.o
 *(.init)
 .init          0x08007970        0x4 C:/ST/STM32CubeIDE_1.18.1/STM32CubeIDE/plugins/com.st.stm32cube.ide.mcu.externaltools.gnu-tools-for-stm32.13.3.rel1.win32_1.0.0.202411081344/tools/bin/../lib/gcc/arm-none-eabi/13.3.1/thumb/v6-m/nofp/crti.o
                0x08007970                _init
 .init          0x08007974        0x8 C:/ST/STM32CubeIDE_1.18.1/STM32CubeIDE/plugins/com.st.stm32cube.ide.mcu.externaltools.gnu-tools-for-stm32.13.3.rel1.win32_1.0.0.202411081344/tools/bin/../lib/gcc/arm-none-eabi/13.3.1/thumb/v6-m/nofp/crtn.o
 *(.fini)
 .fini          0x0800797c        0x4 C:/ST/STM32CubeIDE_1.18.1/STM32CubeIDE/plugins/com.st.stm32cube.ide.mcu.externaltools.gnu-tools-for-stm32.13.3.rel1.win32_1.0.0.202411081344/tools/bin/../lib/gcc/arm-none-eabi/13.3.1/thumb/v6-m/nofp/crti.o
                0x0800797c                _fini
 .fini          0x08007980        0x8 C:/ST/STM32CubeIDE_1.18.1/STM32CubeIDE/plugins/com.st.stm32cube.ide.mcu.externaltools.gnu-tools-for-stm32.13.3.rel1.win32_1.0.0.202411081344/tools/bin/../lib/gcc/arm-none-eabi/13.3.1/thumb/v6-m/nofp/crtn.o
                0x08007988                        . = ALIGN (0x4)
                0x08007988                        _etext = .

.vfp11_veneer   0x08007988        0x0
 .vfp11_veneer  0x08007988        0x0 linker stubs

.v4_bx          0x08007988        0x0
 .v4_bx         0x08007988        0x0 linker stubs

.iplt           0x08007988        0x0
 .iplt          0x08007988        0x0 C:/ST/STM32CubeIDE_1.18.1/STM32CubeIDE/plugins/com.st.stm32cube.ide.mcu.externaltools.gnu-tools-for-stm32.13.3.rel1.win32_1.0.0.202411081344/tools/bin/../lib/gcc/arm-none-eabi/13.3.1/thumb/v6-m/nofp/crtbegin.o

.rodata         0x08007988      0x244
                0x08007988                        . = ALIGN (0x4)
 *(.rodata)
 .rodata        0x08007988       0x51 ./Core/Src/logic.o
 *(.rodata*)
 *fill*         0x080079d9        0x3 
 .rodata.Handle_Frame
                0x080079dc       0x14 ./Core/Src/arq.o
 .rodata.braille_alphabet
                0x080079f0       0x1a ./Core/Src/braille_driver.o
 *fill*         0x08007a0a        0x2 
 .rodata.braille_pins
                0x08007a0c       0x60 ./Core/Src/braille_driver.o
 .rodata.FP_Tick
                0x08007a6c       0x34 ./Core/Src/frame.o
 .rodata.Logic_Process
                0x08007aa0       0x1c ./Core/Src/logic.o
 .rodata.AHBPrescTable
                0x08007abc       0x40 ./Core/Src/system_stm32c0xx.o
                0x08007abc                AHBPrescTable
 .rodata.APBPrescTable
                0x08007afc       0x20 ./Core/Src/system_stm32c0xx.o
                0x08007afc                APBPrescTable
 .rodata.HAL_TIM_PWM_ConfigChannel
                0x08007b1c       0x54 ./Drivers/STM32C0xx_HAL_Driver/Src/stm32c0xx_hal_tim.o
 .rodata.UARTPrescTable
                0x08007b70       0x18 ./Drivers/STM32C0xx_HAL_Driver/Src/stm32c0xx_hal_uart.o
                0x08007b70                UARTPrescTable
 .rodata.numerator.1
                0x08007b88        0x8 ./Drivers/STM32C0xx_HAL_Driver/Src/stm32c0xx_hal_uart_ex.o
 .rodata.denominator.0
                0x08007b90        0x8 ./Drivers/STM32C0xx_HAL_Driver/Src/stm32c0xx_hal_uart_ex.o
 .rodata._svfprintf_r.str1.1
                0x08007b98       0x33 C:/ST/STM32CubeIDE_1.18.1/STM32CubeIDE/plugins/com.st.stm32cube.ide.mcu.externaltools.gnu-tools-for-stm32.13.3.rel1.win32_1.0.0.202411081344/tools/bin/../lib/gcc/arm-none-eabi/13.3.1/../../../../arm-none-eabi/lib/thumb/v6-m/nofp\libc_nano.a(libc_a-nano-svfprintf.o)
                                 0x11 (size before relaxing)
 .rodata._printf_i.str1.1
                0x08007bcb       0x22 C:/ST/STM32CubeIDE_1.18.1/STM32CubeIDE/plugins/com.st.stm32cube.ide.mcu.externaltools.gnu-tools-for-stm32.13.3.rel1.win32_1.0.0.202411081344/tools/bin/../lib/gcc/arm-none-eabi/13.3.1/../../../../arm-none-eabi/lib/thumb/v6-m/nofp\libc_nano.a(libc_a-nano-vfprintf_i.o)
                0x08007bf0                        . = ALIGN (0x4)
 *fill*         0x08007bcb        0x1 

.ARM.extab      0x08007bcc        0x0
                0x08007bcc                        . = ALIGN (0x4)
 *(.ARM.extab* .gnu.linkonce.armextab.*)
                0x08007bcc                        . = ALIGN (0x4)

.ARM            0x08007bcc        0x0
                0x08007bcc                        . = ALIGN (0x4)
                0x08007bcc                        __exidx_start = .
 *(.ARM.exidx*)
                0x08007bcc                        __exidx_end = .
                0x08007bcc                        . = ALIGN (0x4)

.preinit_array  0x08007bcc        0x0
                0x08007bcc                        . = ALIGN (0x4)
                0x08007bcc                        PROVIDE (__preinit_array_start = .)
 *(.preinit_array*)
                0x08007bcc                        PROVIDE (__preinit_array_end = .)
                0x08007bcc                        . = ALIGN (0x4)

.init_array     0x08007bcc        0x4
                0x08007bcc                        . = ALIGN (0x4)
                0x08007bcc                        PROVIDE (__init_array_start = .)
 *(SORT_BY_NAME(.init_array.*))
 *(.init_array*)
 .init_array    0x08007bcc        0x4 C:/ST/STM32CubeIDE_1.18.1/STM32CubeIDE/plugins/com.st.stm32cube.ide.mcu.externaltools.gnu-tools-for-stm32.13.3.rel1.win32_1.0.0.202411081344/tools/bin/../lib/gcc/arm-none-eabi/13.3.1/thumb/v6-m/nofp/crtbegin.o
                0x08007bd0                        PROVIDE (__init_array_end = .)
                0x08007bd0                        . = ALIGN (0x4)

.fini_array     0x08007bd0        0x4
                0x08007bd0                        . = ALIGN (0x4)
                [!provide]                        PROVIDE (__fini_array_start = .)
 *(SORT_BY_NAME(.fini_array.*))
 *(.fini_array*)
 .fini_array    0x08007bd0        0x4 C:/ST/STM32CubeIDE_1.18.1/STM32CubeIDE/plugins/com.st.stm32cube.ide.mcu.externaltools.gnu-tools-for-stm32.13.3.rel1.win32_1.0.0.202411081344/tools/bin/../lib/gcc/arm-none-eabi/13.3.1/thumb/v6-m/nofp/crtbegin.o
                [!provide]                        PROVIDE (__fini_array_end = .)
                0x08007bd4                        . = ALIGN (0x4)
                0x08007bd4                        _sidata = LOADADDR (.data)

.rel.dyn        0x08007bd4        0x0
 .rel.iplt      0x08007bd4        0x0 C:/ST/STM32CubeIDE_1.18.1/STM32CubeIDE/plugins/com.st.stm32cube.ide.mcu.externaltools.gnu-tools-for-stm32.13.3.rel1.win32_1.0.0.202411081344/tools/bin/../lib/gcc/arm-none-eabi/13.3.1/thumb/v6-m/nofp/crtbegin.o

.data           0x20000000       0x60 load address 0x08007bd4
                0x20000000                        . = ALIGN (0x4)
                0x20000000                        _sdata = .
 *(.data)
 *(.data*)
 .data.current_step
                0x20000000        0x1 ./Core/Src/braille_driver.o
 .data.my_index
                0x20000001        0x1 ./Core/Src/logic.o
 *fill*         0x20000002        0x2 
 .data.SystemCoreClock
                0x20000004        0x4 ./Core/Src/system_stm32c0xx.o
                0x20000004                SystemCoreClock
 .data.uwTickPrio
                0x20000008        0x4 ./Drivers/STM32C0xx_HAL_Driver/Src/stm32c0xx_hal.o
                0x20000008                uwTickPrio
 .data.uwTickFreq
                0x2000000c        0x1 ./Drivers/STM32C0xx_HAL_Driver/Src/stm32c0xx_hal.o
                0x2000000c                uwTickFreq
 *fill*         0x2000000d        0x3 
 .data._impure_ptr
                0x20000010        0x4 C:/ST/STM32CubeIDE_1.18.1/STM32CubeIDE/plugins/com.st.stm32cube.ide.mcu.externaltools.gnu-tools-for-stm32.13.3.rel1.win32_1.0.0.202411081344/tools/bin/../lib/gcc/arm-none-eabi/13.3.1/../../../../arm-none-eabi/lib/thumb/v6-m/nofp\libc_nano.a(libc_a-impure.o)
                0x20000010                _impure_ptr
 .data._impure_data
                0x20000014       0x4c C:/ST/STM32CubeIDE_1.18.1/STM32CubeIDE/plugins/com.st.stm32cube.ide.mcu.externaltools.gnu-tools-for-stm32.13.3.rel1.win32_1.0.0.202411081344/tools/bin/../lib/gcc/arm-none-eabi/13.3.1/../../../../arm-none-eabi/lib/thumb/v6-m/nofp\libc_nano.a(libc_a-impure.o)
                0x20000014                _impure_data
 *(.RamFunc)
 *(.RamFunc*)
                0x20000060                        . = ALIGN (0x4)
                0x20000060                        _edata = .

.igot.plt       0x20000060        0x0 load address 0x08007c34
 .igot.plt      0x20000060        0x0 C:/ST/STM32CubeIDE_1.18.1/STM32CubeIDE/plugins/com.st.stm32cube.ide.mcu.externaltools.gnu-tools-for-stm32.13.3.rel1.win32_1.0.0.202411081344/tools/bin/../lib/gcc/arm-none-eabi/13.3.1/thumb/v6-m/nofp/crtbegin.o
                0x20000060                        . = ALIGN (0x4)

.bss            0x20000060      0x658 load address 0x08007c34
                0x20000060                        _sbss = .
                0x20000060                        __bss_start__ = _sbss
 *(.bss)
 .bss           0x20000060       0x1c C:/ST/STM32CubeIDE_1.18.1/STM32CubeIDE/plugins/com.st.stm32cube.ide.mcu.externaltools.gnu-tools-for-stm32.13.3.rel1.win32_1.0.0.202411081344/tools/bin/../lib/gcc/arm-none-eabi/13.3.1/thumb/v6-m/nofp/crtbegin.o
 *(.bss*)
 .bss.arq       0x2000007c       0x3c ./Core/Src/arq.o
                0x2000007c                arq
 .bss.braille_timer
                0x200000b8        0x4 ./Core/Src/braille_driver.o
 .bss.active_pattern
                0x200000bc        0x1 ./Core/Src/braille_driver.o
 *fill*         0x200000bd        0x3 
 .bss.activation_time
                0x200000c0        0x4 ./Core/Src/braille_driver.o
 .bss.busy      0x200000c4        0x1 ./Core/Src/braille_driver.o
 *fill*         0x200000c5        0x3 
 .bss.gpio_db_array
                0x200000c8        0xc ./Core/Src/braille_driver.o
                0x200000c8                gpio_db_array
 .bss.logic_state
                0x200000d4        0x1 ./Core/Src/logic.o
                0x200000d4                logic_state
 *fill*         0x200000d5        0x3 
 .bss.circ_left
                0x200000d8       0x44 ./Core/Src/logic.o
 .bss.circ_right
                0x2000011c       0x44 ./Core/Src/logic.o
 .bss.uart_byte_left
                0x20000160        0x1 ./Core/Src/logic.o
 .bss.uart_byte_right
                0x20000161        0x1 ./Core/Src/logic.o
 *fill*         0x20000162        0x2 
 .bss.uart_left
                0x20000164        0x4 ./Core/Src/logic.o
 .bss.uart_right
                0x20000168        0x4 ./Core/Src/logic.o
 .bss.buzzer_timer
                0x2000016c        0x4 ./Core/Src/logic.o
 .bss.buzzer_state
                0x20000170        0x1 ./Core/Src/logic.o
 *fill*         0x20000171        0x3 
 .bss.buzzer_start_time
                0x20000174        0x4 ./Core/Src/logic.o
 .bss.fp_left   0x20000178       0x14 ./Core/Src/logic.o
 .bss.fp_right  0x2000018c       0x14 ./Core/Src/logic.o
 .bss.inbox     0x200001a0      0x160 ./Core/Src/logic.o
 .bss.in_w      0x20000300        0x1 ./Core/Src/logic.o
 .bss.in_r      0x20000301        0x1 ./Core/Src/logic.o
 .bss.in_n      0x20000302        0x1 ./Core/Src/logic.o
 .bss.my_letter
                0x20000303        0x1 ./Core/Src/logic.o
                0x20000303                my_letter
 .bss.original_word
                0x20000304        0x5 ./Core/Src/logic.o
                0x20000304                original_word
 .bss.word_len  0x20000309        0x1 ./Core/Src/logic.o
 .bss.have_word
                0x2000030a        0x1 ./Core/Src/logic.o
 .bss.have_index
                0x2000030b        0x1 ./Core/Src/logic.o
 .bss.is_first  0x2000030c        0x1 ./Core/Src/logic.o
 .bss.is_anchor
                0x2000030d        0x1 ./Core/Src/logic.o
 .bss.seq_started
                0x2000030e        0x1 ./Core/Src/logic.o
 *fill*         0x2000030f        0x1 
 .bss.t_next_seq_ms
                0x20000310        0x4 ./Core/Src/logic.o
 .bss.payload_left
                0x20000314       0x20 ./Core/Src/logic.o
 .bss.payload_right
                0x20000334       0x20 ./Core/Src/logic.o
 .bss.hi2c1     0x20000354       0x54 ./Core/Src/main.o
                0x20000354                hi2c1
 .bss.htim1     0x200003a8       0x4c ./Core/Src/main.o
                0x200003a8                htim1
 .bss.htim3     0x200003f4       0x4c ./Core/Src/main.o
                0x200003f4                htim3
 .bss.huart1    0x20000440       0x94 ./Core/Src/main.o
                0x20000440                huart1
 .bss.huart2    0x200004d4       0x94 ./Core/Src/main.o
                0x200004d4                huart2
 .bss.__sbrk_heap_end
                0x20000568        0x4 ./Core/Src/sysmem.o
 .bss.uwTick    0x2000056c        0x4 ./Drivers/STM32C0xx_HAL_Driver/Src/stm32c0xx_hal.o
                0x2000056c                uwTick
 .bss.__sf      0x20000570      0x138 C:/ST/STM32CubeIDE_1.18.1/STM32CubeIDE/plugins/com.st.stm32cube.ide.mcu.externaltools.gnu-tools-for-stm32.13.3.rel1.win32_1.0.0.202411081344/tools/bin/../lib/gcc/arm-none-eabi/13.3.1/../../../../arm-none-eabi/lib/thumb/v6-m/nofp\libc_nano.a(libc_a-findfp.o)
                0x20000570                __sf
 .bss.errno     0x200006a8        0x4 C:/ST/STM32CubeIDE_1.18.1/STM32CubeIDE/plugins/com.st.stm32cube.ide.mcu.externaltools.gnu-tools-for-stm32.13.3.rel1.win32_1.0.0.202411081344/tools/bin/../lib/gcc/arm-none-eabi/13.3.1/../../../../arm-none-eabi/lib/thumb/v6-m/nofp\libc_nano.a(libc_a-reent.o)
                0x200006a8                errno
 .bss.__lock___malloc_recursive_mutex
                0x200006ac        0x1 C:/ST/STM32CubeIDE_1.18.1/STM32CubeIDE/plugins/com.st.stm32cube.ide.mcu.externaltools.gnu-tools-for-stm32.13.3.rel1.win32_1.0.0.202411081344/tools/bin/../lib/gcc/arm-none-eabi/13.3.1/../../../../arm-none-eabi/lib/thumb/v6-m/nofp\libc_nano.a(libc_a-lock.o)
                0x200006ac                __lock___malloc_recursive_mutex
 *fill*         0x200006ad        0x3 
 .bss.__malloc_sbrk_start
                0x200006b0        0x4 C:/ST/STM32CubeIDE_1.18.1/STM32CubeIDE/plugins/com.st.stm32cube.ide.mcu.externaltools.gnu-tools-for-stm32.13.3.rel1.win32_1.0.0.202411081344/tools/bin/../lib/gcc/arm-none-eabi/13.3.1/../../../../arm-none-eabi/lib/thumb/v6-m/nofp\libc_nano.a(libc_a-mallocr.o)
                0x200006b0                __malloc_sbrk_start
 .bss.__malloc_free_list
                0x200006b4        0x4 C:/ST/STM32CubeIDE_1.18.1/STM32CubeIDE/plugins/com.st.stm32cube.ide.mcu.externaltools.gnu-tools-for-stm32.13.3.rel1.win32_1.0.0.202411081344/tools/bin/../lib/gcc/arm-none-eabi/13.3.1/../../../../arm-none-eabi/lib/thumb/v6-m/nofp\libc_nano.a(libc_a-mallocr.o)
                0x200006b4                __malloc_free_list
 *(COMMON)
                0x200006b8                        . = ALIGN (0x4)
                0x200006b8                        _ebss = .
                0x200006b8                        __bss_end__ = _ebss

._user_heap_stack
                0x200006b8      0x600 load address 0x08007c34
                0x200006b8                        . = ALIGN (0x8)
                [!provide]                        PROVIDE (end = .)
                0x200006b8                        PROVIDE (_end = .)
                0x200008b8                        . = (. + _Min_Heap_Size)
 *fill*         0x200006b8      0x200 
                0x20000cb8                        . = (. + _Min_Stack_Size)
 *fill*         0x200008b8      0x400 
                0x20000cb8                        . = ALIGN (0x8)

/DISCARD/
 libc.a(*)
 libm.a(*)
 libgcc.a(*)

.ARM.attributes
                0x00000000       0x28
 *(.ARM.attributes)
 .ARM.attributes
                0x00000000       0x1e C:/ST/STM32CubeIDE_1.18.1/STM32CubeIDE/plugins/com.st.stm32cube.ide.mcu.externaltools.gnu-tools-for-stm32.13.3.rel1.win32_1.0.0.202411081344/tools/bin/../lib/gcc/arm-none-eabi/13.3.1/thumb/v6-m/nofp/crti.o
 .ARM.attributes
                0x0000001e       0x2c C:/ST/STM32CubeIDE_1.18.1/STM32CubeIDE/plugins/com.st.stm32cube.ide.mcu.externaltools.gnu-tools-for-stm32.13.3.rel1.win32_1.0.0.202411081344/tools/bin/../lib/gcc/arm-none-eabi/13.3.1/thumb/v6-m/nofp/crtbegin.o
 .ARM.attributes
                0x0000004a       0x2c ./Core/Src/arq.o
 .ARM.attributes
                0x00000076       0x2c ./Core/Src/braille_driver.o
 .ARM.attributes
                0x000000a2       0x2c ./Core/Src/frame.o
 .ARM.attributes
                0x000000ce       0x2c ./Core/Src/logic.o
 .ARM.attributes
                0x000000fa       0x2c ./Core/Src/main.o
 .ARM.attributes
                0x00000126       0x2c ./Core/Src/stm32c0xx_hal_msp.o
 .ARM.attributes
                0x00000152       0x2c ./Core/Src/stm32c0xx_it.o
 .ARM.attributes
                0x0000017e       0x2c ./Core/Src/sysmem.o
 .ARM.attributes
                0x000001aa       0x2c ./Core/Src/system_stm32c0xx.o
 .ARM.attributes
                0x000001d6       0x22 ./Core/Startup/startup_stm32c031g6ux.o
 .ARM.attributes
                0x000001f8       0x2c ./Drivers/STM32C0xx_HAL_Driver/Src/stm32c0xx_hal.o
 .ARM.attributes
                0x00000224       0x2c ./Drivers/STM32C0xx_HAL_Driver/Src/stm32c0xx_hal_cortex.o
 .ARM.attributes
                0x00000250       0x2c ./Drivers/STM32C0xx_HAL_Driver/Src/stm32c0xx_hal_dma.o
 .ARM.attributes
                0x0000027c       0x2c ./Drivers/STM32C0xx_HAL_Driver/Src/stm32c0xx_hal_gpio.o
 .ARM.attributes
                0x000002a8       0x2c ./Drivers/STM32C0xx_HAL_Driver/Src/stm32c0xx_hal_i2c.o
 .ARM.attributes
                0x000002d4       0x2c ./Drivers/STM32C0xx_HAL_Driver/Src/stm32c0xx_hal_i2c_ex.o
 .ARM.attributes
                0x00000300       0x2c ./Drivers/STM32C0xx_HAL_Driver/Src/stm32c0xx_hal_rcc.o
 .ARM.attributes
                0x0000032c       0x2c ./Drivers/STM32C0xx_HAL_Driver/Src/stm32c0xx_hal_rcc_ex.o
 .ARM.attributes
                0x00000358       0x2c ./Drivers/STM32C0xx_HAL_Driver/Src/stm32c0xx_hal_tim.o
 .ARM.attributes
                0x00000384       0x2c ./Drivers/STM32C0xx_HAL_Driver/Src/stm32c0xx_hal_tim_ex.o
 .ARM.attributes
                0x000003b0       0x2c ./Drivers/STM32C0xx_HAL_Driver/Src/stm32c0xx_hal_uart.o
 .ARM.attributes
                0x000003dc       0x2c ./Drivers/STM32C0xx_HAL_Driver/Src/stm32c0xx_hal_uart_ex.o
 .ARM.attributes
                0x00000408       0x2c C:/ST/STM32CubeIDE_1.18.1/STM32CubeIDE/plugins/com.st.stm32cube.ide.mcu.externaltools.gnu-tools-for-stm32.13.3.rel1.win32_1.0.0.202411081344/tools/bin/../lib/gcc/arm-none-eabi/13.3.1/../../../../arm-none-eabi/lib/thumb/v6-m/nofp\libc_nano.a(libc_a-findfp.o)
 .ARM.attributes
                0x00000434       0x2c C:/ST/STM32CubeIDE_1.18.1/STM32CubeIDE/plugins/com.st.stm32cube.ide.mcu.externaltools.gnu-tools-for-stm32.13.3.rel1.win32_1.0.0.202411081344/tools/bin/../lib/gcc/arm-none-eabi/13.3.1/../../../../arm-none-eabi/lib/thumb/v6-m/nofp\libc_nano.a(libc_a-snprintf.o)
 .ARM.attributes
                0x00000460       0x2c C:/ST/STM32CubeIDE_1.18.1/STM32CubeIDE/plugins/com.st.stm32cube.ide.mcu.externaltools.gnu-tools-for-stm32.13.3.rel1.win32_1.0.0.202411081344/tools/bin/../lib/gcc/arm-none-eabi/13.3.1/../../../../arm-none-eabi/lib/thumb/v6-m/nofp\libc_nano.a(libc_a-memset.o)
 .ARM.attributes
                0x0000048c       0x2c C:/ST/STM32CubeIDE_1.18.1/STM32CubeIDE/plugins/com.st.stm32cube.ide.mcu.externaltools.gnu-tools-for-stm32.13.3.rel1.win32_1.0.0.202411081344/tools/bin/../lib/gcc/arm-none-eabi/13.3.1/../../../../arm-none-eabi/lib/thumb/v6-m/nofp\libc_nano.a(libc_a-strncmp.o)
 .ARM.attributes
                0x000004b8       0x2c C:/ST/STM32CubeIDE_1.18.1/STM32CubeIDE/plugins/com.st.stm32cube.ide.mcu.externaltools.gnu-tools-for-stm32.13.3.rel1.win32_1.0.0.202411081344/tools/bin/../lib/gcc/arm-none-eabi/13.3.1/../../../../arm-none-eabi/lib/thumb/v6-m/nofp\libc_nano.a(libc_a-strncpy.o)
 .ARM.attributes
                0x000004e4       0x2c C:/ST/STM32CubeIDE_1.18.1/STM32CubeIDE/plugins/com.st.stm32cube.ide.mcu.externaltools.gnu-tools-for-stm32.13.3.rel1.win32_1.0.0.202411081344/tools/bin/../lib/gcc/arm-none-eabi/13.3.1/../../../../arm-none-eabi/lib/thumb/v6-m/nofp\libc_nano.a(libc_a-reent.o)
 .ARM.attributes
                0x00000510       0x2c C:/ST/STM32CubeIDE_1.18.1/STM32CubeIDE/plugins/com.st.stm32cube.ide.mcu.externaltools.gnu-tools-for-stm32.13.3.rel1.win32_1.0.0.202411081344/tools/bin/../lib/gcc/arm-none-eabi/13.3.1/../../../../arm-none-eabi/lib/thumb/v6-m/nofp\libc_nano.a(libc_a-impure.o)
 .ARM.attributes
                0x0000053c       0x2c C:/ST/STM32CubeIDE_1.18.1/STM32CubeIDE/plugins/com.st.stm32cube.ide.mcu.externaltools.gnu-tools-for-stm32.13.3.rel1.win32_1.0.0.202411081344/tools/bin/../lib/gcc/arm-none-eabi/13.3.1/../../../../arm-none-eabi/lib/thumb/v6-m/nofp\libc_nano.a(libc_a-errno.o)
 .ARM.attributes
                0x00000568       0x2c C:/ST/STM32CubeIDE_1.18.1/STM32CubeIDE/plugins/com.st.stm32cube.ide.mcu.externaltools.gnu-tools-for-stm32.13.3.rel1.win32_1.0.0.202411081344/tools/bin/../lib/gcc/arm-none-eabi/13.3.1/../../../../arm-none-eabi/lib/thumb/v6-m/nofp\libc_nano.a(libc_a-init.o)
 .ARM.attributes
                0x00000594       0x2c C:/ST/STM32CubeIDE_1.18.1/STM32CubeIDE/plugins/com.st.stm32cube.ide.mcu.externaltools.gnu-tools-for-stm32.13.3.rel1.win32_1.0.0.202411081344/tools/bin/../lib/gcc/arm-none-eabi/13.3.1/../../../../arm-none-eabi/lib/thumb/v6-m/nofp\libc_nano.a(libc_a-lock.o)
 .ARM.attributes
                0x000005c0       0x2c C:/ST/STM32CubeIDE_1.18.1/STM32CubeIDE/plugins/com.st.stm32cube.ide.mcu.externaltools.gnu-tools-for-stm32.13.3.rel1.win32_1.0.0.202411081344/tools/bin/../lib/gcc/arm-none-eabi/13.3.1/../../../../arm-none-eabi/lib/thumb/v6-m/nofp\libc_nano.a(libc_a-memcpy-stub.o)
 .ARM.attributes
                0x000005ec       0x1c C:/ST/STM32CubeIDE_1.18.1/STM32CubeIDE/plugins/com.st.stm32cube.ide.mcu.externaltools.gnu-tools-for-stm32.13.3.rel1.win32_1.0.0.202411081344/tools/bin/../lib/gcc/arm-none-eabi/13.3.1/../../../../arm-none-eabi/lib/thumb/v6-m/nofp\libc_nano.a(libc_a-strlen.o)
 .ARM.attributes
                0x00000608       0x2c C:/ST/STM32CubeIDE_1.18.1/STM32CubeIDE/plugins/com.st.stm32cube.ide.mcu.externaltools.gnu-tools-for-stm32.13.3.rel1.win32_1.0.0.202411081344/tools/bin/../lib/gcc/arm-none-eabi/13.3.1/../../../../arm-none-eabi/lib/thumb/v6-m/nofp\libc_nano.a(libc_a-freer.o)
 .ARM.attributes
                0x00000634       0x2c C:/ST/STM32CubeIDE_1.18.1/STM32CubeIDE/plugins/com.st.stm32cube.ide.mcu.externaltools.gnu-tools-for-stm32.13.3.rel1.win32_1.0.0.202411081344/tools/bin/../lib/gcc/arm-none-eabi/13.3.1/../../../../arm-none-eabi/lib/thumb/v6-m/nofp\libc_nano.a(libc_a-mallocr.o)
 .ARM.attributes
                0x00000660       0x2c C:/ST/STM32CubeIDE_1.18.1/STM32CubeIDE/plugins/com.st.stm32cube.ide.mcu.externaltools.gnu-tools-for-stm32.13.3.rel1.win32_1.0.0.202411081344/tools/bin/../lib/gcc/arm-none-eabi/13.3.1/../../../../arm-none-eabi/lib/thumb/v6-m/nofp\libc_nano.a(libc_a-mlock.o)
 .ARM.attributes
                0x0000068c       0x2c C:/ST/STM32CubeIDE_1.18.1/STM32CubeIDE/plugins/com.st.stm32cube.ide.mcu.externaltools.gnu-tools-for-stm32.13.3.rel1.win32_1.0.0.202411081344/tools/bin/../lib/gcc/arm-none-eabi/13.3.1/../../../../arm-none-eabi/lib/thumb/v6-m/nofp\libc_nano.a(libc_a-nano-svfprintf.o)
 .ARM.attributes
                0x000006b8       0x2c C:/ST/STM32CubeIDE_1.18.1/STM32CubeIDE/plugins/com.st.stm32cube.ide.mcu.externaltools.gnu-tools-for-stm32.13.3.rel1.win32_1.0.0.202411081344/tools/bin/../lib/gcc/arm-none-eabi/13.3.1/../../../../arm-none-eabi/lib/thumb/v6-m/nofp\libc_nano.a(libc_a-nano-vfprintf_i.o)
 .ARM.attributes
                0x000006e4       0x2c C:/ST/STM32CubeIDE_1.18.1/STM32CubeIDE/plugins/com.st.stm32cube.ide.mcu.externaltools.gnu-tools-for-stm32.13.3.rel1.win32_1.0.0.202411081344/tools/bin/../lib/gcc/arm-none-eabi/13.3.1/../../../../arm-none-eabi/lib/thumb/v6-m/nofp\libc_nano.a(libc_a-memmove.o)
 .ARM.attributes
                0x00000710       0x2c C:/ST/STM32CubeIDE_1.18.1/STM32CubeIDE/plugins/com.st.stm32cube.ide.mcu.externaltools.gnu-tools-for-stm32.13.3.rel1.win32_1.0.0.202411081344/tools/bin/../lib/gcc/arm-none-eabi/13.3.1/../../../../arm-none-eabi/lib/thumb/v6-m/nofp\libc_nano.a(libc_a-sbrkr.o)
 .ARM.attributes
                0x0000073c       0x2c C:/ST/STM32CubeIDE_1.18.1/STM32CubeIDE/plugins/com.st.stm32cube.ide.mcu.externaltools.gnu-tools-for-stm32.13.3.rel1.win32_1.0.0.202411081344/tools/bin/../lib/gcc/arm-none-eabi/13.3.1/../../../../arm-none-eabi/lib/thumb/v6-m/nofp\libc_nano.a(libc_a-memchr-stub.o)
 .ARM.attributes
                0x00000768       0x2c C:/ST/STM32CubeIDE_1.18.1/STM32CubeIDE/plugins/com.st.stm32cube.ide.mcu.externaltools.gnu-tools-for-stm32.13.3.rel1.win32_1.0.0.202411081344/tools/bin/../lib/gcc/arm-none-eabi/13.3.1/../../../../arm-none-eabi/lib/thumb/v6-m/nofp\libc_nano.a(libc_a-reallocr.o)
 .ARM.attributes
                0x00000794       0x2c C:/ST/STM32CubeIDE_1.18.1/STM32CubeIDE/plugins/com.st.stm32cube.ide.mcu.externaltools.gnu-tools-for-stm32.13.3.rel1.win32_1.0.0.202411081344/tools/bin/../lib/gcc/arm-none-eabi/13.3.1/../../../../arm-none-eabi/lib/thumb/v6-m/nofp\libc_nano.a(libc_a-msizer.o)
 .ARM.attributes
                0x000007c0       0x1e C:/ST/STM32CubeIDE_1.18.1/STM32CubeIDE/plugins/com.st.stm32cube.ide.mcu.externaltools.gnu-tools-for-stm32.13.3.rel1.win32_1.0.0.202411081344/tools/bin/../lib/gcc/arm-none-eabi/13.3.1/thumb/v6-m/nofp\libgcc.a(_thumb1_case_shi.o)
 .ARM.attributes
                0x000007de       0x1e C:/ST/STM32CubeIDE_1.18.1/STM32CubeIDE/plugins/com.st.stm32cube.ide.mcu.externaltools.gnu-tools-for-stm32.13.3.rel1.win32_1.0.0.202411081344/tools/bin/../lib/gcc/arm-none-eabi/13.3.1/thumb/v6-m/nofp\libgcc.a(_udivsi3.o)
 .ARM.attributes
                0x000007fc       0x1e C:/ST/STM32CubeIDE_1.18.1/STM32CubeIDE/plugins/com.st.stm32cube.ide.mcu.externaltools.gnu-tools-for-stm32.13.3.rel1.win32_1.0.0.202411081344/tools/bin/../lib/gcc/arm-none-eabi/13.3.1/thumb/v6-m/nofp\libgcc.a(_divsi3.o)
 .ARM.attributes
                0x0000081a       0x1e C:/ST/STM32CubeIDE_1.18.1/STM32CubeIDE/plugins/com.st.stm32cube.ide.mcu.externaltools.gnu-tools-for-stm32.13.3.rel1.win32_1.0.0.202411081344/tools/bin/../lib/gcc/arm-none-eabi/13.3.1/thumb/v6-m/nofp\libgcc.a(_dvmd_tls.o)
 .ARM.attributes
                0x00000838       0x1e C:/ST/STM32CubeIDE_1.18.1/STM32CubeIDE/plugins/com.st.stm32cube.ide.mcu.externaltools.gnu-tools-for-stm32.13.3.rel1.win32_1.0.0.202411081344/tools/bin/../lib/gcc/arm-none-eabi/13.3.1/thumb/v6-m/nofp/crtn.o
OUTPUT(Braille_firmware.elf elf32-littlearm)
LOAD linker stubs
LOAD C:/ST/STM32CubeIDE_1.18.1/STM32CubeIDE/plugins/com.st.stm32cube.ide.mcu.externaltools.gnu-tools-for-stm32.13.3.rel1.win32_1.0.0.202411081344/tools/bin/../lib/gcc/arm-none-eabi/13.3.1/../../../../arm-none-eabi/lib/thumb/v6-m/nofp\libc.a
LOAD C:/ST/STM32CubeIDE_1.18.1/STM32CubeIDE/plugins/com.st.stm32cube.ide.mcu.externaltools.gnu-tools-for-stm32.13.3.rel1.win32_1.0.0.202411081344/tools/bin/../lib/gcc/arm-none-eabi/13.3.1/../../../../arm-none-eabi/lib/thumb/v6-m/nofp\libm.a
LOAD C:/ST/STM32CubeIDE_1.18.1/STM32CubeIDE/plugins/com.st.stm32cube.ide.mcu.externaltools.gnu-tools-for-stm32.13.3.rel1.win32_1.0.0.202411081344/tools/bin/../lib/gcc/arm-none-eabi/13.3.1/thumb/v6-m/nofp\libgcc.a

.debug_info     0x00000000    0x16b3d
 .debug_info    0x00000000      0xdf0 ./Core/Src/arq.o
 .debug_info    0x00000df0      0xb32 ./Core/Src/braille_driver.o
 .debug_info    0x00001922      0xca4 ./Core/Src/frame.o
 .debug_info    0x000025c6     0x1787 ./Core/Src/logic.o
 .debug_info    0x00003d4d     0x18b2 ./Core/Src/main.o
 .debug_info    0x000055ff     0x148b ./Core/Src/stm32c0xx_hal_msp.o
 .debug_info    0x00006a8a      0x7c9 ./Core/Src/stm32c0xx_it.o
 .debug_info    0x00007253      0x168 ./Core/Src/sysmem.o
 .debug_info    0x000073bb      0x373 ./Core/Src/system_stm32c0xx.o
 .debug_info    0x0000772e       0x30 ./Core/Startup/startup_stm32c031g6ux.o
 .debug_info    0x0000775e      0x832 ./Drivers/STM32C0xx_HAL_Driver/Src/stm32c0xx_hal.o
 .debug_info    0x00007f90      0x87b ./Drivers/STM32C0xx_HAL_Driver/Src/stm32c0xx_hal_cortex.o
 .debug_info    0x0000880b      0x830 ./Drivers/STM32C0xx_HAL_Driver/Src/stm32c0xx_hal_dma.o
 .debug_info    0x0000903b      0x5b7 ./Drivers/STM32C0xx_HAL_Driver/Src/stm32c0xx_hal_gpio.o
 .debug_info    0x000095f2     0x21b8 ./Drivers/STM32C0xx_HAL_Driver/Src/stm32c0xx_hal_i2c.o
 .debug_info    0x0000b7aa      0x9cd ./Drivers/STM32C0xx_HAL_Driver/Src/stm32c0xx_hal_i2c_ex.o
 .debug_info    0x0000c177      0x903 ./Drivers/STM32C0xx_HAL_Driver/Src/stm32c0xx_hal_rcc.o
 .debug_info    0x0000ca7a      0x551 ./Drivers/STM32C0xx_HAL_Driver/Src/stm32c0xx_hal_rcc_ex.o
 .debug_info    0x0000cfcb     0x2b65 ./Drivers/STM32C0xx_HAL_Driver/Src/stm32c0xx_hal_tim.o
 .debug_info    0x0000fb30     0x1878 ./Drivers/STM32C0xx_HAL_Driver/Src/stm32c0xx_hal_tim_ex.o
 .debug_info    0x000113a8     0x4828 ./Drivers/STM32C0xx_HAL_Driver/Src/stm32c0xx_hal_uart.o
 .debug_info    0x00015bd0      0xf6d ./Drivers/STM32C0xx_HAL_Driver/Src/stm32c0xx_hal_uart_ex.o

.debug_abbrev   0x00000000     0x322f
 .debug_abbrev  0x00000000      0x292 ./Core/Src/arq.o
 .debug_abbrev  0x00000292      0x235 ./Core/Src/braille_driver.o
 .debug_abbrev  0x000004c7      0x2dd ./Core/Src/frame.o
 .debug_abbrev  0x000007a4      0x40e ./Core/Src/logic.o
 .debug_abbrev  0x00000bb2      0x32d ./Core/Src/main.o
 .debug_abbrev  0x00000edf      0x271 ./Core/Src/stm32c0xx_hal_msp.o
 .debug_abbrev  0x00001150      0x184 ./Core/Src/stm32c0xx_it.o
 .debug_abbrev  0x000012d4       0xbc ./Core/Src/sysmem.o
 .debug_abbrev  0x00001390      0x119 ./Core/Src/system_stm32c0xx.o
 .debug_abbrev  0x000014a9       0x24 ./Core/Startup/startup_stm32c031g6ux.o
 .debug_abbrev  0x000014cd      0x2cb ./Drivers/STM32C0xx_HAL_Driver/Src/stm32c0xx_hal.o
 .debug_abbrev  0x00001798      0x2b7 ./Drivers/STM32C0xx_HAL_Driver/Src/stm32c0xx_hal_cortex.o
 .debug_abbrev  0x00001a4f      0x1dc ./Drivers/STM32C0xx_HAL_Driver/Src/stm32c0xx_hal_dma.o
 .debug_abbrev  0x00001c2b      0x1d6 ./Drivers/STM32C0xx_HAL_Driver/Src/stm32c0xx_hal_gpio.o
 .debug_abbrev  0x00001e01      0x26e ./Drivers/STM32C0xx_HAL_Driver/Src/stm32c0xx_hal_i2c.o
 .debug_abbrev  0x0000206f      0x1e3 ./Drivers/STM32C0xx_HAL_Driver/Src/stm32c0xx_hal_i2c_ex.o
 .debug_abbrev  0x00002252      0x28b ./Drivers/STM32C0xx_HAL_Driver/Src/stm32c0xx_hal_rcc.o
 .debug_abbrev  0x000024dd      0x225 ./Drivers/STM32C0xx_HAL_Driver/Src/stm32c0xx_hal_rcc_ex.o
 .debug_abbrev  0x00002702      0x28a ./Drivers/STM32C0xx_HAL_Driver/Src/stm32c0xx_hal_tim.o
 .debug_abbrev  0x0000298c      0x2aa ./Drivers/STM32C0xx_HAL_Driver/Src/stm32c0xx_hal_tim_ex.o
 .debug_abbrev  0x00002c36      0x314 ./Drivers/STM32C0xx_HAL_Driver/Src/stm32c0xx_hal_uart.o
 .debug_abbrev  0x00002f4a      0x2e5 ./Drivers/STM32C0xx_HAL_Driver/Src/stm32c0xx_hal_uart_ex.o

.debug_aranges  0x00000000     0x12c0
 .debug_aranges
                0x00000000       0x90 ./Core/Src/arq.o
 .debug_aranges
                0x00000090       0x50 ./Core/Src/braille_driver.o
 .debug_aranges
                0x000000e0       0x70 ./Core/Src/frame.o
 .debug_aranges
                0x00000150       0xe0 ./Core/Src/logic.o
 .debug_aranges
                0x00000230       0x68 ./Core/Src/main.o
 .debug_aranges
                0x00000298       0x58 ./Core/Src/stm32c0xx_hal_msp.o
 .debug_aranges
                0x000002f0       0x50 ./Core/Src/stm32c0xx_it.o
 .debug_aranges
                0x00000340       0x20 ./Core/Src/sysmem.o
 .debug_aranges
                0x00000360       0x28 ./Core/Src/system_stm32c0xx.o
 .debug_aranges
                0x00000388       0x28 ./Core/Startup/startup_stm32c031g6ux.o
 .debug_aranges
                0x000003b0      0x100 ./Drivers/STM32C0xx_HAL_Driver/Src/stm32c0xx_hal.o
 .debug_aranges
                0x000004b0       0xe8 ./Drivers/STM32C0xx_HAL_Driver/Src/stm32c0xx_hal_cortex.o
 .debug_aranges
                0x00000598       0x90 ./Drivers/STM32C0xx_HAL_Driver/Src/stm32c0xx_hal_dma.o
 .debug_aranges
                0x00000628       0x68 ./Drivers/STM32C0xx_HAL_Driver/Src/stm32c0xx_hal_gpio.o
 .debug_aranges
                0x00000690      0x2a0 ./Drivers/STM32C0xx_HAL_Driver/Src/stm32c0xx_hal_i2c.o
 .debug_aranges
                0x00000930       0x48 ./Drivers/STM32C0xx_HAL_Driver/Src/stm32c0xx_hal_i2c_ex.o
 .debug_aranges
                0x00000978       0xa0 ./Drivers/STM32C0xx_HAL_Driver/Src/stm32c0xx_hal_rcc.o
 .debug_aranges
                0x00000a18       0x40 ./Drivers/STM32C0xx_HAL_Driver/Src/stm32c0xx_hal_rcc_ex.o
 .debug_aranges
                0x00000a58      0x3e0 ./Drivers/STM32C0xx_HAL_Driver/Src/stm32c0xx_hal_tim.o
 .debug_aranges
                0x00000e38      0x198 ./Drivers/STM32C0xx_HAL_Driver/Src/stm32c0xx_hal_tim_ex.o
 .debug_aranges
                0x00000fd0      0x248 ./Drivers/STM32C0xx_HAL_Driver/Src/stm32c0xx_hal_uart.o
 .debug_aranges
                0x00001218       0xa8 ./Drivers/STM32C0xx_HAL_Driver/Src/stm32c0xx_hal_uart_ex.o

.debug_rnglists
                0x00000000      0xee7
 .debug_rnglists
                0x00000000       0x6c ./Core/Src/arq.o
 .debug_rnglists
                0x0000006c       0x39 ./Core/Src/braille_driver.o
 .debug_rnglists
                0x000000a5       0x61 ./Core/Src/frame.o
 .debug_rnglists
                0x00000106       0xbc ./Core/Src/logic.o
 .debug_rnglists
                0x000001c2       0x4f ./Core/Src/main.o
 .debug_rnglists
                0x00000211       0x40 ./Core/Src/stm32c0xx_hal_msp.o
 .debug_rnglists
                0x00000251       0x37 ./Core/Src/stm32c0xx_it.o
 .debug_rnglists
                0x00000288       0x13 ./Core/Src/sysmem.o
 .debug_rnglists
                0x0000029b       0x1a ./Core/Src/system_stm32c0xx.o
 .debug_rnglists
                0x000002b5       0x19 ./Core/Startup/startup_stm32c031g6ux.o
 .debug_rnglists
                0x000002ce       0xbc ./Drivers/STM32C0xx_HAL_Driver/Src/stm32c0xx_hal.o
 .debug_rnglists
                0x0000038a       0xaa ./Drivers/STM32C0xx_HAL_Driver/Src/stm32c0xx_hal_cortex.o
 .debug_rnglists
                0x00000434       0x72 ./Drivers/STM32C0xx_HAL_Driver/Src/stm32c0xx_hal_dma.o
 .debug_rnglists
                0x000004a6       0x4b ./Drivers/STM32C0xx_HAL_Driver/Src/stm32c0xx_hal_gpio.o
 .debug_rnglists
                0x000004f1      0x229 ./Drivers/STM32C0xx_HAL_Driver/Src/stm32c0xx_hal_i2c.o
 .debug_rnglists
                0x0000071a       0x35 ./Drivers/STM32C0xx_HAL_Driver/Src/stm32c0xx_hal_i2c_ex.o
 .debug_rnglists
                0x0000074f       0x78 ./Drivers/STM32C0xx_HAL_Driver/Src/stm32c0xx_hal_rcc.o
 .debug_rnglists
                0x000007c7       0x2d ./Drivers/STM32C0xx_HAL_Driver/Src/stm32c0xx_hal_rcc_ex.o
 .debug_rnglists
                0x000007f4      0x32a ./Drivers/STM32C0xx_HAL_Driver/Src/stm32c0xx_hal_tim.o
 .debug_rnglists
                0x00000b1e      0x14e ./Drivers/STM32C0xx_HAL_Driver/Src/stm32c0xx_hal_tim_ex.o
 .debug_rnglists
                0x00000c6c      0x1fb ./Drivers/STM32C0xx_HAL_Driver/Src/stm32c0xx_hal_uart.o
 .debug_rnglists
                0x00000e67       0x80 ./Drivers/STM32C0xx_HAL_Driver/Src/stm32c0xx_hal_uart_ex.o

.debug_macro    0x00000000    0x15a40
 .debug_macro   0x00000000      0x317 ./Core/Src/arq.o
 .debug_macro   0x00000317      0xaae ./Core/Src/arq.o
 .debug_macro   0x00000dc5       0x2e ./Core/Src/arq.o
 .debug_macro   0x00000df3       0x28 ./Core/Src/arq.o
 .debug_macro   0x00000e1b       0x22 ./Core/Src/arq.o
 .debug_macro   0x00000e3d       0x8e ./Core/Src/arq.o
 .debug_macro   0x00000ecb       0x51 ./Core/Src/arq.o
 .debug_macro   0x00000f1c      0x103 ./Core/Src/arq.o
 .debug_macro   0x0000101f       0x6a ./Core/Src/arq.o
 .debug_macro   0x00001089      0x1df ./Core/Src/arq.o
 .debug_macro   0x00001268       0x1c ./Core/Src/arq.o
 .debug_macro   0x00001284       0x22 ./Core/Src/arq.o
 .debug_macro   0x000012a6       0xd1 ./Core/Src/arq.o
 .debug_macro   0x00001377      0x4da ./Core/Src/arq.o
 .debug_macro   0x00001851      0x11f ./Core/Src/arq.o
 .debug_macro   0x00001970     0x93cf ./Core/Src/arq.o
 .debug_macro   0x0000ad3f       0x6d ./Core/Src/arq.o
 .debug_macro   0x0000adac      0x175 ./Core/Src/arq.o
 .debug_macro   0x0000af21       0xef ./Core/Src/arq.o
 .debug_macro   0x0000b010     0x3440 ./Core/Src/arq.o
 .debug_macro   0x0000e450      0x190 ./Core/Src/arq.o
 .debug_macro   0x0000e5e0       0x5b ./Core/Src/arq.o
 .debug_macro   0x0000e63b      0x366 ./Core/Src/arq.o
 .debug_macro   0x0000e9a1      0xb47 ./Core/Src/arq.o
 .debug_macro   0x0000f4e8      0x145 ./Core/Src/arq.o
 .debug_macro   0x0000f62d      0x15f ./Core/Src/arq.o
 .debug_macro   0x0000f78c      0x19d ./Core/Src/arq.o
 .debug_macro   0x0000f929      0x264 ./Core/Src/arq.o
 .debug_macro   0x0000fb8d      0x17e ./Core/Src/arq.o
 .debug_macro   0x0000fd0b       0x43 ./Core/Src/arq.o
 .debug_macro   0x0000fd4e      0x1f1 ./Core/Src/arq.o
 .debug_macro   0x0000ff3f      0x1b1 ./Core/Src/arq.o
 .debug_macro   0x000100f0      0x37c ./Core/Src/arq.o
 .debug_macro   0x0001046c       0x28 ./Core/Src/arq.o
 .debug_macro   0x00010494       0xb3 ./Core/Src/arq.o
 .debug_macro   0x00010547      0x22c ./Core/Src/arq.o
 .debug_macro   0x00010773       0x67 ./Core/Src/arq.o
 .debug_macro   0x000107da       0xa5 ./Core/Src/arq.o
 .debug_macro   0x0001087f      0x104 ./Core/Src/arq.o
 .debug_macro   0x00010983       0xf6 ./Core/Src/arq.o
 .debug_macro   0x00010a79      0xaa6 ./Core/Src/arq.o
 .debug_macro   0x0001151f       0xd9 ./Core/Src/arq.o
 .debug_macro   0x000115f8      0x67e ./Core/Src/arq.o
 .debug_macro   0x00011c76       0xa6 ./Core/Src/arq.o
 .debug_macro   0x00011d1c      0x3a9 ./Core/Src/arq.o
 .debug_macro   0x000120c5       0x22 ./Core/Src/arq.o
 .debug_macro   0x000120e7       0x61 ./Core/Src/arq.o
 .debug_macro   0x00012148       0x24 ./Core/Src/arq.o
 .debug_macro   0x0001216c       0x43 ./Core/Src/arq.o
 .debug_macro   0x000121af       0x34 ./Core/Src/arq.o
 .debug_macro   0x000121e3      0x370 ./Core/Src/arq.o
 .debug_macro   0x00012553       0x16 ./Core/Src/arq.o
 .debug_macro   0x00012569       0x4a ./Core/Src/arq.o
 .debug_macro   0x000125b3       0x34 ./Core/Src/arq.o
 .debug_macro   0x000125e7       0x10 ./Core/Src/arq.o
 .debug_macro   0x000125f7       0x58 ./Core/Src/arq.o
 .debug_macro   0x0001264f       0x8e ./Core/Src/arq.o
 .debug_macro   0x000126dd       0x1c ./Core/Src/arq.o
 .debug_macro   0x000126f9      0x185 ./Core/Src/arq.o
 .debug_macro   0x0001287e       0x10 ./Core/Src/arq.o
 .debug_macro   0x0001288e       0x3c ./Core/Src/arq.o
 .debug_macro   0x000128ca       0x20 ./Core/Src/arq.o
 .debug_macro   0x000128ea       0x16 ./Core/Src/arq.o
 .debug_macro   0x00012900       0x16 ./Core/Src/arq.o
 .debug_macro   0x00012916       0x29 ./Core/Src/arq.o
 .debug_macro   0x0001293f       0x34 ./Core/Src/arq.o
 .debug_macro   0x00012973      0x201 ./Core/Src/braille_driver.o
 .debug_macro   0x00012b74       0xa0 ./Core/Src/braille_driver.o
 .debug_macro   0x00012c14       0x16 ./Core/Src/braille_driver.o
 .debug_macro   0x00012c2a      0x307 ./Core/Src/frame.o
 .debug_macro   0x00012f31      0x371 ./Core/Src/logic.o
 .debug_macro   0x000132a2       0x10 ./Core/Src/logic.o
 .debug_macro   0x000132b2       0xa6 ./Core/Src/logic.o
 .debug_macro   0x00013358       0x1c ./Core/Src/logic.o
 .debug_macro   0x00013374       0x10 ./Core/Src/logic.o
 .debug_macro   0x00013384       0x1c ./Core/Src/logic.o
 .debug_macro   0x000133a0       0x16 ./Core/Src/logic.o
 .debug_macro   0x000133b6      0x146 ./Core/Src/logic.o
 .debug_macro   0x000134fc       0x16 ./Core/Src/logic.o
 .debug_macro   0x00013512      0x373 ./Core/Src/main.o
 .debug_macro   0x00013885      0x1f8 ./Core/Src/stm32c0xx_hal_msp.o
 .debug_macro   0x00013a7d      0x202 ./Core/Src/stm32c0xx_it.o
 .debug_macro   0x00013c7f      0x112 ./Core/Src/sysmem.o
 .debug_macro   0x00013d91      0x23c ./Core/Src/sysmem.o
 .debug_macro   0x00013fcd      0x1ef ./Core/Src/system_stm32c0xx.o
 .debug_macro   0x000141bc      0x207 ./Drivers/STM32C0xx_HAL_Driver/Src/stm32c0xx_hal.o
 .debug_macro   0x000143c3      0x1e9 ./Drivers/STM32C0xx_HAL_Driver/Src/stm32c0xx_hal_cortex.o
 .debug_macro   0x000145ac      0x1e9 ./Drivers/STM32C0xx_HAL_Driver/Src/stm32c0xx_hal_dma.o
 .debug_macro   0x00014795      0x21e ./Drivers/STM32C0xx_HAL_Driver/Src/stm32c0xx_hal_gpio.o
 .debug_macro   0x000149b3      0x2b5 ./Drivers/STM32C0xx_HAL_Driver/Src/stm32c0xx_hal_i2c.o
 .debug_macro   0x00014c68      0x1e9 ./Drivers/STM32C0xx_HAL_Driver/Src/stm32c0xx_hal_i2c_ex.o
 .debug_macro   0x00014e51      0x219 ./Drivers/STM32C0xx_HAL_Driver/Src/stm32c0xx_hal_rcc.o
 .debug_macro   0x0001506a      0x1fb ./Drivers/STM32C0xx_HAL_Driver/Src/stm32c0xx_hal_rcc_ex.o
 .debug_macro   0x00015265      0x1f1 ./Drivers/STM32C0xx_HAL_Driver/Src/stm32c0xx_hal_tim.o
 .debug_macro   0x00015456      0x1ef ./Drivers/STM32C0xx_HAL_Driver/Src/stm32c0xx_hal_tim_ex.o
 .debug_macro   0x00015645      0x206 ./Drivers/STM32C0xx_HAL_Driver/Src/stm32c0xx_hal_uart.o
 .debug_macro   0x0001584b      0x1f5 ./Drivers/STM32C0xx_HAL_Driver/Src/stm32c0xx_hal_uart_ex.o

.debug_line     0x00000000    0x1869a
 .debug_line    0x00000000      0xc76 ./Core/Src/arq.o
 .debug_line    0x00000c76      0x9f7 ./Core/Src/braille_driver.o
 .debug_line    0x0000166d      0xe1f ./Core/Src/frame.o
 .debug_line    0x0000248c     0x10c7 ./Core/Src/logic.o
 .debug_line    0x00003553      0xc91 ./Core/Src/main.o
 .debug_line    0x000041e4      0x93f ./Core/Src/stm32c0xx_hal_msp.o
 .debug_line    0x00004b23      0x831 ./Core/Src/stm32c0xx_it.o
 .debug_line    0x00005354      0x588 ./Core/Src/sysmem.o
 .debug_line    0x000058dc      0x7fb ./Core/Src/system_stm32c0xx.o
 .debug_line    0x000060d7       0x7d ./Core/Startup/startup_stm32c031g6ux.o
 .debug_line    0x00006154      0xadb ./Drivers/STM32C0xx_HAL_Driver/Src/stm32c0xx_hal.o
 .debug_line    0x00006c2f      0xbf6 ./Drivers/STM32C0xx_HAL_Driver/Src/stm32c0xx_hal_cortex.o
 .debug_line    0x00007825      0xde3 ./Drivers/STM32C0xx_HAL_Driver/Src/stm32c0xx_hal_dma.o
 .debug_line    0x00008608      0xbf3 ./Drivers/STM32C0xx_HAL_Driver/Src/stm32c0xx_hal_gpio.o
 .debug_line    0x000091fb     0x37a8 ./Drivers/STM32C0xx_HAL_Driver/Src/stm32c0xx_hal_i2c.o
 .debug_line    0x0000c9a3      0x90a ./Drivers/STM32C0xx_HAL_Driver/Src/stm32c0xx_hal_i2c_ex.o
 .debug_line    0x0000d2ad      0xdfe ./Drivers/STM32C0xx_HAL_Driver/Src/stm32c0xx_hal_rcc.o
 .debug_line    0x0000e0ab      0xa5d ./Drivers/STM32C0xx_HAL_Driver/Src/stm32c0xx_hal_rcc_ex.o
 .debug_line    0x0000eb08     0x3c03 ./Drivers/STM32C0xx_HAL_Driver/Src/stm32c0xx_hal_tim.o
 .debug_line    0x0001270b     0x1b92 ./Drivers/STM32C0xx_HAL_Driver/Src/stm32c0xx_hal_tim_ex.o
 .debug_line    0x0001429d     0x3679 ./Drivers/STM32C0xx_HAL_Driver/Src/stm32c0xx_hal_uart.o
 .debug_line    0x00017916      0xd84 ./Drivers/STM32C0xx_HAL_Driver/Src/stm32c0xx_hal_uart_ex.o

.debug_str      0x00000000    0x839ff
 .debug_str     0x00000000    0x839ff ./Core/Src/arq.o
                              0x7dd1a (size before relaxing)
 .debug_str     0x000839ff    0x7abef ./Core/Src/braille_driver.o
 .debug_str     0x000839ff    0x7dc7d ./Core/Src/frame.o
 .debug_str     0x000839ff    0x7ed29 ./Core/Src/logic.o
 .debug_str     0x000839ff    0x7f087 ./Core/Src/main.o
 .debug_str     0x000839ff    0x7b2fb ./Core/Src/stm32c0xx_hal_msp.o
 .debug_str     0x000839ff    0x7a96c ./Core/Src/stm32c0xx_it.o
 .debug_str     0x000839ff     0x768d ./Core/Src/sysmem.o
 .debug_str     0x000839ff    0x7a2d1 ./Core/Src/system_stm32c0xx.o
 .debug_str     0x000839ff       0x83 ./Core/Startup/startup_stm32c031g6ux.o
 .debug_str     0x000839ff    0x7a8b7 ./Drivers/STM32C0xx_HAL_Driver/Src/stm32c0xx_hal.o
 .debug_str     0x000839ff    0x7a6da ./Drivers/STM32C0xx_HAL_Driver/Src/stm32c0xx_hal_cortex.o
 .debug_str     0x000839ff    0x7a738 ./Drivers/STM32C0xx_HAL_Driver/Src/stm32c0xx_hal_dma.o
 .debug_str     0x000839ff    0x7a4b9 ./Drivers/STM32C0xx_HAL_Driver/Src/stm32c0xx_hal_gpio.o
 .debug_str     0x000839ff    0x7b67c ./Drivers/STM32C0xx_HAL_Driver/Src/stm32c0xx_hal_i2c.o
 .debug_str     0x000839ff    0x7a8f2 ./Drivers/STM32C0xx_HAL_Driver/Src/stm32c0xx_hal_i2c_ex.o
 .debug_str     0x000839ff    0x7a8ac ./Drivers/STM32C0xx_HAL_Driver/Src/stm32c0xx_hal_rcc.o
 .debug_str     0x000839ff    0x7a52a ./Drivers/STM32C0xx_HAL_Driver/Src/stm32c0xx_hal_rcc_ex.o
 .debug_str     0x000839ff    0x7b7e9 ./Drivers/STM32C0xx_HAL_Driver/Src/stm32c0xx_hal_tim.o
 .debug_str     0x000839ff    0x7b177 ./Drivers/STM32C0xx_HAL_Driver/Src/stm32c0xx_hal_tim_ex.o
 .debug_str     0x000839ff    0x7b211 ./Drivers/STM32C0xx_HAL_Driver/Src/stm32c0xx_hal_uart.o
 .debug_str     0x000839ff    0x7ab3a ./Drivers/STM32C0xx_HAL_Driver/Src/stm32c0xx_hal_uart_ex.o

.comment        0x00000000       0x43
 .comment       0x00000000       0x43 ./Core/Src/arq.o
                                 0x44 (size before relaxing)
 .comment       0x00000043       0x44 ./Core/Src/braille_driver.o
 .comment       0x00000043       0x44 ./Core/Src/frame.o
 .comment       0x00000043       0x44 ./Core/Src/logic.o
 .comment       0x00000043       0x44 ./Core/Src/main.o
 .comment       0x00000043       0x44 ./Core/Src/stm32c0xx_hal_msp.o
 .comment       0x00000043       0x44 ./Core/Src/stm32c0xx_it.o
 .comment       0x00000043       0x44 ./Core/Src/sysmem.o
 .comment       0x00000043       0x44 ./Core/Src/system_stm32c0xx.o
 .comment       0x00000043       0x44 ./Drivers/STM32C0xx_HAL_Driver/Src/stm32c0xx_hal.o
 .comment       0x00000043       0x44 ./Drivers/STM32C0xx_HAL_Driver/Src/stm32c0xx_hal_cortex.o
 .comment       0x00000043       0x44 ./Drivers/STM32C0xx_HAL_Driver/Src/stm32c0xx_hal_dma.o
 .comment       0x00000043       0x44 ./Drivers/STM32C0xx_HAL_Driver/Src/stm32c0xx_hal_gpio.o
 .comment       0x00000043       0x44 ./Drivers/STM32C0xx_HAL_Driver/Src/stm32c0xx_hal_i2c.o
 .comment       0x00000043       0x44 ./Drivers/STM32C0xx_HAL_Driver/Src/stm32c0xx_hal_i2c_ex.o
 .comment       0x00000043       0x44 ./Drivers/STM32C0xx_HAL_Driver/Src/stm32c0xx_hal_rcc.o
 .comment       0x00000043       0x44 ./Drivers/STM32C0xx_HAL_Driver/Src/stm32c0xx_hal_rcc_ex.o
 .comment       0x00000043       0x44 ./Drivers/STM32C0xx_HAL_Driver/Src/stm32c0xx_hal_tim.o
 .comment       0x00000043       0x44 ./Drivers/STM32C0xx_HAL_Driver/Src/stm32c0xx_hal_tim_ex.o
 .comment       0x00000043       0x44 ./Drivers/STM32C0xx_HAL_Driver/Src/stm32c0xx_hal_uart.o
 .comment       0x00000043       0x44 ./Drivers/STM32C0xx_HAL_Driver/Src/stm32c0xx_hal_uart_ex.o

.debug_frame    0x00000000     0x494c
 .debug_frame   0x00000000      0x1f0 ./Core/Src/arq.o
 .debug_frame   0x000001f0       0xec ./Core/Src/braille_driver.o
 .debug_frame   0x000002dc      0x178 ./Core/Src/frame.o
 .debug_frame   0x00000454      0x318 ./Core/Src/logic.o
 .debug_frame   0x0000076c      0x13c ./Core/Src/main.o
 .debug_frame   0x000008a8      0x110 ./Core/Src/stm32c0xx_hal_msp.o
 .debug_frame   0x000009b8       0xd4 ./Core/Src/stm32c0xx_it.o
 .debug_frame   0x00000a8c       0x30 ./Core/Src/sysmem.o
 .debug_frame   0x00000abc       0x4c ./Core/Src/system_stm32c0xx.o
 .debug_frame   0x00000b08      0x368 ./Drivers/STM32C0xx_HAL_Driver/Src/stm32c0xx_hal.o
 .debug_frame   0x00000e70      0x33c ./Drivers/STM32C0xx_HAL_Driver/Src/stm32c0xx_hal_cortex.o
 .debug_frame   0x000011ac      0x1f0 ./Drivers/STM32C0xx_HAL_Driver/Src/stm32c0xx_hal_dma.o
 .debug_frame   0x0000139c      0x150 ./Drivers/STM32C0xx_HAL_Driver/Src/stm32c0xx_hal_gpio.o
 .debug_frame   0x000014ec      0xa68 ./Drivers/STM32C0xx_HAL_Driver/Src/stm32c0xx_hal_i2c.o
 .debug_frame   0x00001f54       0xd0 ./Drivers/STM32C0xx_HAL_Driver/Src/stm32c0xx_hal_i2c_ex.o
 .debug_frame   0x00002024      0x214 ./Drivers/STM32C0xx_HAL_Driver/Src/stm32c0xx_hal_rcc.o
 .debug_frame   0x00002238       0xac ./Drivers/STM32C0xx_HAL_Driver/Src/stm32c0xx_hal_rcc_ex.o
 .debug_frame   0x000022e4      0xf40 ./Drivers/STM32C0xx_HAL_Driver/Src/stm32c0xx_hal_tim.o
 .debug_frame   0x00003224      0x620 ./Drivers/STM32C0xx_HAL_Driver/Src/stm32c0xx_hal_tim_ex.o
 .debug_frame   0x00003844      0x8d4 ./Drivers/STM32C0xx_HAL_Driver/Src/stm32c0xx_hal_uart.o
 .debug_frame   0x00004118      0x258 ./Drivers/STM32C0xx_HAL_Driver/Src/stm32c0xx_hal_uart_ex.o
 .debug_frame   0x00004370      0x138 C:/ST/STM32CubeIDE_1.18.1/STM32CubeIDE/plugins/com.st.stm32cube.ide.mcu.externaltools.gnu-tools-for-stm32.13.3.rel1.win32_1.0.0.202411081344/tools/bin/../lib/gcc/arm-none-eabi/13.3.1/../../../../arm-none-eabi/lib/thumb/v6-m/nofp\libc_nano.a(libc_a-findfp.o)
 .debug_frame   0x000044a8       0x50 C:/ST/STM32CubeIDE_1.18.1/STM32CubeIDE/plugins/com.st.stm32cube.ide.mcu.externaltools.gnu-tools-for-stm32.13.3.rel1.win32_1.0.0.202411081344/tools/bin/../lib/gcc/arm-none-eabi/13.3.1/../../../../arm-none-eabi/lib/thumb/v6-m/nofp\libc_nano.a(libc_a-snprintf.o)
 .debug_frame   0x000044f8       0x20 C:/ST/STM32CubeIDE_1.18.1/STM32CubeIDE/plugins/com.st.stm32cube.ide.mcu.externaltools.gnu-tools-for-stm32.13.3.rel1.win32_1.0.0.202411081344/tools/bin/../lib/gcc/arm-none-eabi/13.3.1/../../../../arm-none-eabi/lib/thumb/v6-m/nofp\libc_nano.a(libc_a-memset.o)
 .debug_frame   0x00004518       0x2c C:/ST/STM32CubeIDE_1.18.1/STM32CubeIDE/plugins/com.st.stm32cube.ide.mcu.externaltools.gnu-tools-for-stm32.13.3.rel1.win32_1.0.0.202411081344/tools/bin/../lib/gcc/arm-none-eabi/13.3.1/../../../../arm-none-eabi/lib/thumb/v6-m/nofp\libc_nano.a(libc_a-strncmp.o)
 .debug_frame   0x00004544       0x2c C:/ST/STM32CubeIDE_1.18.1/STM32CubeIDE/plugins/com.st.stm32cube.ide.mcu.externaltools.gnu-tools-for-stm32.13.3.rel1.win32_1.0.0.202411081344/tools/bin/../lib/gcc/arm-none-eabi/13.3.1/../../../../arm-none-eabi/lib/thumb/v6-m/nofp\libc_nano.a(libc_a-strncpy.o)
 .debug_frame   0x00004570       0x2c C:/ST/STM32CubeIDE_1.18.1/STM32CubeIDE/plugins/com.st.stm32cube.ide.mcu.externaltools.gnu-tools-for-stm32.13.3.rel1.win32_1.0.0.202411081344/tools/bin/../lib/gcc/arm-none-eabi/13.3.1/../../../../arm-none-eabi/lib/thumb/v6-m/nofp\libc_nano.a(libc_a-reent.o)
 .debug_frame   0x0000459c       0x20 C:/ST/STM32CubeIDE_1.18.1/STM32CubeIDE/plugins/com.st.stm32cube.ide.mcu.externaltools.gnu-tools-for-stm32.13.3.rel1.win32_1.0.0.202411081344/tools/bin/../lib/gcc/arm-none-eabi/13.3.1/../../../../arm-none-eabi/lib/thumb/v6-m/nofp\libc_nano.a(libc_a-errno.o)
 .debug_frame   0x000045bc       0x2c C:/ST/STM32CubeIDE_1.18.1/STM32CubeIDE/plugins/com.st.stm32cube.ide.mcu.externaltools.gnu-tools-for-stm32.13.3.rel1.win32_1.0.0.202411081344/tools/bin/../lib/gcc/arm-none-eabi/13.3.1/../../../../arm-none-eabi/lib/thumb/v6-m/nofp\libc_nano.a(libc_a-init.o)
 .debug_frame   0x000045e8       0xb0 C:/ST/STM32CubeIDE_1.18.1/STM32CubeIDE/plugins/com.st.stm32cube.ide.mcu.externaltools.gnu-tools-for-stm32.13.3.rel1.win32_1.0.0.202411081344/tools/bin/../lib/gcc/arm-none-eabi/13.3.1/../../../../arm-none-eabi/lib/thumb/v6-m/nofp\libc_nano.a(libc_a-lock.o)
 .debug_frame   0x00004698       0x28 C:/ST/STM32CubeIDE_1.18.1/STM32CubeIDE/plugins/com.st.stm32cube.ide.mcu.externaltools.gnu-tools-for-stm32.13.3.rel1.win32_1.0.0.202411081344/tools/bin/../lib/gcc/arm-none-eabi/13.3.1/../../../../arm-none-eabi/lib/thumb/v6-m/nofp\libc_nano.a(libc_a-memcpy-stub.o)
 .debug_frame   0x000046c0       0x2c C:/ST/STM32CubeIDE_1.18.1/STM32CubeIDE/plugins/com.st.stm32cube.ide.mcu.externaltools.gnu-tools-for-stm32.13.3.rel1.win32_1.0.0.202411081344/tools/bin/../lib/gcc/arm-none-eabi/13.3.1/../../../../arm-none-eabi/lib/thumb/v6-m/nofp\libc_nano.a(libc_a-freer.o)
 .debug_frame   0x000046ec       0x50 C:/ST/STM32CubeIDE_1.18.1/STM32CubeIDE/plugins/com.st.stm32cube.ide.mcu.externaltools.gnu-tools-for-stm32.13.3.rel1.win32_1.0.0.202411081344/tools/bin/../lib/gcc/arm-none-eabi/13.3.1/../../../../arm-none-eabi/lib/thumb/v6-m/nofp\libc_nano.a(libc_a-mallocr.o)
 .debug_frame   0x0000473c       0x40 C:/ST/STM32CubeIDE_1.18.1/STM32CubeIDE/plugins/com.st.stm32cube.ide.mcu.externaltools.gnu-tools-for-stm32.13.3.rel1.win32_1.0.0.202411081344/tools/bin/../lib/gcc/arm-none-eabi/13.3.1/../../../../arm-none-eabi/lib/thumb/v6-m/nofp\libc_nano.a(libc_a-mlock.o)
 .debug_frame   0x0000477c       0x74 C:/ST/STM32CubeIDE_1.18.1/STM32CubeIDE/plugins/com.st.stm32cube.ide.mcu.externaltools.gnu-tools-for-stm32.13.3.rel1.win32_1.0.0.202411081344/tools/bin/../lib/gcc/arm-none-eabi/13.3.1/../../../../arm-none-eabi/lib/thumb/v6-m/nofp\libc_nano.a(libc_a-nano-svfprintf.o)
 .debug_frame   0x000047f0       0x54 C:/ST/STM32CubeIDE_1.18.1/STM32CubeIDE/plugins/com.st.stm32cube.ide.mcu.externaltools.gnu-tools-for-stm32.13.3.rel1.win32_1.0.0.202411081344/tools/bin/../lib/gcc/arm-none-eabi/13.3.1/../../../../arm-none-eabi/lib/thumb/v6-m/nofp\libc_nano.a(libc_a-nano-vfprintf_i.o)
 .debug_frame   0x00004844       0x28 C:/ST/STM32CubeIDE_1.18.1/STM32CubeIDE/plugins/com.st.stm32cube.ide.mcu.externaltools.gnu-tools-for-stm32.13.3.rel1.win32_1.0.0.202411081344/tools/bin/../lib/gcc/arm-none-eabi/13.3.1/../../../../arm-none-eabi/lib/thumb/v6-m/nofp\libc_nano.a(libc_a-memmove.o)
 .debug_frame   0x0000486c       0x2c C:/ST/STM32CubeIDE_1.18.1/STM32CubeIDE/plugins/com.st.stm32cube.ide.mcu.externaltools.gnu-tools-for-stm32.13.3.rel1.win32_1.0.0.202411081344/tools/bin/../lib/gcc/arm-none-eabi/13.3.1/../../../../arm-none-eabi/lib/thumb/v6-m/nofp\libc_nano.a(libc_a-sbrkr.o)
 .debug_frame   0x00004898       0x20 C:/ST/STM32CubeIDE_1.18.1/STM32CubeIDE/plugins/com.st.stm32cube.ide.mcu.externaltools.gnu-tools-for-stm32.13.3.rel1.win32_1.0.0.202411081344/tools/bin/../lib/gcc/arm-none-eabi/13.3.1/../../../../arm-none-eabi/lib/thumb/v6-m/nofp\libc_nano.a(libc_a-memchr-stub.o)
 .debug_frame   0x000048b8       0x34 C:/ST/STM32CubeIDE_1.18.1/STM32CubeIDE/plugins/com.st.stm32cube.ide.mcu.externaltools.gnu-tools-for-stm32.13.3.rel1.win32_1.0.0.202411081344/tools/bin/../lib/gcc/arm-none-eabi/13.3.1/../../../../arm-none-eabi/lib/thumb/v6-m/nofp\libc_nano.a(libc_a-reallocr.o)
 .debug_frame   0x000048ec       0x20 C:/ST/STM32CubeIDE_1.18.1/STM32CubeIDE/plugins/com.st.stm32cube.ide.mcu.externaltools.gnu-tools-for-stm32.13.3.rel1.win32_1.0.0.202411081344/tools/bin/../lib/gcc/arm-none-eabi/13.3.1/../../../../arm-none-eabi/lib/thumb/v6-m/nofp\libc_nano.a(libc_a-msizer.o)
 .debug_frame   0x0000490c       0x20 C:/ST/STM32CubeIDE_1.18.1/STM32CubeIDE/plugins/com.st.stm32cube.ide.mcu.externaltools.gnu-tools-for-stm32.13.3.rel1.win32_1.0.0.202411081344/tools/bin/../lib/gcc/arm-none-eabi/13.3.1/thumb/v6-m/nofp\libgcc.a(_udivsi3.o)
 .debug_frame   0x0000492c       0x20 C:/ST/STM32CubeIDE_1.18.1/STM32CubeIDE/plugins/com.st.stm32cube.ide.mcu.externaltools.gnu-tools-for-stm32.13.3.rel1.win32_1.0.0.202411081344/tools/bin/../lib/gcc/arm-none-eabi/13.3.1/thumb/v6-m/nofp\libgcc.a(_divsi3.o)

.debug_line_str
                0x00000000       0x67
 .debug_line_str
                0x00000000       0x67 ./Core/Startup/startup_stm32c031g6ux.o