../Core/Src/main.c:83:5:main	8	static
../Core/Src/main.c:144:6:SystemClock_Config	88	static
../Core/Src/main.c:192:13:MX_I2C1_Init	8	static
../Core/Src/main.c:226:13:MX_I2S3_Init	8	static
../Core/Src/main.c:260:13:MX_SPI1_Init	8	static
../Core/Src/main.c:298:13:MX_TIM4_Init	48	static
../Core/Src/main.c:347:13:MX_USART2_UART_Init	8	static
../Core/Src/main.c:380:13:MX_USART3_UART_Init	8	static
../Core/Src/main.c:413:13:MX_GPIO_Init	56	static
../Core/Src/main.c:508:6:HAL_GPIO_EXTI_Callback	16	static
../Core/Src/main.c:517:6:Error_Handler	4	static,ignoring_inline_asm
