17:20:14 **** Incremental Build of configuration Debug for project Braille_firmware ****
make -j12 all 
arm-none-eabi-gcc "../Core/Src/arq.c" -mcpu=cortex-m0plus -std=gnu11 -g3 -DDEBUG -DUSE_HAL_DRIVER -DSTM32C031xx -c -I../Core/Inc -I../Drivers/STM32C0xx_HAL_Driver/Inc -I../Drivers/STM32C0xx_HAL_Driver/Inc/Legacy -I../Drivers/CMSIS/Device/ST/STM32C0xx/Include -I../Drivers/CMSIS/Include -O0 -ffunction-sections -fdata-sections -Wall -fstack-usage -fcyclomatic-complexity -MMD -MP -MF"Core/Src/arq.d" -MT"Core/Src/arq.o" --specs=nano.specs -mfloat-abi=soft -mthumb -o "Core/Src/arq.o"
arm-none-eabi-gcc "../Core/Src/frame.c" -mcpu=cortex-m0plus -std=gnu11 -g3 -DDEBUG -DUSE_HAL_DRIVER -DSTM32C031xx -c -I../Core/Inc -I../Drivers/STM32C0xx_HAL_Driver/Inc -I../Drivers/STM32C0xx_HAL_Driver/Inc/Legacy -I../Drivers/CMSIS/Device/ST/STM32C0xx/Include -I../Drivers/CMSIS/Include -O0 -ffunction-sections -fdata-sections -Wall -fstack-usage -fcyclomatic-complexity -MMD -MP -MF"Core/Src/frame.d" -MT"Core/Src/frame.o" --specs=nano.specs -mfloat-abi=soft -mthumb -o "Core/Src/frame.o"
arm-none-eabi-gcc "../Core/Src/logic.c" -mcpu=cortex-m0plus -std=gnu11 -g3 -DDEBUG -DUSE_HAL_DRIVER -DSTM32C031xx -c -I../Core/Inc -I../Drivers/STM32C0xx_HAL_Driver/Inc -I../Drivers/STM32C0xx_HAL_Driver/Inc/Legacy -I../Drivers/CMSIS/Device/ST/STM32C0xx/Include -I../Drivers/CMSIS/Include -O0 -ffunction-sections -fdata-sections -Wall -fstack-usage -fcyclomatic-complexity -MMD -MP -MF"Core/Src/logic.d" -MT"Core/Src/logic.o" --specs=nano.specs -mfloat-abi=soft -mthumb -o "Core/Src/logic.o"
arm-none-eabi-gcc "../Core/Src/main.c" -mcpu=cortex-m0plus -std=gnu11 -g3 -DDEBUG -DUSE_HAL_DRIVER -DSTM32C031xx -c -I../Core/Inc -I../Drivers/STM32C0xx_HAL_Driver/Inc -I../Drivers/STM32C0xx_HAL_Driver/Inc/Legacy -I../Drivers/CMSIS/Device/ST/STM32C0xx/Include -I../Drivers/CMSIS/Include -O0 -ffunction-sections -fdata-sections -Wall -fstack-usage -fcyclomatic-complexity -MMD -MP -MF"Core/Src/main.d" -MT"Core/Src/main.o" --specs=nano.specs -mfloat-abi=soft -mthumb -o "Core/Src/main.o"
../Core/Src/arq.c: In function 'Handle_Frame':
../Core/Src/arq.c:112:9: warning: implicit declaration of function 'ARQ_OnPong' [-Wimplicit-function-declaration]
  112 |         ARQ_OnPong(h->seq);
      |         ^~~~~~~~~~
../Core/Src/arq.c: In function 'ARQ_Tick':
../Core/Src/arq.c:130:13: warning: implicit declaration of function 'TimePassed' [-Wimplicit-function-declaration]
  130 |         if (TimePassed(NowMs(), arq.t_expire_ms)) {
      |             ^~~~~~~~~~
../Core/Src/arq.c:130:24: warning: implicit declaration of function 'NowMs' [-Wimplicit-function-declaration]
  130 |         if (TimePassed(NowMs(), arq.t_expire_ms)) {
      |                        ^~~~~
../Core/Src/arq.c:133:17: warning: implicit declaration of function 'Logic_OnSendFailed' [-Wimplicit-function-declaration]
  133 |                 Logic_OnSendFailed(arq.pending_seq);
      |                 ^~~~~~~~~~~~~~~~~~
../Core/Src/arq.c:139:17: warning: implicit declaration of function 'Comms_SendRaw'; did you mean 'Comms_SendFrame'? [-Wimplicit-function-declaration]
  139 |                 Comms_SendRaw(arq.frame, arq.frame_len);
      |                 ^~~~~~~~~~~~~
      |                 Comms_SendFrame
../Core/Src/arq.c: In function 'ARQ_OnAckReceived':
../Core/Src/arq.c:173:9: warning: implicit declaration of function 'Logic_OnSendOk' [-Wimplicit-function-declaration]
  173 |         Logic_OnSendOk(seq);
      |         ^~~~~~~~~~~~~~
arm-none-eabi-gcc -o "Braille_firmware.elf" @"objects.list"   -mcpu=cortex-m0plus -T"C:\Users\santiago\Documents\Tesis\Braille_Display\Codes\Braille_firmware\STM32C031G6UX_FLASH.ld" --specs=nosys.specs -Wl,-Map="Braille_firmware.map" -Wl,--gc-sections -static --specs=nano.specs -mfloat-abi=soft -mthumb -Wl,--start-group -lc -lm -Wl,--end-group
Finished building target: Braille_firmware.elf
 
arm-none-eabi-size  Braille_firmware.elf 
arm-none-eabi-objdump -h -S Braille_firmware.elf  > "Braille_firmware.list"
   text	   data	    bss	    dec	    hex	filename
  28208	     96	   2672	  30976	   7900	Braille_firmware.elf
Finished building: default.size.stdout
 
Finished building: Braille_firmware.list
 

17:20:15 Build Finished. 0 errors, 6 warnings. (took 952ms)

