12:35:47 **** Build of configuration Debug for project Braille_firmware ****
make -j12 all 
arm-none-eabi-size  Braille_firmware.elf 
   text	   data	    bss	    dec	    hex	filename
  31608	     96	   4936	  36640	   8f20	Braille_firmware.elf
Finished building: default.size.stdout
 
13:25:54 **** Incremental Build of configuration Debug for project Braille_firmware ****
make -j12 all 
arm-none-eabi-size  Braille_firmware.elf 
   text	   data	    bss	    dec	    hex	filename
  31608	     96	   4936	  36640	   8f20	Braille_firmware.elf
Finished building: default.size.stdout
 
13:26:09 **** Incremental Build of configuration Debug for project Braille_firmware ****
make -j12 all 
arm-none-eabi-size  Braille_firmware.elf 
   text	   data	    bss	    dec	    hex	filename
  31608	     96	   4936	  36640	   8f20	Braille_firmware.elf
Finished building: default.size.stdout
 
13:26:18 **** Incremental Build of configuration Debug for project Braille_firmware ****
make -j12 all 
arm-none-eabi-size  Braille_firmware.elf 
   text	   data	    bss	    dec	    hex	filename
  31608	     96	   4936	  36640	   8f20	Braille_firmware.elf
Finished building: default.size.stdout
 
13:26:29 **** Incremental Build of configuration Debug for project Braille_firmware ****
make -j12 all 
arm-none-eabi-size  Braille_firmware.elf 
   text	   data	    bss	    dec	    hex	filename
  31608	     96	   4936	  36640	   8f20	Braille_firmware.elf
Finished building: default.size.stdout
 
13:26:38 **** Incremental Build of configuration Debug for project Braille_firmware ****
make -j12 all 
arm-none-eabi-size  Braille_firmware.elf 
   text	   data	    bss	    dec	    hex	filename
  31608	     96	   4936	  36640	   8f20	Braille_firmware.elf
Finished building: default.size.stdout
 
13:30:02 **** Incremental Build of configuration Debug for project Braille_firmware ****
make -j12 all 
arm-none-eabi-size  Braille_firmware.elf 
   text	   data	    bss	    dec	    hex	filename
  31608	     96	   4936	  36640	   8f20	Braille_firmware.elf
Finished building: default.size.stdout
 
13:30:39 **** Incremental Build of configuration Debug for project Braille_firmware ****
make -j12 all 
arm-none-eabi-size  Braille_firmware.elf 
   text	   data	    bss	    dec	    hex	filename
  31608	     96	   4936	  36640	   8f20	Braille_firmware.elf
Finished building: default.size.stdout
 
13:30:59 **** Incremental Build of configuration Debug for project Braille_firmware ****
make -j12 all 
arm-none-eabi-size  Braille_firmware.elf 
   text	   data	    bss	    dec	    hex	filename
  31608	     96	   4936	  36640	   8f20	Braille_firmware.elf
Finished building: default.size.stdout
 
13:32:08 **** Incremental Build of configuration Debug for project Braille_firmware ****
make -j12 all 
arm-none-eabi-size  Braille_firmware.elf 
   text	   data	    bss	    dec	    hex	filename
  31608	     96	   4936	  36640	   8f20	Braille_firmware.elf
Finished building: default.size.stdout
 
13:33:54 **** Incremental Build of configuration Debug for project Braille_firmware ****
make -j12 all 
arm-none-eabi-size  Braille_firmware.elf 
   text	   data	    bss	    dec	    hex	filename
  31608	     96	   4936	  36640	   8f20	Braille_firmware.elf
Finished building: default.size.stdout
 
13:34:00 **** Incremental Build of configuration Debug for project Braille_firmware ****
make -j12 all 
arm-none-eabi-size  Braille_firmware.elf 
   text	   data	    bss	    dec	    hex	filename
  31608	     96	   4936	  36640	   8f20	Braille_firmware.elf
Finished building: default.size.stdout
 
13:34:24 **** Incremental Build of configuration Debug for project Braille_firmware ****
make -j12 all 
arm-none-eabi-size  Braille_firmware.elf 
   text	   data	    bss	    dec	    hex	filename
  31608	     96	   4936	  36640	   8f20	Braille_firmware.elf
Finished building: default.size.stdout
 
13:34:33 **** Incremental Build of configuration Debug for project Braille_firmware ****
make -j12 all 
arm-none-eabi-size  Braille_firmware.elf 
   text	   data	    bss	    dec	    hex	filename
  31608	     96	   4936	  36640	   8f20	Braille_firmware.elf
Finished building: default.size.stdout
 
13:34:45 **** Incremental Build of configuration Debug for project Braille_firmware ****
make -j12 all 
arm-none-eabi-size  Braille_firmware.elf 
   text	   data	    bss	    dec	    hex	filename
  31608	     96	   4936	  36640	   8f20	Braille_firmware.elf
Finished building: default.size.stdout
 
13:34:51 **** Incremental Build of configuration Debug for project Braille_firmware ****
make -j12 all 
arm-none-eabi-size  Braille_firmware.elf 
   text	   data	    bss	    dec	    hex	filename
  31608	     96	   4936	  36640	   8f20	Braille_firmware.elf
Finished building: default.size.stdout
 
13:35:12 **** Incremental Build of configuration Debug for project Braille_firmware ****
make -j12 all 
arm-none-eabi-size  Braille_firmware.elf 
   text	   data	    bss	    dec	    hex	filename
  31608	     96	   4936	  36640	   8f20	Braille_firmware.elf
Finished building: default.size.stdout
 
13:35:17 **** Incremental Build of configuration Debug for project Braille_firmware ****
make -j12 all 
arm-none-eabi-size  Braille_firmware.elf 
   text	   data	    bss	    dec	    hex	filename
  31608	     96	   4936	  36640	   8f20	Braille_firmware.elf
Finished building: default.size.stdout
 
13:35:21 **** Incremental Build of configuration Debug for project Braille_firmware ****
make -j12 all 
arm-none-eabi-size  Braille_firmware.elf 
   text	   data	    bss	    dec	    hex	filename
  31608	     96	   4936	  36640	   8f20	Braille_firmware.elf
Finished building: default.size.stdout
 
13:35:29 **** Incremental Build of configuration Debug for project Braille_firmware ****
make -j12 all 
arm-none-eabi-size  Braille_firmware.elf 
   text	   data	    bss	    dec	    hex	filename
  31608	     96	   4936	  36640	   8f20	Braille_firmware.elf
Finished building: default.size.stdout
 
13:35:56 **** Incremental Build of configuration Debug for project Braille_firmware ****
make -j12 all 
arm-none-eabi-size  Braille_firmware.elf 
   text	   data	    bss	    dec	    hex	filename
  31608	     96	   4936	  36640	   8f20	Braille_firmware.elf
Finished building: default.size.stdout
 
13:36:06 **** Incremental Build of configuration Debug for project Braille_firmware ****
make -j12 all 
arm-none-eabi-size  Braille_firmware.elf 
   text	   data	    bss	    dec	    hex	filename
  31608	     96	   4936	  36640	   8f20	Braille_firmware.elf
Finished building: default.size.stdout
 
13:36:11 **** Incremental Build of configuration Debug for project Braille_firmware ****
make -j12 all 
arm-none-eabi-size  Braille_firmware.elf 
   text	   data	    bss	    dec	    hex	filename
  31608	     96	   4936	  36640	   8f20	Braille_firmware.elf
Finished building: default.size.stdout
 
13:36:38 **** Incremental Build of configuration Debug for project Braille_firmware ****
make -j12 all 
arm-none-eabi-size  Braille_firmware.elf 
   text	   data	    bss	    dec	    hex	filename
  31608	     96	   4936	  36640	   8f20	Braille_firmware.elf
Finished building: default.size.stdout
 
13:37:42 **** Incremental Build of configuration Debug for project Braille_firmware ****
make -j12 all 
arm-none-eabi-size  Braille_firmware.elf 
   text	   data	    bss	    dec	    hex	filename
  31608	     96	   4936	  36640	   8f20	Braille_firmware.elf
Finished building: default.size.stdout
 
13:38:11 **** Incremental Build of configuration Debug for project Braille_firmware ****
make -j12 all 
arm-none-eabi-size  Braille_firmware.elf 
   text	   data	    bss	    dec	    hex	filename
  31608	     96	   4936	  36640	   8f20	Braille_firmware.elf
Finished building: default.size.stdout
 
13:38:18 **** Incremental Build of configuration Debug for project Braille_firmware ****
make -j12 all 
arm-none-eabi-size  Braille_firmware.elf 
   text	   data	    bss	    dec	    hex	filename
  31608	     96	   4936	  36640	   8f20	Braille_firmware.elf
Finished building: default.size.stdout
 
13:38:44 **** Incremental Build of configuration Debug for project Braille_firmware ****
make -j12 all 
arm-none-eabi-size  Braille_firmware.elf 
   text	   data	    bss	    dec	    hex	filename
  31608	     96	   4936	  36640	   8f20	Braille_firmware.elf
Finished building: default.size.stdout
 
13:38:59 **** Incremental Build of configuration Debug for project Braille_firmware ****
make -j12 all 
arm-none-eabi-size  Braille_firmware.elf 
   text	   data	    bss	    dec	    hex	filename
  31608	     96	   4936	  36640	   8f20	Braille_firmware.elf
Finished building: default.size.stdout
 
13:39:20 **** Incremental Build of configuration Debug for project Braille_firmware ****
make -j12 all 
arm-none-eabi-size  Braille_firmware.elf 
   text	   data	    bss	    dec	    hex	filename
  31608	     96	   4936	  36640	   8f20	Braille_firmware.elf
Finished building: default.size.stdout
 
13:40:43 **** Incremental Build of configuration Debug for project Braille_firmware ****
make -j12 all 
arm-none-eabi-size  Braille_firmware.elf 
   text	   data	    bss	    dec	    hex	filename
  31608	     96	   4936	  36640	   8f20	Braille_firmware.elf
Finished building: default.size.stdout
 
13:40:48 **** Incremental Build of configuration Debug for project Braille_firmware ****
make -j12 all 
arm-none-eabi-size  Braille_firmware.elf 
   text	   data	    bss	    dec	    hex	filename
  31608	     96	   4936	  36640	   8f20	Braille_firmware.elf
Finished building: default.size.stdout
 
13:40:53 **** Incremental Build of configuration Debug for project Braille_firmware ****
make -j12 all 
arm-none-eabi-size  Braille_firmware.elf 
   text	   data	    bss	    dec	    hex	filename
  31608	     96	   4936	  36640	   8f20	Braille_firmware.elf
Finished building: default.size.stdout
 
13:41:25 **** Incremental Build of configuration Debug for project Braille_firmware ****
make -j12 all 
arm-none-eabi-size  Braille_firmware.elf 
   text	   data	    bss	    dec	    hex	filename
  31608	     96	   4936	  36640	   8f20	Braille_firmware.elf
Finished building: default.size.stdout
 
13:41:35 **** Incremental Build of configuration Debug for project Braille_firmware ****
make -j12 all 
arm-none-eabi-size  Braille_firmware.elf 
   text	   data	    bss	    dec	    hex	filename
  31608	     96	   4936	  36640	   8f20	Braille_firmware.elf
Finished building: default.size.stdout
 
13:41:41 **** Incremental Build of configuration Debug for project Braille_firmware ****
make -j12 all 
arm-none-eabi-size  Braille_firmware.elf 
   text	   data	    bss	    dec	    hex	filename
  31608	     96	   4936	  36640	   8f20	Braille_firmware.elf
Finished building: default.size.stdout
 
13:42:35 **** Incremental Build of configuration Debug for project Braille_firmware ****
make -j12 all 
arm-none-eabi-size  Braille_firmware.elf 
   text	   data	    bss	    dec	    hex	filename
  31608	     96	   4936	  36640	   8f20	Braille_firmware.elf
Finished building: default.size.stdout
 
13:43:08 **** Incremental Build of configuration Debug for project Braille_firmware ****
make -j12 all 
arm-none-eabi-size  Braille_firmware.elf 
   text	   data	    bss	    dec	    hex	filename
  31608	     96	   4936	  36640	   8f20	Braille_firmware.elf
Finished building: default.size.stdout
 
13:43:30 **** Incremental Build of configuration Debug for project Braille_firmware ****
make -j12 all 
arm-none-eabi-size  Braille_firmware.elf 
   text	   data	    bss	    dec	    hex	filename
  31608	     96	   4936	  36640	   8f20	Braille_firmware.elf
Finished building: default.size.stdout
 
13:43:46 **** Incremental Build of configuration Debug for project Braille_firmware ****
make -j12 all 
arm-none-eabi-size  Braille_firmware.elf 
   text	   data	    bss	    dec	    hex	filename
  31608	     96	   4936	  36640	   8f20	Braille_firmware.elf
Finished building: default.size.stdout
 
13:43:58 **** Incremental Build of configuration Debug for project Braille_firmware ****
make -j12 all 
arm-none-eabi-size  Braille_firmware.elf 
   text	   data	    bss	    dec	    hex	filename
  31608	     96	   4936	  36640	   8f20	Braille_firmware.elf
Finished building: default.size.stdout
 
13:47:36 **** Incremental Build of configuration Debug for project Braille_firmware ****
make -j12 all 
arm-none-eabi-size  Braille_firmware.elf 
   text	   data	    bss	    dec	    hex	filename
  31608	     96	   4936	  36640	   8f20	Braille_firmware.elf
Finished building: default.size.stdout
 
13:49:47 **** Incremental Build of configuration Debug for project Braille_firmware ****
make -j12 all 
arm-none-eabi-size  Braille_firmware.elf 
   text	   data	    bss	    dec	    hex	filename
  31608	     96	   4936	  36640	   8f20	Braille_firmware.elf
Finished building: default.size.stdout
 
13:51:37 **** Incremental Build of configuration Debug for project Braille_firmware ****
make -j12 all 
arm-none-eabi-size  Braille_firmware.elf 
   text	   data	    bss	    dec	    hex	filename
  31608	     96	   4936	  36640	   8f20	Braille_firmware.elf
Finished building: default.size.stdout
 
13:52:41 **** Incremental Build of configuration Debug for project Braille_firmware ****
make -j12 all 
arm-none-eabi-size  Braille_firmware.elf 
   text	   data	    bss	    dec	    hex	filename
  31608	     96	   4936	  36640	   8f20	Braille_firmware.elf
Finished building: default.size.stdout
 
14:08:49 **** Incremental Build of configuration Debug for project Braille_firmware ****
make -j12 all 
arm-none-eabi-size  Braille_firmware.elf 
   text	   data	    bss	    dec	    hex	filename
  31608	     96	   4936	  36640	   8f20	Braille_firmware.elf
Finished building: default.size.stdout
 
14:08:56 **** Incremental Build of configuration Debug for project Braille_firmware ****
make -j12 all 
arm-none-eabi-size  Braille_firmware.elf 
   text	   data	    bss	    dec	    hex	filename
  31608	     96	   4936	  36640	   8f20	Braille_firmware.elf
Finished building: default.size.stdout
 
14:09:02 **** Incremental Build of configuration Debug for project Braille_firmware ****
make -j12 all 
arm-none-eabi-size  Braille_firmware.elf 
   text	   data	    bss	    dec	    hex	filename
  31608	     96	   4936	  36640	   8f20	Braille_firmware.elf
Finished building: default.size.stdout
 
14:12:41 **** Incremental Build of configuration Debug for project Braille_firmware ****
make -j12 all 
arm-none-eabi-size  Braille_firmware.elf 
   text	   data	    bss	    dec	    hex	filename
  31608	     96	   4936	  36640	   8f20	Braille_firmware.elf
Finished building: default.size.stdout
 
14:13:25 **** Incremental Build of configuration Debug for project Braille_firmware ****
make -j12 all 
arm-none-eabi-size  Braille_firmware.elf 
   text	   data	    bss	    dec	    hex	filename
  31608	     96	   4936	  36640	   8f20	Braille_firmware.elf
Finished building: default.size.stdout
 
14:13:55 **** Incremental Build of configuration Debug for project Braille_firmware ****
make -j12 all 
arm-none-eabi-size  Braille_firmware.elf 
   text	   data	    bss	    dec	    hex	filename
  31608	     96	   4936	  36640	   8f20	Braille_firmware.elf
Finished building: default.size.stdout
 
14:14:55 **** Incremental Build of configuration Debug for project Braille_firmware ****
make -j12 all 
arm-none-eabi-size  Braille_firmware.elf 
   text	   data	    bss	    dec	    hex	filename
  31608	     96	   4936	  36640	   8f20	Braille_firmware.elf
Finished building: default.size.stdout
 
14:23:18 **** Incremental Build of configuration Debug for project Braille_firmware ****
make -j12 all 
arm-none-eabi-size  Braille_firmware.elf 
   text	   data	    bss	    dec	    hex	filename
  31608	     96	   4936	  36640	   8f20	Braille_firmware.elf
Finished building: default.size.stdout
 
14:25:10 **** Incremental Build of configuration Debug for project Braille_firmware ****
make -j12 all 
arm-none-eabi-size  Braille_firmware.elf 
   text	   data	    bss	    dec	    hex	filename
  31608	     96	   4936	  36640	   8f20	Braille_firmware.elf
Finished building: default.size.stdout
 
14:29:43 **** Incremental Build of configuration Debug for project Braille_firmware ****
make -j12 all 
arm-none-eabi-size  Braille_firmware.elf 
   text	   data	    bss	    dec	    hex	filename
  31608	     96	   4936	  36640	   8f20	Braille_firmware.elf
Finished building: default.size.stdout
 
14:41:31 **** Build of configuration Debug for project Braille_firmware ****
make -j12 all 
arm-none-eabi-gcc "../Core/Src/arq.c" -mcpu=cortex-m0plus -std=gnu11 -g3 -DDEBUG -DUSE_HAL_DRIVER -DSTM32C031xx -c -I../Core/Inc -I../Drivers/STM32C0xx_HAL_Driver/Inc -I../Drivers/STM32C0xx_HAL_Driver/Inc/Legacy -I../Drivers/CMSIS/Device/ST/STM32C0xx/Include -I../Drivers/CMSIS/Include -O0 -ffunction-sections -fdata-sections -Wall -fstack-usage -fcyclomatic-complexity -MMD -MP -MF"Core/Src/arq.d" -MT"Core/Src/arq.o" --specs=nano.specs -mfloat-abi=soft -mthumb -o "Core/Src/arq.o"
arm-none-eabi-gcc "../Core/Src/frame.c" -mcpu=cortex-m0plus -std=gnu11 -g3 -DDEBUG -DUSE_HAL_DRIVER -DSTM32C031xx -c -I../Core/Inc -I../Drivers/STM32C0xx_HAL_Driver/Inc -I../Drivers/STM32C0xx_HAL_Driver/Inc/Legacy -I../Drivers/CMSIS/Device/ST/STM32C0xx/Include -I../Drivers/CMSIS/Include -O0 -ffunction-sections -fdata-sections -Wall -fstack-usage -fcyclomatic-complexity -MMD -MP -MF"Core/Src/frame.d" -MT"Core/Src/frame.o" --specs=nano.specs -mfloat-abi=soft -mthumb -o "Core/Src/frame.o"
arm-none-eabi-gcc "../Core/Src/logic.c" -mcpu=cortex-m0plus -std=gnu11 -g3 -DDEBUG -DUSE_HAL_DRIVER -DSTM32C031xx -c -I../Core/Inc -I../Drivers/STM32C0xx_HAL_Driver/Inc -I../Drivers/STM32C0xx_HAL_Driver/Inc/Legacy -I../Drivers/CMSIS/Device/ST/STM32C0xx/Include -I../Drivers/CMSIS/Include -O0 -ffunction-sections -fdata-sections -Wall -fstack-usage -fcyclomatic-complexity -MMD -MP -MF"Core/Src/logic.d" -MT"Core/Src/logic.o" --specs=nano.specs -mfloat-abi=soft -mthumb -o "Core/Src/logic.o"
arm-none-eabi-gcc "../Core/Src/main.c" -mcpu=cortex-m0plus -std=gnu11 -g3 -DDEBUG -DUSE_HAL_DRIVER -DSTM32C031xx -c -I../Core/Inc -I../Drivers/STM32C0xx_HAL_Driver/Inc -I../Drivers/STM32C0xx_HAL_Driver/Inc/Legacy -I../Drivers/CMSIS/Device/ST/STM32C0xx/Include -I../Drivers/CMSIS/Include -O0 -ffunction-sections -fdata-sections -Wall -fstack-usage -fcyclomatic-complexity -MMD -MP -MF"Core/Src/main.d" -MT"Core/Src/main.o" --specs=nano.specs -mfloat-abi=soft -mthumb -o "Core/Src/main.o"
arm-none-eabi-gcc -o "Braille_firmware.elf" @"objects.list"   -mcpu=cortex-m0plus -T"C:\Users\santiago\Documents\Tesis\Braille_Display\Codes\Braille_firmware\STM32C031G6UX_FLASH.ld" --specs=nosys.specs -Wl,-Map="Braille_firmware.map" -Wl,--gc-sections -static --specs=nano.specs -mfloat-abi=soft -mthumb -Wl,--start-group -lc -lm -Wl,--end-group
Finished building target: Braille_firmware.elf
 
arm-none-eabi-size  Braille_firmware.elf 
arm-none-eabi-objdump -h -S Braille_firmware.elf  > "Braille_firmware.list"
   text	   data	    bss	    dec	    hex	filename
  31504	     96	   3160	  34760	   87c8	Braille_firmware.elf
Finished building: default.size.stdout
 
Finished building: Braille_firmware.list
 
14:47:07 **** Incremental Build of configuration Debug for project Braille_firmware ****
make -j12 all 
arm-none-eabi-gcc "../Core/Src/logic.c" -mcpu=cortex-m0plus -std=gnu11 -g3 -DDEBUG -DUSE_HAL_DRIVER -DSTM32C031xx -c -I../Core/Inc -I../Drivers/STM32C0xx_HAL_Driver/Inc -I../Drivers/STM32C0xx_HAL_Driver/Inc/Legacy -I../Drivers/CMSIS/Device/ST/STM32C0xx/Include -I../Drivers/CMSIS/Include -O0 -ffunction-sections -fdata-sections -Wall -fstack-usage -fcyclomatic-complexity -MMD -MP -MF"Core/Src/logic.d" -MT"Core/Src/logic.o" --specs=nano.specs -mfloat-abi=soft -mthumb -o "Core/Src/logic.o"
arm-none-eabi-gcc -o "Braille_firmware.elf" @"objects.list"   -mcpu=cortex-m0plus -T"C:\Users\santiago\Documents\Tesis\Braille_Display\Codes\Braille_firmware\STM32C031G6UX_FLASH.ld" --specs=nosys.specs -Wl,-Map="Braille_firmware.map" -Wl,--gc-sections -static --specs=nano.specs -mfloat-abi=soft -mthumb -Wl,--start-group -lc -lm -Wl,--end-group
Finished building target: Braille_firmware.elf
 
arm-none-eabi-size  Braille_firmware.elf 
arm-none-eabi-objdump -h -S Braille_firmware.elf  > "Braille_firmware.list"
   text	   data	    bss	    dec	    hex	filename
  31548	     96	   3160	  34804	   87f4	Braille_firmware.elf
Finished building: default.size.stdout
 
Finished building: Braille_firmware.list
 
14:47:57 **** Incremental Build of configuration Debug for project Braille_firmware ****
make -j12 all 
arm-none-eabi-size  Braille_firmware.elf 
   text	   data	    bss	    dec	    hex	filename
  31548	     96	   3160	  34804	   87f4	Braille_firmware.elf
Finished building: default.size.stdout
 
14:54:40 **** Incremental Build of configuration Debug for project Braille_firmware ****
make -j12 all 
arm-none-eabi-size  Braille_firmware.elf 
   text	   data	    bss	    dec	    hex	filename
  31548	     96	   3160	  34804	   87f4	Braille_firmware.elf
Finished building: default.size.stdout
 
14:58:46 **** Incremental Build of configuration Debug for project Braille_firmware ****
make -j12 all 
arm-none-eabi-size  Braille_firmware.elf 
   text	   data	    bss	    dec	    hex	filename
  31548	     96	   3160	  34804	   87f4	Braille_firmware.elf
Finished building: default.size.stdout
 
15:00:04 **** Incremental Build of configuration Debug for project Braille_firmware ****
make -j12 all 
arm-none-eabi-size  Braille_firmware.elf 
   text	   data	    bss	    dec	    hex	filename
  31548	     96	   3160	  34804	   87f4	Braille_firmware.elf
Finished building: default.size.stdout
 
15:12:35 **** Incremental Build of configuration Debug for project Braille_firmware ****
make -j12 all 
arm-none-eabi-gcc "../Core/Src/logic.c" -mcpu=cortex-m0plus -std=gnu11 -g3 -DDEBUG -DUSE_HAL_DRIVER -DSTM32C031xx -c -I../Core/Inc -I../Drivers/STM32C0xx_HAL_Driver/Inc -I../Drivers/STM32C0xx_HAL_Driver/Inc/Legacy -I../Drivers/CMSIS/Device/ST/STM32C0xx/Include -I../Drivers/CMSIS/Include -O0 -ffunction-sections -fdata-sections -Wall -fstack-usage -fcyclomatic-complexity -MMD -MP -MF"Core/Src/logic.d" -MT"Core/Src/logic.o" --specs=nano.specs -mfloat-abi=soft -mthumb -o "Core/Src/logic.o"
arm-none-eabi-gcc -o "Braille_firmware.elf" @"objects.list"   -mcpu=cortex-m0plus -T"C:\Users\santiago\Documents\Tesis\Braille_Display\Codes\Braille_firmware\STM32C031G6UX_FLASH.ld" --specs=nosys.specs -Wl,-Map="Braille_firmware.map" -Wl,--gc-sections -static --specs=nano.specs -mfloat-abi=soft -mthumb -Wl,--start-group -lc -lm -Wl,--end-group
Finished building target: Braille_firmware.elf
 
arm-none-eabi-size  Braille_firmware.elf 
arm-none-eabi-objdump -h -S Braille_firmware.elf  > "Braille_firmware.list"
   text	   data	    bss	    dec	    hex	filename
  31524	     96	   3160	  34780	   87dc	Braille_firmware.elf
Finished building: default.size.stdout
 
Finished building: Braille_firmware.list
 
15:19:25 **** Incremental Build of configuration Debug for project Braille_firmware ****
make -j12 all 
arm-none-eabi-size  Braille_firmware.elf 
   text	   data	    bss	    dec	    hex	filename
  31524	     96	   3160	  34780	   87dc	Braille_firmware.elf
Finished building: default.size.stdout
 
15:19:49 **** Incremental Build of configuration Debug for project Braille_firmware ****
make -j12 all 
arm-none-eabi-size  Braille_firmware.elf 
   text	   data	    bss	    dec	    hex	filename
  31524	     96	   3160	  34780	   87dc	Braille_firmware.elf
Finished building: default.size.stdout
 
15:20:37 **** Incremental Build of configuration Debug for project Braille_firmware ****
make -j12 all 
arm-none-eabi-size  Braille_firmware.elf 
   text	   data	    bss	    dec	    hex	filename
  31524	     96	   3160	  34780	   87dc	Braille_firmware.elf
Finished building: default.size.stdout
 
15:23:11 **** Incremental Build of configuration Debug for project Braille_firmware ****
make -j12 all 
arm-none-eabi-gcc "../Core/Src/logic.c" -mcpu=cortex-m0plus -std=gnu11 -g3 -DDEBUG -DUSE_HAL_DRIVER -DSTM32C031xx -c -I../Core/Inc -I../Drivers/STM32C0xx_HAL_Driver/Inc -I../Drivers/STM32C0xx_HAL_Driver/Inc/Legacy -I../Drivers/CMSIS/Device/ST/STM32C0xx/Include -I../Drivers/CMSIS/Include -O0 -ffunction-sections -fdata-sections -Wall -fstack-usage -fcyclomatic-complexity -MMD -MP -MF"Core/Src/logic.d" -MT"Core/Src/logic.o" --specs=nano.specs -mfloat-abi=soft -mthumb -o "Core/Src/logic.o"
../Core/Src/logic.c: In function 'handle_seq_relay':
../Core/Src/logic.c:281:13: warning: unused variable 'n' [-Wunused-variable]
  281 |         int n = snprintf(out, sizeof(out), "SEQ:%s%c", seq, (my_letter ? my_letter : '?'));
      |             ^
arm-none-eabi-gcc -o "Braille_firmware.elf" @"objects.list"   -mcpu=cortex-m0plus -T"C:\Users\santiago\Documents\Tesis\Braille_Display\Codes\Braille_firmware\STM32C031G6UX_FLASH.ld" --specs=nosys.specs -Wl,-Map="Braille_firmware.map" -Wl,--gc-sections -static --specs=nano.specs -mfloat-abi=soft -mthumb -Wl,--start-group -lc -lm -Wl,--end-group
Finished building target: Braille_firmware.elf
 
arm-none-eabi-size  Braille_firmware.elf 
arm-none-eabi-objdump -h -S Braille_firmware.elf  > "Braille_firmware.list"
   text	   data	    bss	    dec	    hex	filename
  31484	     96	   3160	  34740	   87b4	Braille_firmware.elf
Finished building: default.size.stdout
 
Finished building: Braille_firmware.list
 
15:28:41 **** Incremental Build of configuration Debug for project Braille_firmware ****
make -j12 all 
arm-none-eabi-gcc "../Core/Src/logic.c" -mcpu=cortex-m0plus -std=gnu11 -g3 -DDEBUG -DUSE_HAL_DRIVER -DSTM32C031xx -c -I../Core/Inc -I../Drivers/STM32C0xx_HAL_Driver/Inc -I../Drivers/STM32C0xx_HAL_Driver/Inc/Legacy -I../Drivers/CMSIS/Device/ST/STM32C0xx/Include -I../Drivers/CMSIS/Include -O0 -ffunction-sections -fdata-sections -Wall -fstack-usage -fcyclomatic-complexity -MMD -MP -MF"Core/Src/logic.d" -MT"Core/Src/logic.o" --specs=nano.specs -mfloat-abi=soft -mthumb -o "Core/Src/logic.o"
../Core/Src/logic.c: In function 'handle_seq_relay':
../Core/Src/logic.c:277:21: warning: unused variable 'seq' [-Wunused-variable]
  277 |         const char* seq = s + 4;
      |                     ^~~
../Core/Src/logic.c: At top level:
../Core/Src/logic.c:307:13: warning: 'first_try_kick_seq' defined but not used [-Wunused-function]
  307 | static void first_try_kick_seq(void){
      |             ^~~~~~~~~~~~~~~~~~
../Core/Src/logic.c: In function 'handle_seq_relay':
../Core/Src/logic.c:286:26: warning: 'seq_only' may be used uninitialized [-Wmaybe-uninitialized]
  286 |                 if( (int)strlen(seq_only) == (int)word_len && strncmp(seq_only, original_word, word_len)==0){
      |                          ^~~~~~~~~~~~~~~~
In file included from ../Core/Inc/frame.h:14,
                 from ../Core/Inc/logic.h:12,
                 from ../Core/Src/logic.c:9:
C:\ST\STM32CubeIDE_1.18.1\STM32CubeIDE\plugins\com.st.stm32cube.ide.mcu.externaltools.gnu-tools-for-stm32.13.3.rel1.win32_1.0.0.202411081344\tools\bin/../lib/gcc/arm-none-eabi/13.3.1/../../../../arm-none-eabi/include/string.h:41:10: note: by argument 1 of type 'const char *' to 'strlen' declared here
   41 | size_t   strlen (const char *);
      |          ^~~~~~
../Core/Src/logic.c:278:14: note: 'out' declared here
  278 |         char out[UART_BUFFER_SIZE];
      |              ^~~
../Core/Src/logic.c:286:63: warning: 'seq_only' may be used uninitialized [-Wmaybe-uninitialized]
  286 |                 if( (int)strlen(seq_only) == (int)word_len && strncmp(seq_only, original_word, word_len)==0){
      |                                                               ^~~~~~~~~~~~~~~~~~~~~~~~~~~~~~~~~~~~~~~~~~
C:\ST\STM32CubeIDE_1.18.1\STM32CubeIDE\plugins\com.st.stm32cube.ide.mcu.externaltools.gnu-tools-for-stm32.13.3.rel1.win32_1.0.0.202411081344\tools\bin/../lib/gcc/arm-none-eabi/13.3.1/../../../../arm-none-eabi/include/string.h:43:10: note: by argument 1 of type 'const char *' to 'strncmp' declared here
   43 | int      strncmp (const char *, const char *, size_t);
      |          ^~~~~~~
../Core/Src/logic.c:278:14: note: 'out' declared here
  278 |         char out[UART_BUFFER_SIZE];
      |              ^~~
arm-none-eabi-gcc -o "Braille_firmware.elf" @"objects.list"   -mcpu=cortex-m0plus -T"C:\Users\santiago\Documents\Tesis\Braille_Display\Codes\Braille_firmware\STM32C031G6UX_FLASH.ld" --specs=nosys.specs -Wl,-Map="Braille_firmware.map" -Wl,--gc-sections -static --specs=nano.specs -mfloat-abi=soft -mthumb -Wl,--start-group -lc -lm -Wl,--end-group
Finished building target: Braille_firmware.elf
 
arm-none-eabi-size  Braille_firmware.elf 
arm-none-eabi-objdump -h -S Braille_firmware.elf  > "Braille_firmware.list"
   text	   data	    bss	    dec	    hex	filename
  31252	     96	   3160	  34508	   86cc	Braille_firmware.elf
Finished building: default.size.stdout
 
Finished building: Braille_firmware.list
 
15:30:37 **** Incremental Build of configuration Debug for project Braille_firmware ****
make -j12 all 
arm-none-eabi-gcc "../Core/Src/logic.c" -mcpu=cortex-m0plus -std=gnu11 -g3 -DDEBUG -DUSE_HAL_DRIVER -DSTM32C031xx -c -I../Core/Inc -I../Drivers/STM32C0xx_HAL_Driver/Inc -I../Drivers/STM32C0xx_HAL_Driver/Inc/Legacy -I../Drivers/CMSIS/Device/ST/STM32C0xx/Include -I../Drivers/CMSIS/Include -O0 -ffunction-sections -fdata-sections -Wall -fstack-usage -fcyclomatic-complexity -MMD -MP -MF"Core/Src/logic.d" -MT"Core/Src/logic.o" --specs=nano.specs -mfloat-abi=soft -mthumb -o "Core/Src/logic.o"
../Core/Src/logic.c:307:13: warning: 'first_try_kick_seq' defined but not used [-Wunused-function]
  307 | static void first_try_kick_seq(void){
      |             ^~~~~~~~~~~~~~~~~~
arm-none-eabi-gcc -o "Braille_firmware.elf" @"objects.list"   -mcpu=cortex-m0plus -T"C:\Users\santiago\Documents\Tesis\Braille_Display\Codes\Braille_firmware\STM32C031G6UX_FLASH.ld" --specs=nosys.specs -Wl,-Map="Braille_firmware.map" -Wl,--gc-sections -static --specs=nano.specs -mfloat-abi=soft -mthumb -Wl,--start-group -lc -lm -Wl,--end-group
Finished building target: Braille_firmware.elf
 
arm-none-eabi-size  Braille_firmware.elf 
arm-none-eabi-objdump -h -S Braille_firmware.elf  > "Braille_firmware.list"
   text	   data	    bss	    dec	    hex	filename
  31308	     96	   3160	  34564	   8704	Braille_firmware.elf
Finished building: default.size.stdout
 
Finished building: Braille_firmware.list
 
15:32:56 **** Incremental Build of configuration Debug for project Braille_firmware ****
make -j12 all 
arm-none-eabi-gcc "../Core/Src/logic.c" -mcpu=cortex-m0plus -std=gnu11 -g3 -DDEBUG -DUSE_HAL_DRIVER -DSTM32C031xx -c -I../Core/Inc -I../Drivers/STM32C0xx_HAL_Driver/Inc -I../Drivers/STM32C0xx_HAL_Driver/Inc/Legacy -I../Drivers/CMSIS/Device/ST/STM32C0xx/Include -I../Drivers/CMSIS/Include -O0 -ffunction-sections -fdata-sections -Wall -fstack-usage -fcyclomatic-complexity -MMD -MP -MF"Core/Src/logic.d" -MT"Core/Src/logic.o" --specs=nano.specs -mfloat-abi=soft -mthumb -o "Core/Src/logic.o"
../Core/Src/logic.c:307:13: warning: 'first_try_kick_seq' defined but not used [-Wunused-function]
  307 | static void first_try_kick_seq(void){
      |             ^~~~~~~~~~~~~~~~~~
arm-none-eabi-gcc -o "Braille_firmware.elf" @"objects.list"   -mcpu=cortex-m0plus -T"C:\Users\santiago\Documents\Tesis\Braille_Display\Codes\Braille_firmware\STM32C031G6UX_FLASH.ld" --specs=nosys.specs -Wl,-Map="Braille_firmware.map" -Wl,--gc-sections -static --specs=nano.specs -mfloat-abi=soft -mthumb -Wl,--start-group -lc -lm -Wl,--end-group
Finished building target: Braille_firmware.elf
 
arm-none-eabi-size  Braille_firmware.elf 
arm-none-eabi-objdump -h -S Braille_firmware.elf  > "Braille_firmware.list"
   text	   data	    bss	    dec	    hex	filename
  31320	     96	   3160	  34576	   8710	Braille_firmware.elf
Finished building: default.size.stdout
 
Finished building: Braille_firmware.list
 
15:44:21 **** Incremental Build of configuration Debug for project Braille_firmware ****
make -j12 all 
arm-none-eabi-gcc "../Core/Src/logic.c" -mcpu=cortex-m0plus -std=gnu11 -g3 -DDEBUG -DUSE_HAL_DRIVER -DSTM32C031xx -c -I../Core/Inc -I../Drivers/STM32C0xx_HAL_Driver/Inc -I../Drivers/STM32C0xx_HAL_Driver/Inc/Legacy -I../Drivers/CMSIS/Device/ST/STM32C0xx/Include -I../Drivers/CMSIS/Include -O0 -ffunction-sections -fdata-sections -Wall -fstack-usage -fcyclomatic-complexity -MMD -MP -MF"Core/Src/logic.d" -MT"Core/Src/logic.o" --specs=nano.specs -mfloat-abi=soft -mthumb -o "Core/Src/logic.o"
../Core/Src/logic.c:307:13: warning: 'first_try_kick_seq' defined but not used [-Wunused-function]
  307 | static void first_try_kick_seq(void){
      |             ^~~~~~~~~~~~~~~~~~
arm-none-eabi-gcc -o "Braille_firmware.elf" @"objects.list"   -mcpu=cortex-m0plus -T"C:\Users\santiago\Documents\Tesis\Braille_Display\Codes\Braille_firmware\STM32C031G6UX_FLASH.ld" --specs=nosys.specs -Wl,-Map="Braille_firmware.map" -Wl,--gc-sections -static --specs=nano.specs -mfloat-abi=soft -mthumb -Wl,--start-group -lc -lm -Wl,--end-group
Finished building target: Braille_firmware.elf
 
arm-none-eabi-size  Braille_firmware.elf 
arm-none-eabi-objdump -h -S Braille_firmware.elf  > "Braille_firmware.list"
   text	   data	    bss	    dec	    hex	filename
  31364	     96	   3160	  34620	   873c	Braille_firmware.elf
Finished building: default.size.stdout
 
Finished building: Braille_firmware.list
 
15:44:41 **** Incremental Build of configuration Debug for project Braille_firmware ****
make -j12 all 
arm-none-eabi-size  Braille_firmware.elf 
   text	   data	    bss	    dec	    hex	filename
  31364	     96	   3160	  34620	   873c	Braille_firmware.elf
Finished building: default.size.stdout
 
15:51:13 **** Incremental Build of configuration Debug for project Braille_firmware ****
make -j12 all 
arm-none-eabi-gcc "../Core/Src/logic.c" -mcpu=cortex-m0plus -std=gnu11 -g3 -DDEBUG -DUSE_HAL_DRIVER -DSTM32C031xx -c -I../Core/Inc -I../Drivers/STM32C0xx_HAL_Driver/Inc -I../Drivers/STM32C0xx_HAL_Driver/Inc/Legacy -I../Drivers/CMSIS/Device/ST/STM32C0xx/Include -I../Drivers/CMSIS/Include -O0 -ffunction-sections -fdata-sections -Wall -fstack-usage -fcyclomatic-complexity -MMD -MP -MF"Core/Src/logic.d" -MT"Core/Src/logic.o" --specs=nano.specs -mfloat-abi=soft -mthumb -o "Core/Src/logic.o"
arm-none-eabi-gcc -o "Braille_firmware.elf" @"objects.list"   -mcpu=cortex-m0plus -T"C:\Users\santiago\Documents\Tesis\Braille_Display\Codes\Braille_firmware\STM32C031G6UX_FLASH.ld" --specs=nosys.specs -Wl,-Map="Braille_firmware.map" -Wl,--gc-sections -static --specs=nano.specs -mfloat-abi=soft -mthumb -Wl,--start-group -lc -lm -Wl,--end-group
Finished building target: Braille_firmware.elf
 
arm-none-eabi-size  Braille_firmware.elf 
arm-none-eabi-objdump -h -S Braille_firmware.elf  > "Braille_firmware.list"
   text	   data	    bss	    dec	    hex	filename
  31544	     96	   3160	  34800	   87f0	Braille_firmware.elf
Finished building: default.size.stdout
 
Finished building: Braille_firmware.list
 
16:06:57 **** Incremental Build of configuration Debug for project Braille_firmware ****
make -j12 all 
arm-none-eabi-size  Braille_firmware.elf 
   text	   data	    bss	    dec	    hex	filename
  31544	     96	   3160	  34800	   87f0	Braille_firmware.elf
Finished building: default.size.stdout
 
