02:31:18 **** Incremental Build of configuration Debug for project Braille_firmware ****
make -j12 all 
arm-none-eabi-gcc "../Core/Src/logic.c" -mcpu=cortex-m0plus -std=gnu11 -g3 -DDEBUG -DUSE_HAL_DRIVER -DSTM32C031xx -c -I../Core/Inc -I../Drivers/STM32C0xx_HAL_Driver/Inc -I../Drivers/STM32C0xx_HAL_Driver/Inc/Legacy -I../Drivers/CMSIS/Device/ST/STM32C0xx/Include -I../Drivers/CMSIS/Include -O0 -ffunction-sections -fdata-sections -Wall -fstack-usage -fcyclomatic-complexity -MMD -MP -MF"Core/Src/logic.d" -MT"Core/Src/logic.o" --specs=nano.specs -mfloat-abi=soft -mthumb -o "Core/Src/logic.o"
arm-none-eabi-gcc -o "Braille_firmware.elf" @"objects.list"   -mcpu=cortex-m0plus -T"C:\Users\santiago\Documents\Tesis\Braille_Display\Codes\Braille_firmware\STM32C031G6UX_FLASH.ld" --specs=nosys.specs -Wl,-Map="Braille_firmware.map" -Wl,--gc-sections -static --specs=nano.specs -mfloat-abi=soft -mthumb -Wl,--start-group -lc -lm -Wl,--end-group
Finished building target: Braille_firmware.elf
 
arm-none-eabi-size  Braille_firmware.elf 
arm-none-eabi-objdump -h -S Braille_firmware.elf  > "Braille_firmware.list"
   text	   data	    bss	    dec	    hex	filename
  31920	     96	   3392	  35408	   8a50	Braille_firmware.elf
Finished building: default.size.stdout
 
Finished building: Braille_firmware.list
 
02:31:24 **** Incremental Build of configuration Debug for project Braille_firmware ****
make -j12 all 
arm-none-eabi-size  Braille_firmware.elf 
   text	   data	    bss	    dec	    hex	filename
  31920	     96	   3392	  35408	   8a50	Braille_firmware.elf
Finished building: default.size.stdout
 
02:31:36 **** Incremental Build of configuration Debug for project Braille_firmware ****
make -j12 all 
arm-none-eabi-size  Braille_firmware.elf 
   text	   data	    bss	    dec	    hex	filename
  31920	     96	   3392	  35408	   8a50	Braille_firmware.elf
Finished building: default.size.stdout
 
02:32:01 **** Incremental Build of configuration Debug for project Braille_firmware ****
make -j12 all 
arm-none-eabi-size  Braille_firmware.elf 
   text	   data	    bss	    dec	    hex	filename
  31920	     96	   3392	  35408	   8a50	Braille_firmware.elf
Finished building: default.size.stdout
 
02:35:15 **** Incremental Build of configuration Debug for project Braille_firmware ****
make -j12 all 
arm-none-eabi-size  Braille_firmware.elf 
   text	   data	    bss	    dec	    hex	filename
  31920	     96	   3392	  35408	   8a50	Braille_firmware.elf
Finished building: default.size.stdout
 
02:38:55 **** Incremental Build of configuration Debug for project Braille_firmware ****
make -j12 all 
arm-none-eabi-size  Braille_firmware.elf 
   text	   data	    bss	    dec	    hex	filename
  31920	     96	   3392	  35408	   8a50	Braille_firmware.elf
Finished building: default.size.stdout
 
03:40:10 **** Incremental Build of configuration Debug for project Braille_firmware ****
make -j12 all 
arm-none-eabi-gcc "../Core/Src/logic.c" -mcpu=cortex-m0plus -std=gnu11 -g3 -DDEBUG -DUSE_HAL_DRIVER -DSTM32C031xx -c -I../Core/Inc -I../Drivers/STM32C0xx_HAL_Driver/Inc -I../Drivers/STM32C0xx_HAL_Driver/Inc/Legacy -I../Drivers/CMSIS/Device/ST/STM32C0xx/Include -I../Drivers/CMSIS/Include -O0 -ffunction-sections -fdata-sections -Wall -fstack-usage -fcyclomatic-complexity -MMD -MP -MF"Core/Src/logic.d" -MT"Core/Src/logic.o" --specs=nano.specs -mfloat-abi=soft -mthumb -o "Core/Src/logic.o"
arm-none-eabi-gcc -o "Braille_firmware.elf" @"objects.list"   -mcpu=cortex-m0plus -T"C:\Users\santiago\Documents\Tesis\Braille_Display\Codes\Braille_firmware\STM32C031G6UX_FLASH.ld" --specs=nosys.specs -Wl,-Map="Braille_firmware.map" -Wl,--gc-sections -static --specs=nano.specs -mfloat-abi=soft -mthumb -Wl,--start-group -lc -lm -Wl,--end-group
Finished building target: Braille_firmware.elf
 
arm-none-eabi-size  Braille_firmware.elf 
arm-none-eabi-objdump -h -S Braille_firmware.elf  > "Braille_firmware.list"
   text	   data	    bss	    dec	    hex	filename
  32528	     96	   3512	  36136	   8d28	Braille_firmware.elf
Finished building: default.size.stdout
 
Finished building: Braille_firmware.list
 
03:40:26 **** Incremental Build of configuration Debug for project Braille_firmware ****
make -j12 all 
arm-none-eabi-size  Braille_firmware.elf 
   text	   data	    bss	    dec	    hex	filename
  32528	     96	   3512	  36136	   8d28	Braille_firmware.elf
Finished building: default.size.stdout
 
03:42:38 **** Incremental Build of configuration Debug for project Braille_firmware ****
make -j12 all 
arm-none-eabi-size  Braille_firmware.elf 
   text	   data	    bss	    dec	    hex	filename
  32528	     96	   3512	  36136	   8d28	Braille_firmware.elf
Finished building: default.size.stdout
 
03:42:53 **** Incremental Build of configuration Debug for project Braille_firmware ****
make -j12 all 
arm-none-eabi-size  Braille_firmware.elf 
   text	   data	    bss	    dec	    hex	filename
  32528	     96	   3512	  36136	   8d28	Braille_firmware.elf
Finished building: default.size.stdout
 
03:51:51 **** Incremental Build of configuration Debug for project Braille_firmware ****
make -j12 all 
arm-none-eabi-size  Braille_firmware.elf 
   text	   data	    bss	    dec	    hex	filename
  32528	     96	   3512	  36136	   8d28	Braille_firmware.elf
Finished building: default.size.stdout
 
03:52:14 **** Incremental Build of configuration Debug for project Braille_firmware ****
make -j12 all 
arm-none-eabi-size  Braille_firmware.elf 
   text	   data	    bss	    dec	    hex	filename
  32528	     96	   3512	  36136	   8d28	Braille_firmware.elf
Finished building: default.size.stdout
 
03:53:33 **** Incremental Build of configuration Debug for project Braille_firmware ****
make -j12 all 
arm-none-eabi-size  Braille_firmware.elf 
   text	   data	    bss	    dec	    hex	filename
  32528	     96	   3512	  36136	   8d28	Braille_firmware.elf
Finished building: default.size.stdout
 
03:55:31 **** Incremental Build of configuration Debug for project Braille_firmware ****
make -j12 all 
arm-none-eabi-size  Braille_firmware.elf 
   text	   data	    bss	    dec	    hex	filename
  32528	     96	   3512	  36136	   8d28	Braille_firmware.elf
Finished building: default.size.stdout
 
04:10:37 **** Incremental Build of configuration Debug for project Braille_firmware ****
make -j12 all 
arm-none-eabi-gcc "../Core/Src/logic.c" -mcpu=cortex-m0plus -std=gnu11 -g3 -DDEBUG -DUSE_HAL_DRIVER -DSTM32C031xx -c -I../Core/Inc -I../Drivers/STM32C0xx_HAL_Driver/Inc -I../Drivers/STM32C0xx_HAL_Driver/Inc/Legacy -I../Drivers/CMSIS/Device/ST/STM32C0xx/Include -I../Drivers/CMSIS/Include -O0 -ffunction-sections -fdata-sections -Wall -fstack-usage -fcyclomatic-complexity -MMD -MP -MF"Core/Src/logic.d" -MT"Core/Src/logic.o" --specs=nano.specs -mfloat-abi=soft -mthumb -o "Core/Src/logic.o"
arm-none-eabi-gcc -o "Braille_firmware.elf" @"objects.list"   -mcpu=cortex-m0plus -T"C:\Users\santiago\Documents\Tesis\Braille_Display\Codes\Braille_firmware\STM32C031G6UX_FLASH.ld" --specs=nosys.specs -Wl,-Map="Braille_firmware.map" -Wl,--gc-sections -static --specs=nano.specs -mfloat-abi=soft -mthumb -Wl,--start-group -lc -lm -Wl,--end-group
Finished building target: Braille_firmware.elf
 
arm-none-eabi-size  Braille_firmware.elf 
arm-none-eabi-objdump -h -S Braille_firmware.elf  > "Braille_firmware.list"
   text	   data	    bss	    dec	    hex	filename
  32532	     96	   3512	  36140	   8d2c	Braille_firmware.elf
Finished building: default.size.stdout
 
Finished building: Braille_firmware.list
 
04:10:52 **** Incremental Build of configuration Debug for project Braille_firmware ****
make -j12 all 
arm-none-eabi-size  Braille_firmware.elf 
   text	   data	    bss	    dec	    hex	filename
  32532	     96	   3512	  36140	   8d2c	Braille_firmware.elf
Finished building: default.size.stdout
 
04:11:12 **** Incremental Build of configuration Debug for project Braille_firmware ****
make -j12 all 
arm-none-eabi-size  Braille_firmware.elf 
   text	   data	    bss	    dec	    hex	filename
  32532	     96	   3512	  36140	   8d2c	Braille_firmware.elf
Finished building: default.size.stdout
 
04:11:58 **** Incremental Build of configuration Debug for project Braille_firmware ****
make -j12 all 
arm-none-eabi-size  Braille_firmware.elf 
   text	   data	    bss	    dec	    hex	filename
  32532	     96	   3512	  36140	   8d2c	Braille_firmware.elf
Finished building: default.size.stdout
 
04:12:22 **** Incremental Build of configuration Debug for project Braille_firmware ****
make -j12 all 
arm-none-eabi-size  Braille_firmware.elf 
   text	   data	    bss	    dec	    hex	filename
  32532	     96	   3512	  36140	   8d2c	Braille_firmware.elf
Finished building: default.size.stdout
 
04:12:52 **** Incremental Build of configuration Debug for project Braille_firmware ****
make -j12 all 
arm-none-eabi-size  Braille_firmware.elf 
   text	   data	    bss	    dec	    hex	filename
  32532	     96	   3512	  36140	   8d2c	Braille_firmware.elf
Finished building: default.size.stdout
 
04:26:10 **** Incremental Build of configuration Debug for project Braille_firmware ****
make -j12 all 
arm-none-eabi-gcc "../Core/Src/logic.c" -mcpu=cortex-m0plus -std=gnu11 -g3 -DDEBUG -DUSE_HAL_DRIVER -DSTM32C031xx -c -I../Core/Inc -I../Drivers/STM32C0xx_HAL_Driver/Inc -I../Drivers/STM32C0xx_HAL_Driver/Inc/Legacy -I../Drivers/CMSIS/Device/ST/STM32C0xx/Include -I../Drivers/CMSIS/Include -O0 -ffunction-sections -fdata-sections -Wall -fstack-usage -fcyclomatic-complexity -MMD -MP -MF"Core/Src/logic.d" -MT"Core/Src/logic.o" --specs=nano.specs -mfloat-abi=soft -mthumb -o "Core/Src/logic.o"
arm-none-eabi-gcc -o "Braille_firmware.elf" @"objects.list"   -mcpu=cortex-m0plus -T"C:\Users\santiago\Documents\Tesis\Braille_Display\Codes\Braille_firmware\STM32C031G6UX_FLASH.ld" --specs=nosys.specs -Wl,-Map="Braille_firmware.map" -Wl,--gc-sections -static --specs=nano.specs -mfloat-abi=soft -mthumb -Wl,--start-group -lc -lm -Wl,--end-group
Finished building target: Braille_firmware.elf
 
arm-none-eabi-size  Braille_firmware.elf 
arm-none-eabi-objdump -h -S Braille_firmware.elf  > "Braille_firmware.list"
   text	   data	    bss	    dec	    hex	filename
  32544	     96	   3512	  36152	   8d38	Braille_firmware.elf
Finished building: default.size.stdout
 
Finished building: Braille_firmware.list
 
04:26:31 **** Incremental Build of configuration Debug for project Braille_firmware ****
make -j12 all 
arm-none-eabi-size  Braille_firmware.elf 
   text	   data	    bss	    dec	    hex	filename
  32544	     96	   3512	  36152	   8d38	Braille_firmware.elf
Finished building: default.size.stdout
 
04:26:50 **** Incremental Build of configuration Debug for project Braille_firmware ****
make -j12 all 
arm-none-eabi-size  Braille_firmware.elf 
   text	   data	    bss	    dec	    hex	filename
  32544	     96	   3512	  36152	   8d38	Braille_firmware.elf
Finished building: default.size.stdout
 
04:29:11 **** Incremental Build of configuration Debug for project Braille_firmware ****
make -j12 all 
arm-none-eabi-size  Braille_firmware.elf 
   text	   data	    bss	    dec	    hex	filename
  32544	     96	   3512	  36152	   8d38	Braille_firmware.elf
Finished building: default.size.stdout
 
04:31:07 **** Incremental Build of configuration Debug for project Braille_firmware ****
make -j12 all 
arm-none-eabi-size  Braille_firmware.elf 
   text	   data	    bss	    dec	    hex	filename
  32544	     96	   3512	  36152	   8d38	Braille_firmware.elf
Finished building: default.size.stdout
 
04:33:49 **** Incremental Build of configuration Debug for project Braille_firmware ****
make -j12 all 
arm-none-eabi-size  Braille_firmware.elf 
   text	   data	    bss	    dec	    hex	filename
  32544	     96	   3512	  36152	   8d38	Braille_firmware.elf
Finished building: default.size.stdout
 
