11:57:13 **** Incremental Build of configuration Debug for project beep_AGV ****
make -j12 all 
arm-none-eabi-size  beep_AGV.elf 
   text	   data	    bss	    dec	    hex	filename
   5896	     12	   1572	   7480	   1d38	beep_AGV.elf
Finished building: default.size.stdout
 
12:28:55 **** Incremental Build of configuration Debug for project beep_AGV ****
make -j12 all 
arm-none-eabi-size  beep_AGV.elf 
   text	   data	    bss	    dec	    hex	filename
   5896	     12	   1572	   7480	   1d38	beep_AGV.elf
Finished building: default.size.stdout
 
12:31:02 **** Incremental Build of configuration Debug for project beep_AGV ****
make -j12 all 
arm-none-eabi-size  beep_AGV.elf 
   text	   data	    bss	    dec	    hex	filename
   5896	     12	   1572	   7480	   1d38	beep_AGV.elf
Finished building: default.size.stdout
 
12:31:13 **** Incremental Build of configuration Debug for project beep_AGV ****
make -j12 all 
arm-none-eabi-size  beep_AGV.elf 
   text	   data	    bss	    dec	    hex	filename
   5896	     12	   1572	   7480	   1d38	beep_AGV.elf
Finished building: default.size.stdout
 
12:31:25 **** Incremental Build of configuration Debug for project beep_AGV ****
make -j12 all 
arm-none-eabi-size  beep_AGV.elf 
   text	   data	    bss	    dec	    hex	filename
   5896	     12	   1572	   7480	   1d38	beep_AGV.elf
Finished building: default.size.stdout
 
12:56:42 **** Build of configuration Debug for project Braille_firmware ****
make -j12 all 
arm-none-eabi-gcc "../Core/Src/comms.c" -mcpu=cortex-m0plus -std=gnu11 -g3 -DDEBUG -DUSE_HAL_DRIVER -DSTM32C031xx -c -I../Core/Inc -I../Drivers/STM32C0xx_HAL_Driver/Inc -I../Drivers/STM32C0xx_HAL_Driver/Inc/Legacy -I../Drivers/CMSIS/Device/ST/STM32C0xx/Include -I../Drivers/CMSIS/Include -O0 -ffunction-sections -fdata-sections -Wall -fstack-usage -fcyclomatic-complexity -MMD -MP -MF"Core/Src/comms.d" -MT"Core/Src/comms.o" --specs=nano.specs -mfloat-abi=soft -mthumb -o "Core/Src/comms.o"
arm-none-eabi-gcc -o "Braille_firmware.elf" @"objects.list"   -mcpu=cortex-m0plus -T"C:\Users\santiago\Documents\Tesis\Codes\Braille_firmware\STM32C031G6UX_FLASH.ld" --specs=nosys.specs -Wl,-Map="Braille_firmware.map" -Wl,--gc-sections -static --specs=nano.specs -mfloat-abi=soft -mthumb -Wl,--start-group -lc -lm -Wl,--end-group
Finished building target: Braille_firmware.elf
 
arm-none-eabi-size  Braille_firmware.elf 
arm-none-eabi-objdump -h -S Braille_firmware.elf  > "Braille_firmware.list"
   text	   data	    bss	    dec	    hex	filename
  28020	     96	   2664	  30780	   783c	Braille_firmware.elf
Finished building: default.size.stdout
 
Finished building: Braille_firmware.list
 
12:57:06 **** Incremental Build of configuration Debug for project Braille_firmware ****
make -j12 all 
arm-none-eabi-size  Braille_firmware.elf 
   text	   data	    bss	    dec	    hex	filename
  28020	     96	   2664	  30780	   783c	Braille_firmware.elf
Finished building: default.size.stdout
 
12:57:25 **** Incremental Build of configuration Debug for project Braille_firmware ****
make -j12 all 
arm-none-eabi-size  Braille_firmware.elf 
   text	   data	    bss	    dec	    hex	filename
  28020	     96	   2664	  30780	   783c	Braille_firmware.elf
Finished building: default.size.stdout
 
13:22:20 **** Incremental Build of configuration Debug for project Braille_firmware ****
make -j12 all 
arm-none-eabi-gcc "../Core/Src/comms.c" -mcpu=cortex-m0plus -std=gnu11 -g3 -DDEBUG -DUSE_HAL_DRIVER -DSTM32C031xx -c -I../Core/Inc -I../Drivers/STM32C0xx_HAL_Driver/Inc -I../Drivers/STM32C0xx_HAL_Driver/Inc/Legacy -I../Drivers/CMSIS/Device/ST/STM32C0xx/Include -I../Drivers/CMSIS/Include -O0 -ffunction-sections -fdata-sections -Wall -fstack-usage -fcyclomatic-complexity -MMD -MP -MF"Core/Src/comms.d" -MT"Core/Src/comms.o" --specs=nano.specs -mfloat-abi=soft -mthumb -o "Core/Src/comms.o"
arm-none-eabi-gcc -o "Braille_firmware.elf" @"objects.list"   -mcpu=cortex-m0plus -T"C:\Users\santiago\Documents\Tesis\Codes\Braille_firmware\STM32C031G6UX_FLASH.ld" --specs=nosys.specs -Wl,-Map="Braille_firmware.map" -Wl,--gc-sections -static --specs=nano.specs -mfloat-abi=soft -mthumb -Wl,--start-group -lc -lm -Wl,--end-group
Finished building target: Braille_firmware.elf
 
arm-none-eabi-size  Braille_firmware.elf 
arm-none-eabi-objdump -h -S Braille_firmware.elf  > "Braille_firmware.list"
   text	   data	    bss	    dec	    hex	filename
  28120	     96	   2664	  30880	   78a0	Braille_firmware.elf
Finished building: default.size.stdout
 
Finished building: Braille_firmware.list
 
14:59:12 **** Incremental Build of configuration Debug for project Braille_firmware ****
make -j12 all 
arm-none-eabi-size  Braille_firmware.elf 
   text	   data	    bss	    dec	    hex	filename
  28120	     96	   2664	  30880	   78a0	Braille_firmware.elf
Finished building: default.size.stdout
 
15:04:30 **** Incremental Build of configuration Debug for project Braille_firmware ****
make -j12 all 
arm-none-eabi-size  Braille_firmware.elf 
   text	   data	    bss	    dec	    hex	filename
  28120	     96	   2664	  30880	   78a0	Braille_firmware.elf
Finished building: default.size.stdout
 
15:05:33 **** Incremental Build of configuration Debug for project Braille_firmware ****
make -j12 all 
arm-none-eabi-size  Braille_firmware.elf 
   text	   data	    bss	    dec	    hex	filename
  28120	     96	   2664	  30880	   78a0	Braille_firmware.elf
Finished building: default.size.stdout
 
15:05:53 **** Incremental Build of configuration Debug for project Braille_firmware ****
make -j12 all 
arm-none-eabi-size  Braille_firmware.elf 
   text	   data	    bss	    dec	    hex	filename
  28120	     96	   2664	  30880	   78a0	Braille_firmware.elf
Finished building: default.size.stdout
 
15:06:14 **** Incremental Build of configuration Debug for project Braille_firmware ****
make -j12 all 
arm-none-eabi-size  Braille_firmware.elf 
   text	   data	    bss	    dec	    hex	filename
  28120	     96	   2664	  30880	   78a0	Braille_firmware.elf
Finished building: default.size.stdout
 
15:06:30 **** Incremental Build of configuration Debug for project Braille_firmware ****
make -j12 all 
arm-none-eabi-size  Braille_firmware.elf 
   text	   data	    bss	    dec	    hex	filename
  28120	     96	   2664	  30880	   78a0	Braille_firmware.elf
Finished building: default.size.stdout
 
15:07:08 **** Incremental Build of configuration Debug for project Braille_firmware ****
make -j12 all 
arm-none-eabi-size  Braille_firmware.elf 
   text	   data	    bss	    dec	    hex	filename
  28120	     96	   2664	  30880	   78a0	Braille_firmware.elf
Finished building: default.size.stdout
 
15:09:17 **** Incremental Build of configuration Debug for project Braille_firmware ****
make -j12 all 
arm-none-eabi-size  Braille_firmware.elf 
   text	   data	    bss	    dec	    hex	filename
  28120	     96	   2664	  30880	   78a0	Braille_firmware.elf
Finished building: default.size.stdout
 
15:10:45 **** Incremental Build of configuration Debug for project Braille_firmware ****
make -j12 all 
arm-none-eabi-size  Braille_firmware.elf 
   text	   data	    bss	    dec	    hex	filename
  28120	     96	   2664	  30880	   78a0	Braille_firmware.elf
Finished building: default.size.stdout
 
15:18:33 **** Incremental Build of configuration Debug for project Braille_firmware ****
make -j12 all 
arm-none-eabi-gcc "../Core/Src/braille_driver.c" -mcpu=cortex-m0plus -std=gnu11 -g3 -DDEBUG -DUSE_HAL_DRIVER -DSTM32C031xx -c -I../Core/Inc -I../Drivers/STM32C0xx_HAL_Driver/Inc -I../Drivers/STM32C0xx_HAL_Driver/Inc/Legacy -I../Drivers/CMSIS/Device/ST/STM32C0xx/Include -I../Drivers/CMSIS/Include -O0 -ffunction-sections -fdata-sections -Wall -fstack-usage -fcyclomatic-complexity -MMD -MP -MF"Core/Src/braille_driver.d" -MT"Core/Src/braille_driver.o" --specs=nano.specs -mfloat-abi=soft -mthumb -o "Core/Src/braille_driver.o"
arm-none-eabi-gcc -o "Braille_firmware.elf" @"objects.list"   -mcpu=cortex-m0plus -T"C:\Users\santiago\Documents\Tesis\Codes\Braille_firmware\STM32C031G6UX_FLASH.ld" --specs=nosys.specs -Wl,-Map="Braille_firmware.map" -Wl,--gc-sections -static --specs=nano.specs -mfloat-abi=soft -mthumb -Wl,--start-group -lc -lm -Wl,--end-group
Finished building target: Braille_firmware.elf
 
arm-none-eabi-size  Braille_firmware.elf 
arm-none-eabi-objdump -h -S Braille_firmware.elf  > "Braille_firmware.list"
   text	   data	    bss	    dec	    hex	filename
  28120	     96	   2664	  30880	   78a0	Braille_firmware.elf
Finished building: default.size.stdout
 
Finished building: Braille_firmware.list
 
15:19:30 **** Incremental Build of configuration Debug for project Braille_firmware ****
make -j12 all 
arm-none-eabi-gcc "../Core/Src/braille_driver.c" -mcpu=cortex-m0plus -std=gnu11 -g3 -DDEBUG -DUSE_HAL_DRIVER -DSTM32C031xx -c -I../Core/Inc -I../Drivers/STM32C0xx_HAL_Driver/Inc -I../Drivers/STM32C0xx_HAL_Driver/Inc/Legacy -I../Drivers/CMSIS/Device/ST/STM32C0xx/Include -I../Drivers/CMSIS/Include -O0 -ffunction-sections -fdata-sections -Wall -fstack-usage -fcyclomatic-complexity -MMD -MP -MF"Core/Src/braille_driver.d" -MT"Core/Src/braille_driver.o" --specs=nano.specs -mfloat-abi=soft -mthumb -o "Core/Src/braille_driver.o"
arm-none-eabi-gcc -o "Braille_firmware.elf" @"objects.list"   -mcpu=cortex-m0plus -T"C:\Users\santiago\Documents\Tesis\Codes\Braille_firmware\STM32C031G6UX_FLASH.ld" --specs=nosys.specs -Wl,-Map="Braille_firmware.map" -Wl,--gc-sections -static --specs=nano.specs -mfloat-abi=soft -mthumb -Wl,--start-group -lc -lm -Wl,--end-group
Finished building target: Braille_firmware.elf
 
arm-none-eabi-size  Braille_firmware.elf 
arm-none-eabi-objdump -h -S Braille_firmware.elf  > "Braille_firmware.list"
   text	   data	    bss	    dec	    hex	filename
  28120	     96	   2664	  30880	   78a0	Braille_firmware.elf
Finished building: default.size.stdout
 
Finished building: Braille_firmware.list
 
15:27:38 **** Incremental Build of configuration Debug for project Braille_firmware ****
make -j12 all 
arm-none-eabi-gcc "../Core/Src/braille_driver.c" -mcpu=cortex-m0plus -std=gnu11 -g3 -DDEBUG -DUSE_HAL_DRIVER -DSTM32C031xx -c -I../Core/Inc -I../Drivers/STM32C0xx_HAL_Driver/Inc -I../Drivers/STM32C0xx_HAL_Driver/Inc/Legacy -I../Drivers/CMSIS/Device/ST/STM32C0xx/Include -I../Drivers/CMSIS/Include -O0 -ffunction-sections -fdata-sections -Wall -fstack-usage -fcyclomatic-complexity -MMD -MP -MF"Core/Src/braille_driver.d" -MT"Core/Src/braille_driver.o" --specs=nano.specs -mfloat-abi=soft -mthumb -o "Core/Src/braille_driver.o"
arm-none-eabi-gcc -o "Braille_firmware.elf" @"objects.list"   -mcpu=cortex-m0plus -T"C:\Users\santiago\Documents\Tesis\Codes\Braille_firmware\STM32C031G6UX_FLASH.ld" --specs=nosys.specs -Wl,-Map="Braille_firmware.map" -Wl,--gc-sections -static --specs=nano.specs -mfloat-abi=soft -mthumb -Wl,--start-group -lc -lm -Wl,--end-group
Finished building target: Braille_firmware.elf
 
arm-none-eabi-size  Braille_firmware.elf 
arm-none-eabi-objdump -h -S Braille_firmware.elf  > "Braille_firmware.list"
   text	   data	    bss	    dec	    hex	filename
  28108	     96	   2664	  30868	   7894	Braille_firmware.elf
Finished building: default.size.stdout
 
Finished building: Braille_firmware.list
 
15:43:32 **** Incremental Build of configuration Debug for project Braille_firmware ****
make -j12 all 
arm-none-eabi-size  Braille_firmware.elf 
   text	   data	    bss	    dec	    hex	filename
  28108	     96	   2664	  30868	   7894	Braille_firmware.elf
Finished building: default.size.stdout
 
15:46:11 **** Incremental Build of configuration Debug for project Braille_firmware ****
make -j12 all 
arm-none-eabi-gcc "../Core/Src/comms.c" -mcpu=cortex-m0plus -std=gnu11 -g3 -DDEBUG -DUSE_HAL_DRIVER -DSTM32C031xx -c -I../Core/Inc -I../Drivers/STM32C0xx_HAL_Driver/Inc -I../Drivers/STM32C0xx_HAL_Driver/Inc/Legacy -I../Drivers/CMSIS/Device/ST/STM32C0xx/Include -I../Drivers/CMSIS/Include -O0 -ffunction-sections -fdata-sections -Wall -fstack-usage -fcyclomatic-complexity -MMD -MP -MF"Core/Src/comms.d" -MT"Core/Src/comms.o" --specs=nano.specs -mfloat-abi=soft -mthumb -o "Core/Src/comms.o"
arm-none-eabi-gcc -o "Braille_firmware.elf" @"objects.list"   -mcpu=cortex-m0plus -T"C:\Users\santiago\Documents\Tesis\Codes\Braille_firmware\STM32C031G6UX_FLASH.ld" --specs=nosys.specs -Wl,-Map="Braille_firmware.map" -Wl,--gc-sections -static --specs=nano.specs -mfloat-abi=soft -mthumb -Wl,--start-group -lc -lm -Wl,--end-group
Finished building target: Braille_firmware.elf
 
arm-none-eabi-size  Braille_firmware.elf 
arm-none-eabi-objdump -h -S Braille_firmware.elf  > "Braille_firmware.list"
   text	   data	    bss	    dec	    hex	filename
  28112	     96	   2664	  30872	   7898	Braille_firmware.elf
Finished building: default.size.stdout
 
Finished building: Braille_firmware.list
 
15:51:21 **** Incremental Build of configuration Debug for project Braille_firmware ****
make -j12 all 
arm-none-eabi-size  Braille_firmware.elf 
   text	   data	    bss	    dec	    hex	filename
  28112	     96	   2664	  30872	   7898	Braille_firmware.elf
Finished building: default.size.stdout
 
15:51:46 **** Incremental Build of configuration Debug for project Braille_firmware ****
make -j12 all 
arm-none-eabi-size  Braille_firmware.elf 
   text	   data	    bss	    dec	    hex	filename
  28112	     96	   2664	  30872	   7898	Braille_firmware.elf
Finished building: default.size.stdout
 
